Archive member included to satisfy reference by file (symbol)

d:/openstm/plugins/fr.ac6.mcu.externaltools.arm-none.win32_1.17.0.201812190825/tools/compiler/bin/../lib/gcc/arm-none-eabi/7.3.1/thumb/v7e-m/fpv4-sp/hard\libgcc.a(_aeabi_uldivmod.o)
                              Drivers/STM32F4xx_HAL_Driver/Src/stm32f4xx_hal_rcc.o (__aeabi_uldivmod)
d:/openstm/plugins/fr.ac6.mcu.externaltools.arm-none.win32_1.17.0.201812190825/tools/compiler/bin/../lib/gcc/arm-none-eabi/7.3.1/thumb/v7e-m/fpv4-sp/hard\libgcc.a(_udivmoddi4.o)
                              d:/openstm/plugins/fr.ac6.mcu.externaltools.arm-none.win32_1.17.0.201812190825/tools/compiler/bin/../lib/gcc/arm-none-eabi/7.3.1/thumb/v7e-m/fpv4-sp/hard\libgcc.a(_aeabi_uldivmod.o) (__udivmoddi4)
d:/openstm/plugins/fr.ac6.mcu.externaltools.arm-none.win32_1.17.0.201812190825/tools/compiler/bin/../lib/gcc/arm-none-eabi/7.3.1/thumb/v7e-m/fpv4-sp/hard\libgcc.a(_dvmd_tls.o)
                              d:/openstm/plugins/fr.ac6.mcu.externaltools.arm-none.win32_1.17.0.201812190825/tools/compiler/bin/../lib/gcc/arm-none-eabi/7.3.1/thumb/v7e-m/fpv4-sp/hard\libgcc.a(_aeabi_uldivmod.o) (__aeabi_ldiv0)
d:/openstm/plugins/fr.ac6.mcu.externaltools.arm-none.win32_1.17.0.201812190825/tools/compiler/bin/../lib/gcc/arm-none-eabi/7.3.1/../../../../arm-none-eabi/lib/thumb/v7e-m/fpv4-sp/hard\libc_nano.a(lib_a-errno.o)
                              Core/Src/syscalls.o (__errno)
d:/openstm/plugins/fr.ac6.mcu.externaltools.arm-none.win32_1.17.0.201812190825/tools/compiler/bin/../lib/gcc/arm-none-eabi/7.3.1/../../../../arm-none-eabi/lib/thumb/v7e-m/fpv4-sp/hard\libc_nano.a(lib_a-exit.o)
                              d:/openstm/plugins/fr.ac6.mcu.externaltools.arm-none.win32_1.17.0.201812190825/tools/compiler/bin/../lib/gcc/arm-none-eabi/7.3.1/../../../../arm-none-eabi/lib/thumb/v7e-m/fpv4-sp/hard/crt0.o (exit)
d:/openstm/plugins/fr.ac6.mcu.externaltools.arm-none.win32_1.17.0.201812190825/tools/compiler/bin/../lib/gcc/arm-none-eabi/7.3.1/../../../../arm-none-eabi/lib/thumb/v7e-m/fpv4-sp/hard\libc_nano.a(lib_a-impure.o)
                              d:/openstm/plugins/fr.ac6.mcu.externaltools.arm-none.win32_1.17.0.201812190825/tools/compiler/bin/../lib/gcc/arm-none-eabi/7.3.1/../../../../arm-none-eabi/lib/thumb/v7e-m/fpv4-sp/hard\libc_nano.a(lib_a-exit.o) (_global_impure_ptr)
d:/openstm/plugins/fr.ac6.mcu.externaltools.arm-none.win32_1.17.0.201812190825/tools/compiler/bin/../lib/gcc/arm-none-eabi/7.3.1/../../../../arm-none-eabi/lib/thumb/v7e-m/fpv4-sp/hard\libc_nano.a(lib_a-init.o)
                              d:/openstm/plugins/fr.ac6.mcu.externaltools.arm-none.win32_1.17.0.201812190825/tools/compiler/bin/../lib/gcc/arm-none-eabi/7.3.1/../../../../arm-none-eabi/lib/thumb/v7e-m/fpv4-sp/hard/crt0.o (__libc_init_array)
d:/openstm/plugins/fr.ac6.mcu.externaltools.arm-none.win32_1.17.0.201812190825/tools/compiler/bin/../lib/gcc/arm-none-eabi/7.3.1/../../../../arm-none-eabi/lib/thumb/v7e-m/fpv4-sp/hard\libc_nano.a(lib_a-malloc.o)
                              Middlewares/ST/STM32_USB_Host_Library/Class/CDC/Src/usbh_cdc.o (malloc)
d:/openstm/plugins/fr.ac6.mcu.externaltools.arm-none.win32_1.17.0.201812190825/tools/compiler/bin/../lib/gcc/arm-none-eabi/7.3.1/../../../../arm-none-eabi/lib/thumb/v7e-m/fpv4-sp/hard\libc_nano.a(lib_a-memset.o)
                              d:/openstm/plugins/fr.ac6.mcu.externaltools.arm-none.win32_1.17.0.201812190825/tools/compiler/bin/../lib/gcc/arm-none-eabi/7.3.1/../../../../arm-none-eabi/lib/thumb/v7e-m/fpv4-sp/hard/crt0.o (memset)
d:/openstm/plugins/fr.ac6.mcu.externaltools.arm-none.win32_1.17.0.201812190825/tools/compiler/bin/../lib/gcc/arm-none-eabi/7.3.1/../../../../arm-none-eabi/lib/thumb/v7e-m/fpv4-sp/hard\libc_nano.a(lib_a-nano-freer.o)
                              d:/openstm/plugins/fr.ac6.mcu.externaltools.arm-none.win32_1.17.0.201812190825/tools/compiler/bin/../lib/gcc/arm-none-eabi/7.3.1/../../../../arm-none-eabi/lib/thumb/v7e-m/fpv4-sp/hard\libc_nano.a(lib_a-malloc.o) (_free_r)
d:/openstm/plugins/fr.ac6.mcu.externaltools.arm-none.win32_1.17.0.201812190825/tools/compiler/bin/../lib/gcc/arm-none-eabi/7.3.1/../../../../arm-none-eabi/lib/thumb/v7e-m/fpv4-sp/hard\libc_nano.a(lib_a-nano-mallocr.o)
                              d:/openstm/plugins/fr.ac6.mcu.externaltools.arm-none.win32_1.17.0.201812190825/tools/compiler/bin/../lib/gcc/arm-none-eabi/7.3.1/../../../../arm-none-eabi/lib/thumb/v7e-m/fpv4-sp/hard\libc_nano.a(lib_a-malloc.o) (_malloc_r)
d:/openstm/plugins/fr.ac6.mcu.externaltools.arm-none.win32_1.17.0.201812190825/tools/compiler/bin/../lib/gcc/arm-none-eabi/7.3.1/../../../../arm-none-eabi/lib/thumb/v7e-m/fpv4-sp/hard\libc_nano.a(lib_a-sbrkr.o)
                              d:/openstm/plugins/fr.ac6.mcu.externaltools.arm-none.win32_1.17.0.201812190825/tools/compiler/bin/../lib/gcc/arm-none-eabi/7.3.1/../../../../arm-none-eabi/lib/thumb/v7e-m/fpv4-sp/hard\libc_nano.a(lib_a-nano-mallocr.o) (_sbrk_r)
[...]
Memory Configuration

Name             Origin             Length             Attributes
RAM              0x20000000         0x00020000         xrw
CCMRAM           0x10000000         0x00010000         xrw
FLASH            0x08000000         0x00100000         xr
*default*        0x00000000         0xffffffff

Linker script and memory map

LOAD d:/openstm/plugins/fr.ac6.mcu.externaltools.arm-none.win32_1.17.0.201812190825/tools/compiler/bin/../lib/gcc/arm-none-eabi/7.3.1/thumb/v7e-m/fpv4-sp/hard/crti.o
LOAD d:/openstm/plugins/fr.ac6.mcu.externaltools.arm-none.win32_1.17.0.201812190825/tools/compiler/bin/../lib/gcc/arm-none-eabi/7.3.1/thumb/v7e-m/fpv4-sp/hard/crtbegin.o
LOAD d:/openstm/plugins/fr.ac6.mcu.externaltools.arm-none.win32_1.17.0.201812190825/tools/compiler/bin/../lib/gcc/arm-none-eabi/7.3.1/../../../../arm-none-eabi/lib/thumb/v7e-m/fpv4-sp/hard/crt0.o
LOAD Core/Src/gpio.o
LOAD Core/Src/i2c.o
LOAD Core/Src/i2s.o
LOAD Core/Src/main.o
LOAD Core/Src/spi.o
LOAD Core/Src/stm32f4xx_hal_msp.o
LOAD Core/Src/stm32f4xx_it.o
LOAD Core/Src/syscalls.o
LOAD Core/Src/system_stm32f4xx.o
LOAD Drivers/STM32F4xx_HAL_Driver/Src/stm32f4xx_hal.o
LOAD Drivers/STM32F4xx_HAL_Driver/Src/stm32f4xx_hal_cortex.o
LOAD Drivers/STM32F4xx_HAL_Driver/Src/stm32f4xx_hal_dma.o
LOAD Drivers/STM32F4xx_HAL_Driver/Src/stm32f4xx_hal_dma_ex.o
LOAD Drivers/STM32F4xx_HAL_Driver/Src/stm32f4xx_hal_exti.o
LOAD Drivers/STM32F4xx_HAL_Driver/Src/stm32f4xx_hal_flash.o
LOAD Drivers/STM32F4xx_HAL_Driver/Src/stm32f4xx_hal_flash_ex.o
LOAD Drivers/STM32F4xx_HAL_Driver/Src/stm32f4xx_hal_flash_ramfunc.o
LOAD Drivers/STM32F4xx_HAL_Driver/Src/stm32f4xx_hal_gpio.o
LOAD Drivers/STM32F4xx_HAL_Driver/Src/stm32f4xx_hal_hcd.o
LOAD Drivers/STM32F4xx_HAL_Driver/Src/stm32f4xx_hal_i2c.o
LOAD Drivers/STM32F4xx_HAL_Driver/Src/stm32f4xx_hal_i2c_ex.o
LOAD Drivers/STM32F4xx_HAL_Driver/Src/stm32f4xx_hal_i2s.o
LOAD Drivers/STM32F4xx_HAL_Driver/Src/stm32f4xx_hal_i2s_ex.o
LOAD Drivers/STM32F4xx_HAL_Driver/Src/stm32f4xx_hal_pwr.o
LOAD Drivers/STM32F4xx_HAL_Driver/Src/stm32f4xx_hal_pwr_ex.o
LOAD Drivers/STM32F4xx_HAL_Driver/Src/stm32f4xx_hal_rcc.o
LOAD Drivers/STM32F4xx_HAL_Driver/Src/stm32f4xx_hal_rcc_ex.o
LOAD Drivers/STM32F4xx_HAL_Driver/Src/stm32f4xx_hal_spi.o
LOAD Drivers/STM32F4xx_HAL_Driver/Src/stm32f4xx_hal_tim.o
LOAD Drivers/STM32F4xx_HAL_Driver/Src/stm32f4xx_hal_tim_ex.o
LOAD Drivers/STM32F4xx_HAL_Driver/Src/stm32f4xx_ll_usb.o
LOAD Middlewares/ST/STM32_USB_Host_Library/Class/CDC/Src/usbh_cdc.o
LOAD Middlewares/ST/STM32_USB_Host_Library/Core/Src/usbh_core.o
LOAD Middlewares/ST/STM32_USB_Host_Library/Core/Src/usbh_ctlreq.o
LOAD Middlewares/ST/STM32_USB_Host_Library/Core/Src/usbh_ioreq.o
LOAD Middlewares/ST/STM32_USB_Host_Library/Core/Src/usbh_pipes.o
LOAD USB_HOST/App/usb_host.o
LOAD USB_HOST/Target/usbh_conf.o
LOAD USB_HOST/Target/usbh_platform.o
LOAD startup/startup_stm32f407xx.o
LOAD d:/openstm/plugins/fr.ac6.mcu.externaltools.arm-none.win32_1.17.0.201812190825/tools/compiler/bin/../lib/gcc/arm-none-eabi/7.3.1/../../../../arm-none-eabi/lib/thumb/v7e-m/fpv4-sp/hard\libm.a
START GROUP
LOAD d:/openstm/plugins/fr.ac6.mcu.externaltools.arm-none.win32_1.17.0.201812190825/tools/compiler/bin/../lib/gcc/arm-none-eabi/7.3.1/thumb/v7e-m/fpv4-sp/hard\libgcc.a
LOAD d:/openstm/plugins/fr.ac6.mcu.externaltools.arm-none.win32_1.17.0.201812190825/tools/compiler/bin/../lib/gcc/arm-none-eabi/7.3.1/../../../../arm-none-eabi/lib/thumb/v7e-m/fpv4-sp/hard\libc_nano.a
END GROUP
START GROUP
LOAD d:/openstm/plugins/fr.ac6.mcu.externaltools.arm-none.win32_1.17.0.201812190825/tools/compiler/bin/../lib/gcc/arm-none-eabi/7.3.1/thumb/v7e-m/fpv4-sp/hard\libgcc.a
LOAD d:/openstm/plugins/fr.ac6.mcu.externaltools.arm-none.win32_1.17.0.201812190825/tools/compiler/bin/../lib/gcc/arm-none-eabi/7.3.1/../../../../arm-none-eabi/lib/thumb/v7e-m/fpv4-sp/hard\libc_nano.a
LOAD d:/openstm/plugins/fr.ac6.mcu.externaltools.arm-none.win32_1.17.0.201812190825/tools/compiler/bin/../lib/gcc/arm-none-eabi/7.3.1/../../../../arm-none-eabi/lib/thumb/v7e-m/fpv4-sp/hard\libnosys.a
END GROUP
START GROUP
LOAD d:/openstm/plugins/fr.ac6.mcu.externaltools.arm-none.win32_1.17.0.201812190825/tools/compiler/bin/../lib/gcc/arm-none-eabi/7.3.1/thumb/v7e-m/fpv4-sp/hard\libgcc.a
LOAD d:/openstm/plugins/fr.ac6.mcu.externaltools.arm-none.win32_1.17.0.201812190825/tools/compiler/bin/../lib/gcc/arm-none-eabi/7.3.1/../../../../arm-none-eabi/lib/thumb/v7e-m/fpv4-sp/hard\libc_nano.a
LOAD d:/openstm/plugins/fr.ac6.mcu.externaltools.arm-none.win32_1.17.0.201812190825/tools/compiler/bin/../lib/gcc/arm-none-eabi/7.3.1/../../../../arm-none-eabi/lib/thumb/v7e-m/fpv4-sp/hard\libnosys.a
END GROUP
LOAD d:/openstm/plugins/fr.ac6.mcu.externaltools.arm-none.win32_1.17.0.201812190825/tools/compiler/bin/../lib/gcc/arm-none-eabi/7.3.1/thumb/v7e-m/fpv4-sp/hard/crtend.o
LOAD d:/openstm/plugins/fr.ac6.mcu.externaltools.arm-none.win32_1.17.0.201812190825/tools/compiler/bin/../lib/gcc/arm-none-eabi/7.3.1/thumb/v7e-m/fpv4-sp/hard/crtn.o
                0x20020000                _estack = 0x20020000
                0x00000200                _Min_Heap_Size = 0x200
                0x00000400                _Min_Stack_Size = 0x400

.isr_vector     0x08000000      0x188
                0x08000000                . = ALIGN (0x4)
 *(.isr_vector)
 .isr_vector    0x08000000      0x188 startup/startup_stm32f407xx.o
                0x08000000                g_pfnVectors
                0x08000188                . = ALIGN (0x4)

.text           0x08000188     0x4708
                0x08000188                . = ALIGN (0x4)
 *(.text)
 .text          0x08000188       0x40 d:/openstm/plugins/fr.ac6.mcu.externaltools.arm-none.win32_1.17.0.201812190825/tools/compiler/bin/../lib/gcc/arm-none-eabi/7.3.1/thumb/v7e-m/fpv4-sp/hard/crtbegin.o
 .text          0x080001c8       0x30 d:/openstm/plugins/fr.ac6.mcu.externaltools.arm-none.win32_1.17.0.201812190825/tools/compiler/bin/../lib/gcc/arm-none-eabi/7.3.1/thumb/v7e-m/fpv4-sp/hard\libgcc.a(_aeabi_uldivmod.o)
                0x080001c8                __aeabi_uldivmod
 .text          0x080001f8      0x2cc d:/openstm/plugins/fr.ac6.mcu.externaltools.arm-none.win32_1.17.0.201812190825/tools/compiler/bin/../lib/gcc/arm-none-eabi/7.3.1/thumb/v7e-m/fpv4-sp/hard\libgcc.a(_udivmoddi4.o)
                0x080001f8                __udivmoddi4
 .text          0x080004c4        0x4 d:/openstm/plugins/fr.ac6.mcu.externaltools.arm-none.win32_1.17.0.201812190825/tools/compiler/bin/../lib/gcc/arm-none-eabi/7.3.1/thumb/v7e-m/fpv4-sp/hard\libgcc.a(_dvmd_tls.o)
                0x080004c4                __aeabi_idiv0
                0x080004c4                __aeabi_ldiv0
 *(.text*)
 .text.MX_GPIO_Init
                0x080004c8      0x188 Core/Src/gpio.o
                0x080004c8                MX_GPIO_Init
 .text.MX_I2C1_Init
                0x08000650       0x3c Core/Src/i2c.o
                0x08000650                MX_I2C1_Init
 .text.HAL_I2C_MspInit
                0x0800068c       0x70 Core/Src/i2c.o
                0x0800068c                HAL_I2C_MspInit
 .text.MX_I2S3_Init
                0x080006fc       0x3c Core/Src/i2s.o
                0x080006fc                MX_I2S3_Init
 .text.HAL_I2S_MspInit
                0x08000738       0xbc Core/Src/i2s.o
                0x08000738                HAL_I2S_MspInit
 .text.Error_Handler
                0x080007f4        0x4 Core/Src/main.o
                0x080007f4                Error_Handler
 .text.SystemClock_Config
                0x080007f8       0xac Core/Src/main.o
                0x080007f8                SystemClock_Config
 .text.main     0x080008a4       0x24 Core/Src/main.o
                0x080008a4                main
 .text.MX_SPI1_Init
                0x080008c8       0x40 Core/Src/spi.o
                0x080008c8                MX_SPI1_Init
 .text.HAL_SPI_MspInit
                0x08000908       0x6c Core/Src/spi.o
                0x08000908                HAL_SPI_MspInit
 .text.HAL_MspInit
                0x08000974       0x40 Core/Src/stm32f4xx_hal_msp.o
                0x08000974                HAL_MspInit
 .text.NMI_Handler
                0x080009b4        0x2 Core/Src/stm32f4xx_it.o
                0x080009b4                NMI_Handler
 .text.HardFault_Handler
                0x080009b6        0x2 Core/Src/stm32f4xx_it.o
                0x080009b6                HardFault_Handler
 .text.MemManage_Handler
                0x080009b8        0x2 Core/Src/stm32f4xx_it.o
                0x080009b8                MemManage_Handler
 .text.BusFault_Handler
                0x080009ba        0x2 Core/Src/stm32f4xx_it.o
                0x080009ba                BusFault_Handler
 .text.UsageFault_Handler
                0x080009bc        0x2 Core/Src/stm32f4xx_it.o
                0x080009bc                UsageFault_Handler
 .text.SVC_Handler
                0x080009be        0x2 Core/Src/stm32f4xx_it.o
                0x080009be                SVC_Handler
 .text.DebugMon_Handler
                0x080009c0        0x2 Core/Src/stm32f4xx_it.o
                0x080009c0                DebugMon_Handler
 .text.PendSV_Handler
                0x080009c2        0x2 Core/Src/stm32f4xx_it.o
                0x080009c2                PendSV_Handler
 .text.SysTick_Handler
                0x080009c4        0x8 Core/Src/stm32f4xx_it.o
                0x080009c4                SysTick_Handler
 .text.OTG_FS_IRQHandler
                0x080009cc       0x10 Core/Src/stm32f4xx_it.o
                0x080009cc                OTG_FS_IRQHandler
 .text._sbrk    0x080009dc       0x3c Core/Src/syscalls.o
                0x080009dc                _sbrk
 .text.SystemInit
                0x08000a18       0x14 Core/Src/system_stm32f4xx.o
                0x08000a18                SystemInit
 .text.HAL_InitTick
                0x08000a2c       0x48 Drivers/STM32F4xx_HAL_Driver/Src/stm32f4xx_hal.o
                0x08000a2c                HAL_InitTick
 .text.HAL_Init
                0x08000a74       0x34 Drivers/STM32F4xx_HAL_Driver/Src/stm32f4xx_hal.o
                0x08000a74                HAL_Init
 .text.HAL_IncTick
                0x08000aa8       0x18 Drivers/STM32F4xx_HAL_Driver/Src/stm32f4xx_hal.o
                0x08000aa8                HAL_IncTick
 .text.HAL_GetTick
                0x08000ac0        0xc Drivers/STM32F4xx_HAL_Driver/Src/stm32f4xx_hal.o
                0x08000ac0                HAL_GetTick
 .text.HAL_Delay
                0x08000acc       0x28 Drivers/STM32F4xx_HAL_Driver/Src/stm32f4xx_hal.o
                0x08000acc                HAL_Delay
 .text.HAL_NVIC_SetPriorityGrouping
                0x08000af4       0x24 Drivers/STM32F4xx_HAL_Driver/Src/stm32f4xx_hal_cortex.o
                0x08000af4                HAL_NVIC_SetPriorityGrouping
 .text.HAL_NVIC_SetPriority
                0x08000b18       0x68 Drivers/STM32F4xx_HAL_Driver/Src/stm32f4xx_hal_cortex.o
                0x08000b18                HAL_NVIC_SetPriority
 .text.HAL_NVIC_EnableIRQ
                0x08000b80       0x1c Drivers/STM32F4xx_HAL_Driver/Src/stm32f4xx_hal_cortex.o
                0x08000b80                HAL_NVIC_EnableIRQ
 .text.HAL_SYSTICK_Config
                0x08000b9c       0x2c Drivers/STM32F4xx_HAL_Driver/Src/stm32f4xx_hal_cortex.o
                0x08000b9c                HAL_SYSTICK_Config
 .text.HAL_GPIO_Init
                0x08000bc8      0x1d4 Drivers/STM32F4xx_HAL_Driver/Src/stm32f4xx_hal_gpio.o
                0x08000bc8                HAL_GPIO_Init
 .text.HAL_GPIO_WritePin
                0x08000d9c        0xc Drivers/STM32F4xx_HAL_Driver/Src/stm32f4xx_hal_gpio.o
                0x08000d9c                HAL_GPIO_WritePin
 .text.HCD_RXQLVL_IRQHandler
                0x08000da8       0x98 Drivers/STM32F4xx_HAL_Driver/Src/stm32f4xx_hal_hcd.o
 .text.HAL_HCD_HC_Init
                0x08000e40       0x8e Drivers/STM32F4xx_HAL_Driver/Src/stm32f4xx_hal_hcd.o
                0x08000e40                HAL_HCD_HC_Init
 .text.HAL_HCD_HC_Halt
                0x08000ece       0x24 Drivers/STM32F4xx_HAL_Driver/Src/stm32f4xx_hal_hcd.o
                0x08000ece                HAL_HCD_HC_Halt
 .text.HAL_HCD_Init
                0x08000ef2       0x94 Drivers/STM32F4xx_HAL_Driver/Src/stm32f4xx_hal_hcd.o
                0x08000ef2                HAL_HCD_Init
 .text.HAL_HCD_HC_SubmitRequest
                0x08000f86      0x160 Drivers/STM32F4xx_HAL_Driver/Src/stm32f4xx_hal_hcd.o
                0x08000f86                HAL_HCD_HC_SubmitRequest
 .text.HCD_Port_IRQHandler
                0x080010e6       0xb0 Drivers/STM32F4xx_HAL_Driver/Src/stm32f4xx_hal_hcd.o
 .text.HCD_HC_IN_IRQHandler
                0x08001196      0x324 Drivers/STM32F4xx_HAL_Driver/Src/stm32f4xx_hal_hcd.o
 .text.HCD_HC_OUT_IRQHandler
                0x080014ba      0x30e Drivers/STM32F4xx_HAL_Driver/Src/stm32f4xx_hal_hcd.o
 .text.HAL_HCD_IRQHandler
                0x080017c8      0x156 Drivers/STM32F4xx_HAL_Driver/Src/stm32f4xx_hal_hcd.o
                0x080017c8                HAL_HCD_IRQHandler
 .text.HAL_HCD_Start
                0x0800191e       0x2a Drivers/STM32F4xx_HAL_Driver/Src/stm32f4xx_hal_hcd.o
                0x0800191e                HAL_HCD_Start
 .text.HAL_HCD_Stop
                0x08001948       0x24 Drivers/STM32F4xx_HAL_Driver/Src/stm32f4xx_hal_hcd.o
                0x08001948                HAL_HCD_Stop
 .text.HAL_HCD_ResetPort
                0x0800196c        0xa Drivers/STM32F4xx_HAL_Driver/Src/stm32f4xx_hal_hcd.o
                0x0800196c                HAL_HCD_ResetPort
 .text.HAL_HCD_HC_GetURBState
                0x08001976        0xc Drivers/STM32F4xx_HAL_Driver/Src/stm32f4xx_hal_hcd.o
                0x08001976                HAL_HCD_HC_GetURBState
 .text.HAL_HCD_HC_GetXferCount
                0x08001982        0xa Drivers/STM32F4xx_HAL_Driver/Src/stm32f4xx_hal_hcd.o
                0x08001982                HAL_HCD_HC_GetXferCount
 .text.HAL_HCD_GetCurrentFrame
                0x0800198c        0xa Drivers/STM32F4xx_HAL_Driver/Src/stm32f4xx_hal_hcd.o
                0x0800198c                HAL_HCD_GetCurrentFrame
 .text.HAL_HCD_GetCurrentSpeed
                0x08001996        0xa Drivers/STM32F4xx_HAL_Driver/Src/stm32f4xx_hal_hcd.o
                0x08001996                HAL_HCD_GetCurrentSpeed
 .text.HAL_I2C_Init
                0x080019a0      0x1b4 Drivers/STM32F4xx_HAL_Driver/Src/stm32f4xx_hal_i2c.o
                0x080019a0                HAL_I2C_Init
 .text.HAL_I2S_Init
                0x08001b54      0x198 Drivers/STM32F4xx_HAL_Driver/Src/stm32f4xx_hal_i2s.o
                0x08001b54                HAL_I2S_Init
 .text.HAL_I2S_TxCpltCallback
                0x08001cec        0x2 Drivers/STM32F4xx_HAL_Driver/Src/stm32f4xx_hal_i2s.o
                0x08001cec                HAL_I2S_TxCpltCallback
 .text.I2S_Transmit_IT
                0x08001cee       0x36 Drivers/STM32F4xx_HAL_Driver/Src/stm32f4xx_hal_i2s.o
 .text.HAL_I2S_RxCpltCallback
                0x08001d24        0x2 Drivers/STM32F4xx_HAL_Driver/Src/stm32f4xx_hal_i2s.o
                0x08001d24                HAL_I2S_RxCpltCallback
 .text.I2S_Receive_IT
                0x08001d26       0x36 Drivers/STM32F4xx_HAL_Driver/Src/stm32f4xx_hal_i2s.o
 .text.HAL_I2S_ErrorCallback
                0x08001d5c        0x2 Drivers/STM32F4xx_HAL_Driver/Src/stm32f4xx_hal_i2s.o
                0x08001d5c                HAL_I2S_ErrorCallback
 .text.I2S_IRQHandler
                0x08001d5e       0xd0 Drivers/STM32F4xx_HAL_Driver/Src/stm32f4xx_hal_i2s.o
 .text.HAL_I2SEx_TxRxCpltCallback
                0x08001e2e        0x2 Drivers/STM32F4xx_HAL_Driver/Src/stm32f4xx_hal_i2s_ex.o
                0x08001e2e                HAL_I2SEx_TxRxCpltCallback
 .text.I2SEx_TxISR_I2S
                0x08001e30       0x3a Drivers/STM32F4xx_HAL_Driver/Src/stm32f4xx_hal_i2s_ex.o
 *fill*         0x08001e6a        0x2 
 .text.I2SEx_RxISR_I2SExt
                0x08001e6c       0x60 Drivers/STM32F4xx_HAL_Driver/Src/stm32f4xx_hal_i2s_ex.o
 .text.I2SEx_TxISR_I2SExt
                0x08001ecc       0x60 Drivers/STM32F4xx_HAL_Driver/Src/stm32f4xx_hal_i2s_ex.o
 .text.I2SEx_RxISR_I2S
                0x08001f2c       0x3a Drivers/STM32F4xx_HAL_Driver/Src/stm32f4xx_hal_i2s_ex.o
 *fill*         0x08001f66        0x2 
 .text.HAL_I2SEx_FullDuplex_IRQHandler
                0x08001f68      0x1d8 Drivers/STM32F4xx_HAL_Driver/Src/stm32f4xx_hal_i2s_ex.o
                0x08001f68                HAL_I2SEx_FullDuplex_IRQHandler
 .text.HAL_RCC_OscConfig
                0x08002140      0x3f8 Drivers/STM32F4xx_HAL_Driver/Src/stm32f4xx_hal_rcc.o
                0x08002140                HAL_RCC_OscConfig
 .text.HAL_RCC_GetSysClockFreq
                0x08002538       0xd8 Drivers/STM32F4xx_HAL_Driver/Src/stm32f4xx_hal_rcc.o
                0x08002538                HAL_RCC_GetSysClockFreq
 .text.HAL_RCC_ClockConfig
                0x08002610      0x160 Drivers/STM32F4xx_HAL_Driver/Src/stm32f4xx_hal_rcc.o
                0x08002610                HAL_RCC_ClockConfig
 .text.HAL_RCC_GetHCLKFreq
                0x08002770        0xc Drivers/STM32F4xx_HAL_Driver/Src/stm32f4xx_hal_rcc.o
                0x08002770                HAL_RCC_GetHCLKFreq
 .text.HAL_RCC_GetPCLK1Freq
                0x0800277c       0x20 Drivers/STM32F4xx_HAL_Driver/Src/stm32f4xx_hal_rcc.o
                0x0800277c                HAL_RCC_GetPCLK1Freq
 .text.HAL_RCCEx_PeriphCLKConfig
                0x0800279c      0x154 Drivers/STM32F4xx_HAL_Driver/Src/stm32f4xx_hal_rcc_ex.o
                0x0800279c                HAL_RCCEx_PeriphCLKConfig
 .text.HAL_RCCEx_GetPeriphCLKFreq
                0x080028f0       0x74 Drivers/STM32F4xx_HAL_Driver/Src/stm32f4xx_hal_rcc_ex.o
                0x080028f0                HAL_RCCEx_GetPeriphCLKFreq
 .text.HAL_SPI_Init
                0x08002964       0xbe Drivers/STM32F4xx_HAL_Driver/Src/stm32f4xx_hal_spi.o
                0x08002964                HAL_SPI_Init
 *fill*         0x08002a22        0x2 
 .text.USB_CoreReset
                0x08002a24       0x4c Drivers/STM32F4xx_HAL_Driver/Src/stm32f4xx_ll_usb.o
 .text.USB_CoreInit
                0x08002a70       0x8a Drivers/STM32F4xx_HAL_Driver/Src/stm32f4xx_ll_usb.o
                0x08002a70                USB_CoreInit
 .text.USB_EnableGlobalInt
                0x08002afa        0xc Drivers/STM32F4xx_HAL_Driver/Src/stm32f4xx_ll_usb.o
                0x08002afa                USB_EnableGlobalInt
 .text.USB_DisableGlobalInt
                0x08002b06        0xc Drivers/STM32F4xx_HAL_Driver/Src/stm32f4xx_ll_usb.o
                0x08002b06                USB_DisableGlobalInt
 *fill*         0x08002b12        0x2 
 .text.USB_FlushTxFifo
                0x08002b14       0x30 Drivers/STM32F4xx_HAL_Driver/Src/stm32f4xx_ll_usb.o
                0x08002b14                USB_FlushTxFifo
 .text.USB_FlushRxFifo
                0x08002b44       0x2c Drivers/STM32F4xx_HAL_Driver/Src/stm32f4xx_ll_usb.o
                0x08002b44                USB_FlushRxFifo
 .text.USB_WritePacket
                0x08002b70       0x28 Drivers/STM32F4xx_HAL_Driver/Src/stm32f4xx_ll_usb.o
                0x08002b70                USB_WritePacket
 .text.USB_ReadPacket
                0x08002b98       0x4e Drivers/STM32F4xx_HAL_Driver/Src/stm32f4xx_ll_usb.o
                0x08002b98                USB_ReadPacket
 .text.USB_ReadInterrupts
                0x08002be6        0x8 Drivers/STM32F4xx_HAL_Driver/Src/stm32f4xx_ll_usb.o
                0x08002be6                USB_ReadInterrupts
 .text.USB_GetMode
                0x08002bee        0x8 Drivers/STM32F4xx_HAL_Driver/Src/stm32f4xx_ll_usb.o
                0x08002bee                USB_GetMode
 .text.USB_SetCurrentMode
                0x08002bf6       0x62 Drivers/STM32F4xx_HAL_Driver/Src/stm32f4xx_ll_usb.o
                0x08002bf6                USB_SetCurrentMode
 .text.USB_HostInit
                0x08002c58       0xf0 Drivers/STM32F4xx_HAL_Driver/Src/stm32f4xx_ll_usb.o
                0x08002c58                USB_HostInit
 .text.USB_InitFSLSPClkSel
                0x08002d48       0x40 Drivers/STM32F4xx_HAL_Driver/Src/stm32f4xx_ll_usb.o
                0x08002d48                USB_InitFSLSPClkSel
 .text.USB_ResetPort
                0x08002d88       0x3e Drivers/STM32F4xx_HAL_Driver/Src/stm32f4xx_ll_usb.o
                0x08002d88                USB_ResetPort
 .text.USB_DriveVbus
                0x08002dc6       0x46 Drivers/STM32F4xx_HAL_Driver/Src/stm32f4xx_ll_usb.o
                0x08002dc6                USB_DriveVbus
 .text.USB_GetHostSpeed
                0x08002e0c       0x16 Drivers/STM32F4xx_HAL_Driver/Src/stm32f4xx_ll_usb.o
                0x08002e0c                USB_GetHostSpeed
 .text.USB_GetCurrentFrame
                0x08002e22        0xa Drivers/STM32F4xx_HAL_Driver/Src/stm32f4xx_ll_usb.o
                0x08002e22                USB_GetCurrentFrame
 .text.USB_HC_Init
                0x08002e2c      0x11e Drivers/STM32F4xx_HAL_Driver/Src/stm32f4xx_ll_usb.o
                0x08002e2c                USB_HC_Init
 .text.USB_HC_ReadInterrupt
                0x08002f4a        0xa Drivers/STM32F4xx_HAL_Driver/Src/stm32f4xx_ll_usb.o
                0x08002f4a                USB_HC_ReadInterrupt
 .text.USB_HC_Halt
                0x08002f54       0xe8 Drivers/STM32F4xx_HAL_Driver/Src/stm32f4xx_ll_usb.o
                0x08002f54                USB_HC_Halt
 .text.USB_DoPing
                0x0800303c       0x24 Drivers/STM32F4xx_HAL_Driver/Src/stm32f4xx_ll_usb.o
                0x0800303c                USB_DoPing
 .text.USB_HC_StartXfer
                0x08003060      0x15c Drivers/STM32F4xx_HAL_Driver/Src/stm32f4xx_ll_usb.o
                0x08003060                USB_HC_StartXfer
 .text.USB_StopHost
                0x080031bc       0x7e Drivers/STM32F4xx_HAL_Driver/Src/stm32f4xx_ll_usb.o
                0x080031bc                USB_StopHost
 .text.USBH_CDC_SOFProcess
                0x0800323a        0x4 Middlewares/ST/STM32_USB_Host_Library/Class/CDC/Src/usbh_cdc.o
 .text.SetLineCoding
                0x0800323e       0x1a Middlewares/ST/STM32_USB_Host_Library/Class/CDC/Src/usbh_cdc.o
 .text.GetLineCoding
                0x08003258       0x1a Middlewares/ST/STM32_USB_Host_Library/Class/CDC/Src/usbh_cdc.o
 .text.USBH_CDC_ClassRequest
                0x08003272       0x22 Middlewares/ST/STM32_USB_Host_Library/Class/CDC/Src/usbh_cdc.o
 .text.USBH_CDC_InterfaceDeInit
                0x08003294       0x68 Middlewares/ST/STM32_USB_Host_Library/Class/CDC/Src/usbh_cdc.o
 .text.USBH_CDC_InterfaceInit
                0x080032fc      0x17e Middlewares/ST/STM32_USB_Host_Library/Class/CDC/Src/usbh_cdc.o
 .text.USBH_CDC_TransmitCallback
                0x0800347a        0x2 Middlewares/ST/STM32_USB_Host_Library/Class/CDC/Src/usbh_cdc.o
                0x0800347a                USBH_CDC_TransmitCallback
 .text.CDC_ProcessTransmission
                0x0800347c       0x94 Middlewares/ST/STM32_USB_Host_Library/Class/CDC/Src/usbh_cdc.o
 .text.USBH_CDC_ReceiveCallback
                0x08003510        0x2 Middlewares/ST/STM32_USB_Host_Library/Class/CDC/Src/usbh_cdc.o
                0x08003510                USBH_CDC_ReceiveCallback
 .text.CDC_ProcessReception
                0x08003512       0x68 Middlewares/ST/STM32_USB_Host_Library/Class/CDC/Src/usbh_cdc.o
 .text.USBH_CDC_LineCodingChanged
                0x0800357a        0x2 Middlewares/ST/STM32_USB_Host_Library/Class/CDC/Src/usbh_cdc.o
                0x0800357a                USBH_CDC_LineCodingChanged
 .text.USBH_CDC_Process
                0x0800357c       0xb8 Middlewares/ST/STM32_USB_Host_Library/Class/CDC/Src/usbh_cdc.o
 .text.DeInitStateMachine
                0x08003634       0x54 Middlewares/ST/STM32_USB_Host_Library/Core/Src/usbh_core.o
 .text.USBH_HandleSof
                0x08003688       0x1a Middlewares/ST/STM32_USB_Host_Library/Core/Src/usbh_core.o
 .text.USBH_HandleEnum
                0x080036a2      0x276 Middlewares/ST/STM32_USB_Host_Library/Core/Src/usbh_core.o
 .text.USBH_Init
                0x08003918       0x3e Middlewares/ST/STM32_USB_Host_Library/Core/Src/usbh_core.o
                0x08003918                USBH_Init
 .text.USBH_RegisterClass
                0x08003956       0x22 Middlewares/ST/STM32_USB_Host_Library/Core/Src/usbh_core.o
                0x08003956                USBH_RegisterClass
 .text.USBH_SelectInterface
                0x08003978       0x14 Middlewares/ST/STM32_USB_Host_Library/Core/Src/usbh_core.o
                0x08003978                USBH_SelectInterface
 .text.USBH_FindInterface
                0x0800398c       0x50 Middlewares/ST/STM32_USB_Host_Library/Core/Src/usbh_core.o
                0x0800398c                USBH_FindInterface
 .text.USBH_Start
                0x080039dc       0x14 Middlewares/ST/STM32_USB_Host_Library/Core/Src/usbh_core.o
                0x080039dc                USBH_Start
 .text.USBH_Process
                0x080039f0      0x27e Middlewares/ST/STM32_USB_Host_Library/Core/Src/usbh_core.o
                0x080039f0                USBH_Process
 .text.USBH_LL_SetTimer
                0x08003c6e        0x6 Middlewares/ST/STM32_USB_Host_Library/Core/Src/usbh_core.o
                0x08003c6e                USBH_LL_SetTimer
 .text.USBH_LL_IncTimer
                0x08003c74       0x12 Middlewares/ST/STM32_USB_Host_Library/Core/Src/usbh_core.o
                0x08003c74                USBH_LL_IncTimer
 .text.USBH_LL_PortEnabled
                0x08003c86        0x8 Middlewares/ST/STM32_USB_Host_Library/Core/Src/usbh_core.o
                0x08003c86                USBH_LL_PortEnabled
 .text.USBH_LL_PortDisabled
                0x08003c8e        0x8 Middlewares/ST/STM32_USB_Host_Library/Core/Src/usbh_core.o
                0x08003c8e                USBH_LL_PortDisabled
 .text.USBH_LL_Connect
                0x08003c96       0x14 Middlewares/ST/STM32_USB_Host_Library/Core/Src/usbh_core.o
                0x08003c96                USBH_LL_Connect
 .text.USBH_LL_Disconnect
                0x08003caa       0x2c Middlewares/ST/STM32_USB_Host_Library/Core/Src/usbh_core.o
                0x08003caa                USBH_LL_Disconnect
 .text.USBH_ParseDevDesc
                0x08003cd6       0x5c Middlewares/ST/STM32_USB_Host_Library/Core/Src/usbh_ctlreq.o
 .text.USBH_ParseInterfaceDesc
                0x08003d32       0x26 Middlewares/ST/STM32_USB_Host_Library/Core/Src/usbh_ctlreq.o
 .text.USBH_ParseEPDesc
                0x08003d58       0x20 Middlewares/ST/STM32_USB_Host_Library/Core/Src/usbh_ctlreq.o
 .text.USBH_ParseStringDesc
                0x08003d78       0x3c Middlewares/ST/STM32_USB_Host_Library/Core/Src/usbh_ctlreq.o
 .text.USBH_HandleControl
                0x08003db4      0x1de Middlewares/ST/STM32_USB_Host_Library/Core/Src/usbh_ctlreq.o
 .text.USBH_GetNextDesc
                0x08003f92        0xe Middlewares/ST/STM32_USB_Host_Library/Core/Src/usbh_ctlreq.o
                0x08003f92                USBH_GetNextDesc
 .text.USBH_ParseCfgDesc
                0x08003fa0       0xc2 Middlewares/ST/STM32_USB_Host_Library/Core/Src/usbh_ctlreq.o
 .text.USBH_CtlReq
                0x08004062       0x44 Middlewares/ST/STM32_USB_Host_Library/Core/Src/usbh_ctlreq.o
                0x08004062                USBH_CtlReq
 .text.USBH_GetDescriptor
                0x080040a6       0x3c Middlewares/ST/STM32_USB_Host_Library/Core/Src/usbh_ctlreq.o
                0x080040a6                USBH_GetDescriptor
 .text.USBH_Get_DevDesc
                0x080040e2       0x32 Middlewares/ST/STM32_USB_Host_Library/Core/Src/usbh_ctlreq.o
                0x080040e2                USBH_Get_DevDesc
 .text.USBH_Get_CfgDesc
                0x08004114       0x32 Middlewares/ST/STM32_USB_Host_Library/Core/Src/usbh_ctlreq.o
                0x08004114                USBH_Get_CfgDesc
 .text.USBH_Get_StringDesc
                0x08004146       0x30 Middlewares/ST/STM32_USB_Host_Library/Core/Src/usbh_ctlreq.o
                0x08004146                USBH_Get_StringDesc
 .text.USBH_SetAddress
                0x08004176       0x22 Middlewares/ST/STM32_USB_Host_Library/Core/Src/usbh_ctlreq.o
                0x08004176                USBH_SetAddress
 .text.USBH_SetCfg
                0x08004198       0x22 Middlewares/ST/STM32_USB_Host_Library/Core/Src/usbh_ctlreq.o
                0x08004198                USBH_SetCfg
 .text.USBH_SetFeature
                0x080041ba       0x22 Middlewares/ST/STM32_USB_Host_Library/Core/Src/usbh_ctlreq.o
                0x080041ba                USBH_SetFeature
 .text.USBH_ClrFeature
                0x080041dc       0x24 Middlewares/ST/STM32_USB_Host_Library/Core/Src/usbh_ctlreq.o
                0x080041dc                USBH_ClrFeature
 .text.USBH_CtlSendSetup
                0x08004200       0x22 Middlewares/ST/STM32_USB_Host_Library/Core/Src/usbh_ioreq.o
                0x08004200                USBH_CtlSendSetup
 .text.USBH_CtlSendData
                0x08004222       0x2c Middlewares/ST/STM32_USB_Host_Library/Core/Src/usbh_ioreq.o
                0x08004222                USBH_CtlSendData
 .text.USBH_CtlReceiveData
                0x0800424e       0x20 Middlewares/ST/STM32_USB_Host_Library/Core/Src/usbh_ioreq.o
                0x0800424e                USBH_CtlReceiveData
 .text.USBH_BulkSendData
                0x0800426e       0x2c Middlewares/ST/STM32_USB_Host_Library/Core/Src/usbh_ioreq.o
                0x0800426e                USBH_BulkSendData
 .text.USBH_BulkReceiveData
                0x0800429a       0x20 Middlewares/ST/STM32_USB_Host_Library/Core/Src/usbh_ioreq.o
                0x0800429a                USBH_BulkReceiveData
 .text.USBH_GetFreePipe
                0x080042ba       0x26 Middlewares/ST/STM32_USB_Host_Library/Core/Src/usbh_pipes.o
 .text.USBH_OpenPipe
                0x080042e0       0x20 Middlewares/ST/STM32_USB_Host_Library/Core/Src/usbh_pipes.o
                0x080042e0                USBH_OpenPipe
 .text.USBH_ClosePipe
                0x08004300        0xa Middlewares/ST/STM32_USB_Host_Library/Core/Src/usbh_pipes.o
                0x08004300                USBH_ClosePipe
 .text.USBH_AllocPipe
                0x0800430a       0x26 Middlewares/ST/STM32_USB_Host_Library/Core/Src/usbh_pipes.o
                0x0800430a                USBH_AllocPipe
 .text.USBH_FreePipe
                0x08004330       0x16 Middlewares/ST/STM32_USB_Host_Library/Core/Src/usbh_pipes.o
                0x08004330                USBH_FreePipe
 *fill*         0x08004346        0x2 
 .text.USBH_UserProcess
                0x08004348       0x2c USB_HOST/App/usb_host.o
 .text.MX_USB_HOST_Init
                0x08004374       0x40 USB_HOST/App/usb_host.o
                0x08004374                MX_USB_HOST_Init
 .text.MX_USB_HOST_Process
                0x080043b4       0x10 USB_HOST/App/usb_host.o
                0x080043b4                MX_USB_HOST_Process
 .text.HAL_HCD_MspInit
                0x080043c4       0x98 USB_HOST/Target/usbh_conf.o
                0x080043c4                HAL_HCD_MspInit
 .text.HAL_HCD_SOF_Callback
                0x0800445c        0xc USB_HOST/Target/usbh_conf.o
                0x0800445c                HAL_HCD_SOF_Callback
 .text.HAL_HCD_Connect_Callback
                0x08004468        0xc USB_HOST/Target/usbh_conf.o
                0x08004468                HAL_HCD_Connect_Callback
 .text.HAL_HCD_Disconnect_Callback
                0x08004474        0xc USB_HOST/Target/usbh_conf.o
                0x08004474                HAL_HCD_Disconnect_Callback
 .text.HAL_HCD_HC_NotifyURBChange_Callback
                0x08004480        0x2 USB_HOST/Target/usbh_conf.o
                0x08004480                HAL_HCD_HC_NotifyURBChange_Callback
 .text.HAL_HCD_PortEnabled_Callback
                0x08004482        0xc USB_HOST/Target/usbh_conf.o
                0x08004482                HAL_HCD_PortEnabled_Callback
 .text.HAL_HCD_PortDisabled_Callback
                0x0800448e        0xc USB_HOST/Target/usbh_conf.o
                0x0800448e                HAL_HCD_PortDisabled_Callback
 *fill*         0x0800449a        0x2 
 .text.USBH_LL_Init
                0x0800449c       0x54 USB_HOST/Target/usbh_conf.o
                0x0800449c                USBH_LL_Init
 .text.USBH_LL_GetSpeed
                0x080044f0       0x1c USB_HOST/Target/usbh_conf.o
                0x080044f0                USBH_LL_GetSpeed
 .text.USBH_LL_GetLastXferSize
                0x0800450c        0xc USB_HOST/Target/usbh_conf.o
                0x0800450c                USBH_LL_GetLastXferSize
 .text.USBH_LL_GetURBState
                0x08004518        0xc USB_HOST/Target/usbh_conf.o
                0x08004518                USBH_LL_GetURBState
 .text.USBH_LL_DriverVBUS
                0x08004524       0x1c USB_HOST/Target/usbh_conf.o
                0x08004524                USBH_LL_DriverVBUS
 .text.USBH_LL_SetToggle
                0x08004540       0x2a USB_HOST/Target/usbh_conf.o
                0x08004540                USBH_LL_SetToggle
 .text.USBH_Delay
                0x0800456a        0x8 USB_HOST/Target/usbh_conf.o
                0x0800456a                USBH_Delay
 .text.USBH_Get_USB_Status
                0x08004572       0x12 USB_HOST/Target/usbh_conf.o
                0x08004572                USBH_Get_USB_Status
 .text.USBH_LL_Start
                0x08004584       0x10 USB_HOST/Target/usbh_conf.o
                0x08004584                USBH_LL_Start
 .text.USBH_LL_Stop
                0x08004594       0x10 USB_HOST/Target/usbh_conf.o
                0x08004594                USBH_LL_Stop
 .text.USBH_LL_ResetPort
                0x080045a4       0x10 USB_HOST/Target/usbh_conf.o
                0x080045a4                USBH_LL_ResetPort
 .text.USBH_LL_OpenPipe
                0x080045b4       0x26 USB_HOST/Target/usbh_conf.o
                0x080045b4                USBH_LL_OpenPipe
 .text.USBH_LL_ClosePipe
                0x080045da       0x10 USB_HOST/Target/usbh_conf.o
                0x080045da                USBH_LL_ClosePipe
 .text.USBH_LL_SubmitURB
                0x080045ea       0x2a USB_HOST/Target/usbh_conf.o
                0x080045ea                USBH_LL_SubmitURB
 .text.MX_DriverVbusFS
                0x08004614       0x18 USB_HOST/Target/usbh_platform.o
                0x08004614                MX_DriverVbusFS
 .text.Reset_Handler
                0x0800462c       0x50 startup/startup_stm32f407xx.o
                0x0800462c                Reset_Handler
 .text.Default_Handler
                0x0800467c        0x2 startup/startup_stm32f407xx.o
                0x0800467c                RTC_Alarm_IRQHandler
                0x0800467c                HASH_RNG_IRQHandler
                0x0800467c                EXTI2_IRQHandler
                0x0800467c                TIM8_CC_IRQHandler
                0x0800467c                TIM1_CC_IRQHandler
                0x0800467c                DMA2_Stream5_IRQHandler
                0x0800467c                DMA1_Stream5_IRQHandler
                0x0800467c                PVD_IRQHandler
                0x0800467c                SDIO_IRQHandler
                0x0800467c                TAMP_STAMP_IRQHandler
                0x0800467c                CAN2_RX1_IRQHandler
                0x0800467c                EXTI3_IRQHandler
                0x0800467c                TIM8_TRG_COM_TIM14_IRQHandler
                0x0800467c                TIM1_UP_TIM10_IRQHandler
                0x0800467c                TIM8_UP_TIM13_IRQHandler
                0x0800467c                I2C3_ER_IRQHandler
                0x0800467c                EXTI0_IRQHandler
                0x0800467c                I2C2_EV_IRQHandler
                0x0800467c                DMA1_Stream2_IRQHandler
                0x0800467c                CAN1_RX0_IRQHandler
                0x0800467c                FPU_IRQHandler
                0x0800467c                OTG_HS_WKUP_IRQHandler
                0x0800467c                CAN2_SCE_IRQHandler
                0x0800467c                DMA2_Stream2_IRQHandler
                0x0800467c                SPI1_IRQHandler
                0x0800467c                TIM6_DAC_IRQHandler
                0x0800467c                TIM1_BRK_TIM9_IRQHandler
                0x0800467c                DCMI_IRQHandler
                0x0800467c                CAN2_RX0_IRQHandler
                0x0800467c                DMA2_Stream3_IRQHandler
                0x0800467c                USART6_IRQHandler
                0x0800467c                USART3_IRQHandler
                0x0800467c                CAN1_RX1_IRQHandler
                0x0800467c                UART5_IRQHandler
                0x0800467c                DMA2_Stream0_IRQHandler
                0x0800467c                TIM4_IRQHandler
                0x0800467c                I2C1_EV_IRQHandler
                0x0800467c                DMA1_Stream6_IRQHandler
                0x0800467c                DMA1_Stream1_IRQHandler
                0x0800467c                UART4_IRQHandler
                0x0800467c                TIM3_IRQHandler
                0x0800467c                RCC_IRQHandler
                0x0800467c                TIM8_BRK_TIM12_IRQHandler
                0x0800467c                Default_Handler
                0x0800467c                EXTI15_10_IRQHandler
                0x0800467c                ADC_IRQHandler
                0x0800467c                DMA1_Stream7_IRQHandler
                0x0800467c                TIM7_IRQHandler
                0x0800467c                CAN2_TX_IRQHandler
                0x0800467c                TIM5_IRQHandler
                0x0800467c                DMA2_Stream7_IRQHandler
                0x0800467c                I2C3_EV_IRQHandler
                0x0800467c                EXTI9_5_IRQHandler
                0x0800467c                RTC_WKUP_IRQHandler
                0x0800467c                ETH_WKUP_IRQHandler
                0x0800467c                SPI2_IRQHandler
                0x0800467c                OTG_HS_EP1_IN_IRQHandler
                0x0800467c                DMA1_Stream0_IRQHandler
                0x0800467c                CAN1_TX_IRQHandler
                0x0800467c                EXTI4_IRQHandler
                0x0800467c                FSMC_IRQHandler
                0x0800467c                ETH_IRQHandler
                0x0800467c                OTG_HS_EP1_OUT_IRQHandler
                0x0800467c                WWDG_IRQHandler
                0x0800467c                TIM2_IRQHandler
                0x0800467c                OTG_FS_WKUP_IRQHandler
                0x0800467c                TIM1_TRG_COM_TIM11_IRQHandler
                0x0800467c                OTG_HS_IRQHandler
                0x0800467c                EXTI1_IRQHandler
                0x0800467c                USART2_IRQHandler
                0x0800467c                I2C2_ER_IRQHandler
                0x0800467c                DMA2_Stream1_IRQHandler
                0x0800467c                CAN1_SCE_IRQHandler
                0x0800467c                FLASH_IRQHandler
                0x0800467c                DMA2_Stream4_IRQHandler
                0x0800467c                USART1_IRQHandler
                0x0800467c                SPI3_IRQHandler
                0x0800467c                DMA1_Stream4_IRQHandler
                0x0800467c                I2C1_ER_IRQHandler
                0x0800467c                DMA2_Stream6_IRQHandler
                0x0800467c                DMA1_Stream3_IRQHandler
 *fill*         0x0800467e        0x2 
 .text.__errno  0x08004680        0xc d:/openstm/plugins/fr.ac6.mcu.externaltools.arm-none.win32_1.17.0.201812190825/tools/compiler/bin/../lib/gcc/arm-none-eabi/7.3.1/../../../../arm-none-eabi/lib/thumb/v7e-m/fpv4-sp/hard\libc_nano.a(lib_a-errno.o)
                0x08004680                __errno
 .text.__libc_init_array
                0x0800468c       0x48 d:/openstm/plugins/fr.ac6.mcu.externaltools.arm-none.win32_1.17.0.201812190825/tools/compiler/bin/../lib/gcc/arm-none-eabi/7.3.1/../../../../arm-none-eabi/lib/thumb/v7e-m/fpv4-sp/hard\libc_nano.a(lib_a-init.o)
                0x0800468c                __libc_init_array
 .text.malloc   0x080046d4       0x10 d:/openstm/plugins/fr.ac6.mcu.externaltools.arm-none.win32_1.17.0.201812190825/tools/compiler/bin/../lib/gcc/arm-none-eabi/7.3.1/../../../../arm-none-eabi/lib/thumb/v7e-m/fpv4-sp/hard\libc_nano.a(lib_a-malloc.o)
                0x080046d4                malloc
 .text.free     0x080046e4       0x10 d:/openstm/plugins/fr.ac6.mcu.externaltools.arm-none.win32_1.17.0.201812190825/tools/compiler/bin/../lib/gcc/arm-none-eabi/7.3.1/../../../../arm-none-eabi/lib/thumb/v7e-m/fpv4-sp/hard\libc_nano.a(lib_a-malloc.o)
                0x080046e4                free
 .text.memset   0x080046f4       0x10 d:/openstm/plugins/fr.ac6.mcu.externaltools.arm-none.win32_1.17.0.201812190825/tools/compiler/bin/../lib/gcc/arm-none-eabi/7.3.1/../../../../arm-none-eabi/lib/thumb/v7e-m/fpv4-sp/hard\libc_nano.a(lib_a-memset.o)
                0x080046f4                memset
 .text._free_r  0x08004704       0x9c d:/openstm/plugins/fr.ac6.mcu.externaltools.arm-none.win32_1.17.0.201812190825/tools/compiler/bin/../lib/gcc/arm-none-eabi/7.3.1/../../../../arm-none-eabi/lib/thumb/v7e-m/fpv4-sp/hard\libc_nano.a(lib_a-nano-freer.o)
                0x08004704                _free_r
 .text._malloc_r
                0x080047a0       0xb4 d:/openstm/plugins/fr.ac6.mcu.externaltools.arm-none.win32_1.17.0.201812190825/tools/compiler/bin/../lib/gcc/arm-none-eabi/7.3.1/../../../../arm-none-eabi/lib/thumb/v7e-m/fpv4-sp/hard\libc_nano.a(lib_a-nano-mallocr.o)
                0x080047a0                _malloc_r
 .text._sbrk_r  0x08004854       0x20 d:/openstm/plugins/fr.ac6.mcu.externaltools.arm-none.win32_1.17.0.201812190825/tools/compiler/bin/../lib/gcc/arm-none-eabi/7.3.1/../../../../arm-none-eabi/lib/thumb/v7e-m/fpv4-sp/hard\libc_nano.a(lib_a-sbrkr.o)
                0x08004854                _sbrk_r
 .text.__malloc_lock
                0x08004874        0x2 d:/openstm/plugins/fr.ac6.mcu.externaltools.arm-none.win32_1.17.0.201812190825/tools/compiler/bin/../lib/gcc/arm-none-eabi/7.3.1/../../../../arm-none-eabi/lib/thumb/v7e-m/fpv4-sp/hard\libc_nano.a(lib_a-mlock.o)
                0x08004874                __malloc_lock
 .text.__malloc_unlock
                0x08004876        0x2 d:/openstm/plugins/fr.ac6.mcu.externaltools.arm-none.win32_1.17.0.201812190825/tools/compiler/bin/../lib/gcc/arm-none-eabi/7.3.1/../../../../arm-none-eabi/lib/thumb/v7e-m/fpv4-sp/hard\libc_nano.a(lib_a-mlock.o)
                0x08004876                __malloc_unlock
 *(.glue_7)
 .glue_7        0x08004878        0x0 linker stubs
 *(.glue_7t)
 .glue_7t       0x08004878        0x0 linker stubs
 *(.eh_frame)
 .eh_frame      0x08004878        0x0 d:/openstm/plugins/fr.ac6.mcu.externaltools.arm-none.win32_1.17.0.201812190825/tools/compiler/bin/../lib/gcc/arm-none-eabi/7.3.1/thumb/v7e-m/fpv4-sp/hard/crtbegin.o
 *(.init)
 .init          0x08004878        0x4 d:/openstm/plugins/fr.ac6.mcu.externaltools.arm-none.win32_1.17.0.201812190825/tools/compiler/bin/../lib/gcc/arm-none-eabi/7.3.1/thumb/v7e-m/fpv4-sp/hard/crti.o
                0x08004878                _init
 .init          0x0800487c        0x8 d:/openstm/plugins/fr.ac6.mcu.externaltools.arm-none.win32_1.17.0.201812190825/tools/compiler/bin/../lib/gcc/arm-none-eabi/7.3.1/thumb/v7e-m/fpv4-sp/hard/crtn.o
 *(.fini)
 .fini          0x08004884        0x4 d:/openstm/plugins/fr.ac6.mcu.externaltools.arm-none.win32_1.17.0.201812190825/tools/compiler/bin/../lib/gcc/arm-none-eabi/7.3.1/thumb/v7e-m/fpv4-sp/hard/crti.o
                0x08004884                _fini
 .fini          0x08004888        0x8 d:/openstm/plugins/fr.ac6.mcu.externaltools.arm-none.win32_1.17.0.201812190825/tools/compiler/bin/../lib/gcc/arm-none-eabi/7.3.1/thumb/v7e-m/fpv4-sp/hard/crtn.o
                0x08004890                . = ALIGN (0x4)
                0x08004890                _etext = .

.vfp11_veneer   0x08004890        0x0
 .vfp11_veneer  0x08004890        0x0 linker stubs

.v4_bx          0x08004890        0x0
 .v4_bx         0x08004890        0x0 linker stubs

.iplt           0x08004890        0x0
 .iplt          0x08004890        0x0 d:/openstm/plugins/fr.ac6.mcu.externaltools.arm-none.win32_1.17.0.201812190825/tools/compiler/bin/../lib/gcc/arm-none-eabi/7.3.1/thumb/v7e-m/fpv4-sp/hard/crtbegin.o

.rodata         0x08004890       0x1c
                0x08004890                . = ALIGN (0x4)
 *(.rodata)
 .rodata        0x08004890       0x18 Core/Src/system_stm32f4xx.o
                0x08004890                AHBPrescTable
                0x080048a0                APBPrescTable
 *(.rodata*)
 .rodata.str1.4
                0x080048a8        0x4 Middlewares/ST/STM32_USB_Host_Library/Class/CDC/Src/usbh_cdc.o
                0x080048ac                . = ALIGN (0x4)

.ARM.extab
 *(.ARM.extab* .gnu.linkonce.armextab.*)

.ARM            0x080048ac        0x8
                0x080048ac                __exidx_start = .
 *(.ARM.exidx*)
 .ARM.exidx     0x080048ac        0x8 d:/openstm/plugins/fr.ac6.mcu.externaltools.arm-none.win32_1.17.0.201812190825/tools/compiler/bin/../lib/gcc/arm-none-eabi/7.3.1/thumb/v7e-m/fpv4-sp/hard\libgcc.a(_udivmoddi4.o)
                0x080048b4                __exidx_end = .

.rel.dyn        0x080048b4        0x0
 .rel.iplt      0x080048b4        0x0 d:/openstm/plugins/fr.ac6.mcu.externaltools.arm-none.win32_1.17.0.201812190825/tools/compiler/bin/../lib/gcc/arm-none-eabi/7.3.1/thumb/v7e-m/fpv4-sp/hard/crtbegin.o

.preinit_array  0x080048b4        0x0
                0x080048b4                PROVIDE (__preinit_array_start = .)
 *(.preinit_array*)
                0x080048b4                PROVIDE (__preinit_array_end = .)

.init_array     0x080048b4        0x4
                0x080048b4                PROVIDE (__init_array_start = .)
 *(SORT_BY_NAME(.init_array.*))
 *(.init_array*)
 .init_array    0x080048b4        0x4 d:/openstm/plugins/fr.ac6.mcu.externaltools.arm-none.win32_1.17.0.201812190825/tools/compiler/bin/../lib/gcc/arm-none-eabi/7.3.1/thumb/v7e-m/fpv4-sp/hard/crtbegin.o
                0x080048b8                PROVIDE (__init_array_end = .)

.fini_array     0x080048b8        0x4
                [!provide]                PROVIDE (__fini_array_start = .)
 *(SORT_BY_NAME(.fini_array.*))
 *(.fini_array*)
 .fini_array    0x080048b8        0x4 d:/openstm/plugins/fr.ac6.mcu.externaltools.arm-none.win32_1.17.0.201812190825/tools/compiler/bin/../lib/gcc/arm-none-eabi/7.3.1/thumb/v7e-m/fpv4-sp/hard/crtbegin.o
                [!provide]                PROVIDE (__fini_array_end = .)
                0x080048bc                _sidata = LOADADDR (.data)

.data           0x20000000       0x90 load address 0x080048bc
                0x20000000                . = ALIGN (0x4)
                0x20000000                _sdata = .
 *(.data)
 .data          0x20000000        0x4 Core/Src/system_stm32f4xx.o
                0x20000000                SystemCoreClock
 .data          0x20000004        0x8 Drivers/STM32F4xx_HAL_Driver/Src/stm32f4xx_hal.o
                0x20000004                uwTickFreq
                0x20000008                uwTickPrio
 .data          0x2000000c       0x20 Middlewares/ST/STM32_USB_Host_Library/Class/CDC/Src/usbh_cdc.o
                0x2000000c                CDC_Class
 *(.data*)
 .data._impure_ptr
                0x2000002c        0x4 d:/openstm/plugins/fr.ac6.mcu.externaltools.arm-none.win32_1.17.0.201812190825/tools/compiler/bin/../lib/gcc/arm-none-eabi/7.3.1/../../../../arm-none-eabi/lib/thumb/v7e-m/fpv4-sp/hard\libc_nano.a(lib_a-impure.o)
                0x2000002c                _impure_ptr
 .data.impure_data
                0x20000030       0x60 d:/openstm/plugins/fr.ac6.mcu.externaltools.arm-none.win32_1.17.0.201812190825/tools/compiler/bin/../lib/gcc/arm-none-eabi/7.3.1/../../../../arm-none-eabi/lib/thumb/v7e-m/fpv4-sp/hard\libc_nano.a(lib_a-impure.o)
                0x20000090                . = ALIGN (0x4)
                0x20000090                _edata = .
                0x0800494c                _siccmram = LOADADDR (.ccmram)

.igot.plt       0x20000090        0x0 load address 0x0800494c
 .igot.plt      0x20000090        0x0 d:/openstm/plugins/fr.ac6.mcu.externaltools.arm-none.win32_1.17.0.201812190825/tools/compiler/bin/../lib/gcc/arm-none-eabi/7.3.1/thumb/v7e-m/fpv4-sp/hard/crtbegin.o

.ccmram         0x10000000        0x0 load address 0x0800494c
                0x10000000                . = ALIGN (0x4)
                0x10000000                _sccmram = .
 *(.ccmram)
 *(.ccmram*)
                0x10000000                . = ALIGN (0x4)
                0x10000000                _eccmram = .
                0x10000000                . = ALIGN (0x4)

.bss            0x20000090      0x808
                0x20000090                _sbss = .
                0x20000090                __bss_start__ = _sbss
 *(.bss)
 .bss           0x20000090       0x1c d:/openstm/plugins/fr.ac6.mcu.externaltools.arm-none.win32_1.17.0.201812190825/tools/compiler/bin/../lib/gcc/arm-none-eabi/7.3.1/thumb/v7e-m/fpv4-sp/hard/crtbegin.o
 .bss           0x200000ac        0x8 Core/Src/syscalls.o
                0x200000b0                __env
 .bss           0x200000b4        0x1 USB_HOST/App/usb_host.o
                0x200000b4                Appli_state
 *(.bss*)
 *fill*         0x200000b5        0x3 
 .bss.__malloc_free_list
                0x200000b8        0x4 d:/openstm/plugins/fr.ac6.mcu.externaltools.arm-none.win32_1.17.0.201812190825/tools/compiler/bin/../lib/gcc/arm-none-eabi/7.3.1/../../../../arm-none-eabi/lib/thumb/v7e-m/fpv4-sp/hard\libc_nano.a(lib_a-nano-mallocr.o)
                0x200000b8                __malloc_free_list
 .bss.__malloc_sbrk_start
                0x200000bc        0x4 d:/openstm/plugins/fr.ac6.mcu.externaltools.arm-none.win32_1.17.0.201812190825/tools/compiler/bin/../lib/gcc/arm-none-eabi/7.3.1/../../../../arm-none-eabi/lib/thumb/v7e-m/fpv4-sp/hard\libc_nano.a(lib_a-nano-mallocr.o)
                0x200000bc                __malloc_sbrk_start
 *(COMMON)
 COMMON         0x200000c0       0x54 Core/Src/i2c.o
                0x200000c0                hi2c1
 COMMON         0x20000114       0x48 Core/Src/i2s.o
                0x20000114                hi2s3
 COMMON         0x2000015c       0x58 Core/Src/spi.o
                0x2000015c                hspi1
 COMMON         0x200001b4        0x4 Drivers/STM32F4xx_HAL_Driver/Src/stm32f4xx_hal.o
                0x200001b4                uwTick
 COMMON         0x200001b8      0x3d8 USB_HOST/App/usb_host.o
                0x200001b8                hUsbHostFS
 COMMON         0x20000590      0x304 USB_HOST/Target/usbh_conf.o
                0x20000590                hhcd_USB_OTG_FS
 COMMON         0x20000894        0x4 d:/openstm/plugins/fr.ac6.mcu.externaltools.arm-none.win32_1.17.0.201812190825/tools/compiler/bin/../lib/gcc/arm-none-eabi/7.3.1/../../../../arm-none-eabi/lib/thumb/v7e-m/fpv4-sp/hard\libc_nano.a(lib_a-reent.o)
                0x20000894                errno
                0x20000898                . = ALIGN (0x4)
                0x20000898                _ebss = .
                0x20000898                __bss_end__ = _ebss

._user_heap_stack
                0x20000898      0x600
                0x20000898                . = ALIGN (0x8)
                0x20000898                PROVIDE (end = .)
                [!provide]                PROVIDE (_end = .)
                0x20000a98                . = (. + _Min_Heap_Size)
 *fill*         0x20000898      0x200 
                0x20000e98                . = (. + _Min_Stack_Size)
 *fill*         0x20000a98      0x400 
                0x20000e98                . = ALIGN (0x8)

/DISCARD/
 libc.a(*)
 libm.a(*)
 libgcc.a(*)

.ARM.attributes
                0x00000000       0x30
 *(.ARM.attributes)
 .ARM.attributes
                0x00000000       0x22 d:/openstm/plugins/fr.ac6.mcu.externaltools.arm-none.win32_1.17.0.201812190825/tools/compiler/bin/../lib/gcc/arm-none-eabi/7.3.1/thumb/v7e-m/fpv4-sp/hard/crti.o
 .ARM.attributes
                0x00000022       0x34 d:/openstm/plugins/fr.ac6.mcu.externaltools.arm-none.win32_1.17.0.201812190825/tools/compiler/bin/../lib/gcc/arm-none-eabi/7.3.1/thumb/v7e-m/fpv4-sp/hard/crtbegin.o
 .ARM.attributes
                0x00000056       0x39 Core/Src/gpio.o
 .ARM.attributes
                0x0000008f       0x39 Core/Src/i2c.o
 .ARM.attributes
                0x000000c8       0x39 Core/Src/i2s.o
 .ARM.attributes
                0x00000101       0x39 Core/Src/main.o
 .ARM.attributes
                0x0000013a       0x39 Core/Src/spi.o
 .ARM.attributes
                0x00000173       0x39 Core/Src/stm32f4xx_hal_msp.o
 .ARM.attributes
                0x000001ac       0x39 Core/Src/stm32f4xx_it.o
 .ARM.attributes
                0x000001e5       0x39 Core/Src/syscalls.o
 .ARM.attributes
                0x0000021e       0x39 Core/Src/system_stm32f4xx.o
 .ARM.attributes
                0x00000257       0x39 Drivers/STM32F4xx_HAL_Driver/Src/stm32f4xx_hal.o
 .ARM.attributes
                0x00000290       0x39 Drivers/STM32F4xx_HAL_Driver/Src/stm32f4xx_hal_cortex.o
 .ARM.attributes
                0x000002c9       0x39 Drivers/STM32F4xx_HAL_Driver/Src/stm32f4xx_hal_gpio.o
 .ARM.attributes
                0x00000302       0x39 Drivers/STM32F4xx_HAL_Driver/Src/stm32f4xx_hal_hcd.o
 .ARM.attributes
                0x0000033b       0x39 Drivers/STM32F4xx_HAL_Driver/Src/stm32f4xx_hal_i2c.o
 .ARM.attributes
                0x00000374       0x39 Drivers/STM32F4xx_HAL_Driver/Src/stm32f4xx_hal_i2s.o
 .ARM.attributes
                0x000003ad       0x39 Drivers/STM32F4xx_HAL_Driver/Src/stm32f4xx_hal_i2s_ex.o
 .ARM.attributes
                0x000003e6       0x39 Drivers/STM32F4xx_HAL_Driver/Src/stm32f4xx_hal_rcc.o
 .ARM.attributes
                0x0000041f       0x39 Drivers/STM32F4xx_HAL_Driver/Src/stm32f4xx_hal_rcc_ex.o
 .ARM.attributes
                0x00000458       0x39 Drivers/STM32F4xx_HAL_Driver/Src/stm32f4xx_hal_spi.o
 .ARM.attributes
                0x00000491       0x39 Drivers/STM32F4xx_HAL_Driver/Src/stm32f4xx_ll_usb.o
 .ARM.attributes
                0x000004ca       0x39 Middlewares/ST/STM32_USB_Host_Library/Class/CDC/Src/usbh_cdc.o
 .ARM.attributes
                0x00000503       0x39 Middlewares/ST/STM32_USB_Host_Library/Core/Src/usbh_core.o
 .ARM.attributes
                0x0000053c       0x39 Middlewares/ST/STM32_USB_Host_Library/Core/Src/usbh_ctlreq.o
 .ARM.attributes
                0x00000575       0x39 Middlewares/ST/STM32_USB_Host_Library/Core/Src/usbh_ioreq.o
 .ARM.attributes
                0x000005ae       0x39 Middlewares/ST/STM32_USB_Host_Library/Core/Src/usbh_pipes.o
 .ARM.attributes
                0x000005e7       0x39 USB_HOST/App/usb_host.o
 .ARM.attributes
                0x00000620       0x39 USB_HOST/Target/usbh_conf.o
 .ARM.attributes
                0x00000659       0x39 USB_HOST/Target/usbh_platform.o
 .ARM.attributes
                0x00000692       0x21 startup/startup_stm32f407xx.o
 .ARM.attributes
                0x000006b3       0x22 d:/openstm/plugins/fr.ac6.mcu.externaltools.arm-none.win32_1.17.0.201812190825/tools/compiler/bin/../lib/gcc/arm-none-eabi/7.3.1/thumb/v7e-m/fpv4-sp/hard\libgcc.a(_aeabi_uldivmod.o)
 .ARM.attributes
                0x000006d5       0x34 d:/openstm/plugins/fr.ac6.mcu.externaltools.arm-none.win32_1.17.0.201812190825/tools/compiler/bin/../lib/gcc/arm-none-eabi/7.3.1/thumb/v7e-m/fpv4-sp/hard\libgcc.a(_udivmoddi4.o)
 .ARM.attributes
                0x00000709       0x22 d:/openstm/plugins/fr.ac6.mcu.externaltools.arm-none.win32_1.17.0.201812190825/tools/compiler/bin/../lib/gcc/arm-none-eabi/7.3.1/thumb/v7e-m/fpv4-sp/hard\libgcc.a(_dvmd_tls.o)
 .ARM.attributes
                0x0000072b       0x34 d:/openstm/plugins/fr.ac6.mcu.externaltools.arm-none.win32_1.17.0.201812190825/tools/compiler/bin/../lib/gcc/arm-none-eabi/7.3.1/../../../../arm-none-eabi/lib/thumb/v7e-m/fpv4-sp/hard\libc_nano.a(lib_a-errno.o)
 .ARM.attributes
                0x0000075f       0x34 d:/openstm/plugins/fr.ac6.mcu.externaltools.arm-none.win32_1.17.0.201812190825/tools/compiler/bin/../lib/gcc/arm-none-eabi/7.3.1/../../../../arm-none-eabi/lib/thumb/v7e-m/fpv4-sp/hard\libc_nano.a(lib_a-impure.o)
 .ARM.attributes
                0x00000793       0x34 d:/openstm/plugins/fr.ac6.mcu.externaltools.arm-none.win32_1.17.0.201812190825/tools/compiler/bin/../lib/gcc/arm-none-eabi/7.3.1/../../../../arm-none-eabi/lib/thumb/v7e-m/fpv4-sp/hard\libc_nano.a(lib_a-init.o)
 .ARM.attributes
                0x000007c7       0x34 d:/openstm/plugins/fr.ac6.mcu.externaltools.arm-none.win32_1.17.0.201812190825/tools/compiler/bin/../lib/gcc/arm-none-eabi/7.3.1/../../../../arm-none-eabi/lib/thumb/v7e-m/fpv4-sp/hard\libc_nano.a(lib_a-malloc.o)
 .ARM.attributes
                0x000007fb       0x34 d:/openstm/plugins/fr.ac6.mcu.externaltools.arm-none.win32_1.17.0.201812190825/tools/compiler/bin/../lib/gcc/arm-none-eabi/7.3.1/../../../../arm-none-eabi/lib/thumb/v7e-m/fpv4-sp/hard\libc_nano.a(lib_a-memset.o)
 .ARM.attributes
                0x0000082f       0x34 d:/openstm/plugins/fr.ac6.mcu.externaltools.arm-none.win32_1.17.0.201812190825/tools/compiler/bin/../lib/gcc/arm-none-eabi/7.3.1/../../../../arm-none-eabi/lib/thumb/v7e-m/fpv4-sp/hard\libc_nano.a(lib_a-nano-freer.o)
 .ARM.attributes
                0x00000863       0x34 d:/openstm/plugins/fr.ac6.mcu.externaltools.arm-none.win32_1.17.0.201812190825/tools/compiler/bin/../lib/gcc/arm-none-eabi/7.3.1/../../../../arm-none-eabi/lib/thumb/v7e-m/fpv4-sp/hard\libc_nano.a(lib_a-nano-mallocr.o)
 .ARM.attributes
                0x00000897       0x34 d:/openstm/plugins/fr.ac6.mcu.externaltools.arm-none.win32_1.17.0.201812190825/tools/compiler/bin/../lib/gcc/arm-none-eabi/7.3.1/../../../../arm-none-eabi/lib/thumb/v7e-m/fpv4-sp/hard\libc_nano.a(lib_a-sbrkr.o)
 .ARM.attributes
                0x000008cb       0x34 d:/openstm/plugins/fr.ac6.mcu.externaltools.arm-none.win32_1.17.0.201812190825/tools/compiler/bin/../lib/gcc/arm-none-eabi/7.3.1/../../../../arm-none-eabi/lib/thumb/v7e-m/fpv4-sp/hard\libc_nano.a(lib_a-mlock.o)
 .ARM.attributes
                0x000008ff       0x34 d:/openstm/plugins/fr.ac6.mcu.externaltools.arm-none.win32_1.17.0.201812190825/tools/compiler/bin/../lib/gcc/arm-none-eabi/7.3.1/../../../../arm-none-eabi/lib/thumb/v7e-m/fpv4-sp/hard\libc_nano.a(lib_a-reent.o)
 .ARM.attributes
                0x00000933       0x22 d:/openstm/plugins/fr.ac6.mcu.externaltools.arm-none.win32_1.17.0.201812190825/tools/compiler/bin/../lib/gcc/arm-none-eabi/7.3.1/thumb/v7e-m/fpv4-sp/hard/crtn.o
OUTPUT(UART2_Example.elf elf32-littlearm)

.debug_info     0x00000000    0x1e2ef
 .debug_info    0x00000000      0x66a Core/Src/gpio.o
 .debug_info    0x0000066a      0xa7b Core/Src/i2c.o
 .debug_info    0x000010e5      0xb14 Core/Src/i2s.o
 .debug_info    0x00001bf9      0xf5f Core/Src/main.o
 .debug_info    0x00002b58      0xa41 Core/Src/spi.o
 .debug_info    0x00003599      0x385 Core/Src/stm32f4xx_hal_msp.o
 .debug_info    0x0000391e      0x6f2 Core/Src/stm32f4xx_it.o
 .debug_info    0x00004010      0xfd3 Core/Src/syscalls.o
 .debug_info    0x00004fe3      0x559 Core/Src/system_stm32f4xx.o
 .debug_info    0x0000553c      0x9f1 Drivers/STM32F4xx_HAL_Driver/Src/stm32f4xx_hal.o
 .debug_info    0x00005f2d      0xf8c Drivers/STM32F4xx_HAL_Driver/Src/stm32f4xx_hal_cortex.o
 .debug_info    0x00006eb9      0x7d0 Drivers/STM32F4xx_HAL_Driver/Src/stm32f4xx_hal_gpio.o
 .debug_info    0x00007689     0x13a5 Drivers/STM32F4xx_HAL_Driver/Src/stm32f4xx_hal_hcd.o
 .debug_info    0x00008a2e     0x340c Drivers/STM32F4xx_HAL_Driver/Src/stm32f4xx_hal_i2c.o
 .debug_info    0x0000be3a     0x10d1 Drivers/STM32F4xx_HAL_Driver/Src/stm32f4xx_hal_i2s.o
 .debug_info    0x0000cf0b      0xdd2 Drivers/STM32F4xx_HAL_Driver/Src/stm32f4xx_hal_i2s_ex.o
 .debug_info    0x0000dcdd      0xa94 Drivers/STM32F4xx_HAL_Driver/Src/stm32f4xx_hal_rcc.o
 .debug_info    0x0000e771      0x6b5 Drivers/STM32F4xx_HAL_Driver/Src/stm32f4xx_hal_rcc_ex.o
 .debug_info    0x0000ee26     0x1c4c Drivers/STM32F4xx_HAL_Driver/Src/stm32f4xx_hal_spi.o
 .debug_info    0x00010a72     0x1bad Drivers/STM32F4xx_HAL_Driver/Src/stm32f4xx_ll_usb.o
 .debug_info    0x0001261f     0x1f09 Middlewares/ST/STM32_USB_Host_Library/Class/CDC/Src/usbh_cdc.o
 .debug_info    0x00014528     0x1ca6 Middlewares/ST/STM32_USB_Host_Library/Core/Src/usbh_core.o
 .debug_info    0x000161ce     0x1ae8 Middlewares/ST/STM32_USB_Host_Library/Core/Src/usbh_ctlreq.o
 .debug_info    0x00017cb6     0x16fb Middlewares/ST/STM32_USB_Host_Library/Core/Src/usbh_ioreq.o
 .debug_info    0x000193b1     0x13a3 Middlewares/ST/STM32_USB_Host_Library/Core/Src/usbh_pipes.o
 .debug_info    0x0001a754     0x1345 USB_HOST/App/usb_host.o
 .debug_info    0x0001ba99     0x2591 USB_HOST/Target/usbh_conf.o
 .debug_info    0x0001e02a      0x2a3 USB_HOST/Target/usbh_platform.o
 .debug_info    0x0001e2cd       0x22 startup/startup_stm32f407xx.o

.debug_abbrev   0x00000000     0x401d
 .debug_abbrev  0x00000000      0x162 Core/Src/gpio.o
 .debug_abbrev  0x00000162      0x1c9 Core/Src/i2c.o
 .debug_abbrev  0x0000032b      0x1c9 Core/Src/i2s.o
 .debug_abbrev  0x000004f4      0x1ef Core/Src/main.o
 .debug_abbrev  0x000006e3      0x1c9 Core/Src/spi.o
 .debug_abbrev  0x000008ac      0x12a Core/Src/stm32f4xx_hal_msp.o
 .debug_abbrev  0x000009d6      0x182 Core/Src/stm32f4xx_it.o
 .debug_abbrev  0x00000b58      0x2d4 Core/Src/syscalls.o
 .debug_abbrev  0x00000e2c      0x12b Core/Src/system_stm32f4xx.o
 .debug_abbrev  0x00000f57      0x1ed Drivers/STM32F4xx_HAL_Driver/Src/stm32f4xx_hal.o
 .debug_abbrev  0x00001144      0x328 Drivers/STM32F4xx_HAL_Driver/Src/stm32f4xx_hal_cortex.o
 .debug_abbrev  0x0000146c      0x1e7 Drivers/STM32F4xx_HAL_Driver/Src/stm32f4xx_hal_gpio.o
 .debug_abbrev  0x00001653      0x27f Drivers/STM32F4xx_HAL_Driver/Src/stm32f4xx_hal_hcd.o
 .debug_abbrev  0x000018d2      0x275 Drivers/STM32F4xx_HAL_Driver/Src/stm32f4xx_hal_i2c.o
 .debug_abbrev  0x00001b47      0x243 Drivers/STM32F4xx_HAL_Driver/Src/stm32f4xx_hal_i2s.o
 .debug_abbrev  0x00001d8a      0x281 Drivers/STM32F4xx_HAL_Driver/Src/stm32f4xx_hal_i2s_ex.o
 .debug_abbrev  0x0000200b      0x273 Drivers/STM32F4xx_HAL_Driver/Src/stm32f4xx_hal_rcc.o
 .debug_abbrev  0x0000227e      0x179 Drivers/STM32F4xx_HAL_Driver/Src/stm32f4xx_hal_rcc_ex.o
 .debug_abbrev  0x000023f7      0x249 Drivers/STM32F4xx_HAL_Driver/Src/stm32f4xx_hal_spi.o
 .debug_abbrev  0x00002640      0x2b3 Drivers/STM32F4xx_HAL_Driver/Src/stm32f4xx_ll_usb.o
 .debug_abbrev  0x000028f3      0x359 Middlewares/ST/STM32_USB_Host_Library/Class/CDC/Src/usbh_cdc.o
 .debug_abbrev  0x00002c4c      0x382 Middlewares/ST/STM32_USB_Host_Library/Core/Src/usbh_core.o
 .debug_abbrev  0x00002fce      0x363 Middlewares/ST/STM32_USB_Host_Library/Core/Src/usbh_ctlreq.o
 .debug_abbrev  0x00003331      0x292 Middlewares/ST/STM32_USB_Host_Library/Core/Src/usbh_ioreq.o
 .debug_abbrev  0x000035c3      0x2cc Middlewares/ST/STM32_USB_Host_Library/Core/Src/usbh_pipes.o
 .debug_abbrev  0x0000388f      0x2b5 USB_HOST/App/usb_host.o
 .debug_abbrev  0x00003b44      0x399 USB_HOST/Target/usbh_conf.o
 .debug_abbrev  0x00003edd      0x12e USB_HOST/Target/usbh_platform.o
 .debug_abbrev  0x0000400b       0x12 startup/startup_stm32f407xx.o

.debug_aranges  0x00000000     0x1188
 .debug_aranges
                0x00000000       0x20 Core/Src/gpio.o
 .debug_aranges
                0x00000020       0x30 Core/Src/i2c.o
 .debug_aranges
                0x00000050       0x30 Core/Src/i2s.o
 .debug_aranges
                0x00000080       0x30 Core/Src/main.o
 .debug_aranges
                0x000000b0       0x30 Core/Src/spi.o
 .debug_aranges
                0x000000e0       0x20 Core/Src/stm32f4xx_hal_msp.o
 .debug_aranges
                0x00000100       0x68 Core/Src/stm32f4xx_it.o
 .debug_aranges
                0x00000168       0xb0 Core/Src/syscalls.o
 .debug_aranges
                0x00000218       0x28 Core/Src/system_stm32f4xx.o
 .debug_aranges
                0x00000240       0xf0 Drivers/STM32F4xx_HAL_Driver/Src/stm32f4xx_hal.o
 .debug_aranges
                0x00000330       0xa8 Drivers/STM32F4xx_HAL_Driver/Src/stm32f4xx_hal_cortex.o
 .debug_aranges
                0x000003d8       0x58 Drivers/STM32F4xx_HAL_Driver/Src/stm32f4xx_hal_gpio.o
 .debug_aranges
                0x00000430       0xf8 Drivers/STM32F4xx_HAL_Driver/Src/stm32f4xx_hal_hcd.o
 .debug_aranges
                0x00000528      0x2a0 Drivers/STM32F4xx_HAL_Driver/Src/stm32f4xx_hal_i2c.o
 .debug_aranges
                0x000007c8      0x108 Drivers/STM32F4xx_HAL_Driver/Src/stm32f4xx_hal_i2s.o
 .debug_aranges
                0x000008d0       0x88 Drivers/STM32F4xx_HAL_Driver/Src/stm32f4xx_hal_i2s_ex.o
 .debug_aranges
                0x00000958       0x88 Drivers/STM32F4xx_HAL_Driver/Src/stm32f4xx_hal_rcc.o
 .debug_aranges
                0x000009e0       0x48 Drivers/STM32F4xx_HAL_Driver/Src/stm32f4xx_hal_rcc_ex.o
 .debug_aranges
                0x00000a28      0x1d0 Drivers/STM32F4xx_HAL_Driver/Src/stm32f4xx_hal_spi.o
 .debug_aranges
                0x00000bf8      0x198 Drivers/STM32F4xx_HAL_Driver/Src/stm32f4xx_ll_usb.o
 .debug_aranges
                0x00000d90       0xa8 Middlewares/ST/STM32_USB_Host_Library/Class/CDC/Src/usbh_cdc.o
 .debug_aranges
                0x00000e38       0xc0 Middlewares/ST/STM32_USB_Host_Library/Core/Src/usbh_core.o
 .debug_aranges
                0x00000ef8       0xa0 Middlewares/ST/STM32_USB_Host_Library/Core/Src/usbh_ctlreq.o
 .debug_aranges
                0x00000f98       0x60 Middlewares/ST/STM32_USB_Host_Library/Core/Src/usbh_ioreq.o
 .debug_aranges
                0x00000ff8       0x40 Middlewares/ST/STM32_USB_Host_Library/Core/Src/usbh_pipes.o
 .debug_aranges
                0x00001038       0x30 USB_HOST/App/usb_host.o
 .debug_aranges
                0x00001068       0xd8 USB_HOST/Target/usbh_conf.o
 .debug_aranges
                0x00001140       0x20 USB_HOST/Target/usbh_platform.o
 .debug_aranges
                0x00001160       0x28 startup/startup_stm32f407xx.o

.debug_ranges   0x00000000     0x10a0
 .debug_ranges  0x00000000       0x10 Core/Src/gpio.o
 .debug_ranges  0x00000010       0x20 Core/Src/i2c.o
 .debug_ranges  0x00000030       0x20 Core/Src/i2s.o
 .debug_ranges  0x00000050       0x20 Core/Src/main.o
 .debug_ranges  0x00000070       0x20 Core/Src/spi.o
 .debug_ranges  0x00000090       0x10 Core/Src/stm32f4xx_hal_msp.o
 .debug_ranges  0x000000a0       0x58 Core/Src/stm32f4xx_it.o
 .debug_ranges  0x000000f8       0xa0 Core/Src/syscalls.o
 .debug_ranges  0x00000198       0x18 Core/Src/system_stm32f4xx.o
 .debug_ranges  0x000001b0       0xe0 Drivers/STM32F4xx_HAL_Driver/Src/stm32f4xx_hal.o
 .debug_ranges  0x00000290       0xf8 Drivers/STM32F4xx_HAL_Driver/Src/stm32f4xx_hal_cortex.o
 .debug_ranges  0x00000388       0x48 Drivers/STM32F4xx_HAL_Driver/Src/stm32f4xx_hal_gpio.o
 .debug_ranges  0x000003d0       0xe8 Drivers/STM32F4xx_HAL_Driver/Src/stm32f4xx_hal_hcd.o
 .debug_ranges  0x000004b8      0x2b0 Drivers/STM32F4xx_HAL_Driver/Src/stm32f4xx_hal_i2c.o
 .debug_ranges  0x00000768      0x128 Drivers/STM32F4xx_HAL_Driver/Src/stm32f4xx_hal_i2s.o
 .debug_ranges  0x00000890       0x90 Drivers/STM32F4xx_HAL_Driver/Src/stm32f4xx_hal_i2s_ex.o
 .debug_ranges  0x00000920       0x90 Drivers/STM32F4xx_HAL_Driver/Src/stm32f4xx_hal_rcc.o
 .debug_ranges  0x000009b0       0x38 Drivers/STM32F4xx_HAL_Driver/Src/stm32f4xx_hal_rcc_ex.o
 .debug_ranges  0x000009e8      0x1c0 Drivers/STM32F4xx_HAL_Driver/Src/stm32f4xx_hal_spi.o
 .debug_ranges  0x00000ba8      0x188 Drivers/STM32F4xx_HAL_Driver/Src/stm32f4xx_ll_usb.o
 .debug_ranges  0x00000d30       0x98 Middlewares/ST/STM32_USB_Host_Library/Class/CDC/Src/usbh_cdc.o
 .debug_ranges  0x00000dc8       0xb0 Middlewares/ST/STM32_USB_Host_Library/Core/Src/usbh_core.o
 .debug_ranges  0x00000e78       0x90 Middlewares/ST/STM32_USB_Host_Library/Core/Src/usbh_ctlreq.o
 .debug_ranges  0x00000f08       0x50 Middlewares/ST/STM32_USB_Host_Library/Core/Src/usbh_ioreq.o
 .debug_ranges  0x00000f58       0x30 Middlewares/ST/STM32_USB_Host_Library/Core/Src/usbh_pipes.o
 .debug_ranges  0x00000f88       0x20 USB_HOST/App/usb_host.o
 .debug_ranges  0x00000fa8       0xc8 USB_HOST/Target/usbh_conf.o
 .debug_ranges  0x00001070       0x10 USB_HOST/Target/usbh_platform.o
 .debug_ranges  0x00001080       0x20 startup/startup_stm32f407xx.o

.debug_macro    0x00000000    0x25303
 .debug_macro   0x00000000      0x21f Core/Src/gpio.o
 .debug_macro   0x0000021f      0xa54 Core/Src/gpio.o
 .debug_macro   0x00000c73      0x2a7 Core/Src/gpio.o
 .debug_macro   0x00000f1a       0x2e Core/Src/gpio.o
 .debug_macro   0x00000f48       0x2f Core/Src/gpio.o
 .debug_macro   0x00000f77       0x22 Core/Src/gpio.o
 .debug_macro   0x00000f99       0x8e Core/Src/gpio.o
 .debug_macro   0x00001027       0x51 Core/Src/gpio.o
 .debug_macro   0x00001078       0xef Core/Src/gpio.o
 .debug_macro   0x00001167       0x6a Core/Src/gpio.o
 .debug_macro   0x000011d1      0x1df Core/Src/gpio.o
 .debug_macro   0x000013b0       0x1c Core/Src/gpio.o
 .debug_macro   0x000013cc       0x22 Core/Src/gpio.o
 .debug_macro   0x000013ee       0xdf Core/Src/gpio.o
 .debug_macro   0x000014cd     0x102d Core/Src/gpio.o
 .debug_macro   0x000024fa      0x11f Core/Src/gpio.o
 .debug_macro   0x00002619    0x15e58 Core/Src/gpio.o
 .debug_macro   0x00018471       0x6d Core/Src/gpio.o
 .debug_macro   0x000184de     0x3666 Core/Src/gpio.o
 .debug_macro   0x0001bb44      0x174 Core/Src/gpio.o
 .debug_macro   0x0001bcb8       0x5c Core/Src/gpio.o
 .debug_macro   0x0001bd14      0x96b Core/Src/gpio.o
 .debug_macro   0x0001c67f      0x9fe Core/Src/gpio.o
 .debug_macro   0x0001d07d      0x116 Core/Src/gpio.o
 .debug_macro   0x0001d193      0x13e Core/Src/gpio.o
 .debug_macro   0x0001d2d1       0xa5 Core/Src/gpio.o
 .debug_macro   0x0001d376      0x174 Core/Src/gpio.o
 .debug_macro   0x0001d4ea      0x287 Core/Src/gpio.o
 .debug_macro   0x0001d771       0x5f Core/Src/gpio.o
 .debug_macro   0x0001d7d0      0x236 Core/Src/gpio.o
 .debug_macro   0x0001da06      0x12c Core/Src/gpio.o
 .debug_macro   0x0001db32      0x21e Core/Src/gpio.o
 .debug_macro   0x0001dd50       0x2e Core/Src/gpio.o
 .debug_macro   0x0001dd7e      0x1b5 Core/Src/gpio.o
 .debug_macro   0x0001df33       0xd6 Core/Src/gpio.o
 .debug_macro   0x0001e009      0x1a7 Core/Src/gpio.o
 .debug_macro   0x0001e1b0       0x46 Core/Src/gpio.o
 .debug_macro   0x0001e1f6       0x4a Core/Src/gpio.o
 .debug_macro   0x0001e240      0x11a Core/Src/gpio.o
 .debug_macro   0x0001e35a       0x7e Core/Src/gpio.o
 .debug_macro   0x0001e3d8       0x89 Core/Src/gpio.o
 .debug_macro   0x0001e461      0x225 Core/Src/gpio.o
 .debug_macro   0x0001e686      0x21e Core/Src/gpio.o
 .debug_macro   0x0001e8a4       0x7c Core/Src/gpio.o
 .debug_macro   0x0001e920      0x12d Core/Src/gpio.o
 .debug_macro   0x0001ea4d      0x190 Core/Src/gpio.o
 .debug_macro   0x0001ebdd      0x21f Core/Src/i2c.o
 .debug_macro   0x0001edfc      0x21f Core/Src/i2s.o
 .debug_macro   0x0001f01b      0x24b Core/Src/main.o
 .debug_macro   0x0001f266      0x21f Core/Src/spi.o
 .debug_macro   0x0001f485      0x215 Core/Src/stm32f4xx_hal_msp.o
 .debug_macro   0x0001f69a      0x21f Core/Src/stm32f4xx_it.o
 .debug_macro   0x0001f8b9      0x243 Core/Src/syscalls.o
 .debug_macro   0x0001fafc       0x58 Core/Src/syscalls.o
 .debug_macro   0x0001fb54       0x18 Core/Src/syscalls.o
 .debug_macro   0x0001fb6c       0x94 Core/Src/syscalls.o
 .debug_macro   0x0001fc00       0x35 Core/Src/syscalls.o
 .debug_macro   0x0001fc35       0x34 Core/Src/syscalls.o
 .debug_macro   0x0001fc69       0x57 Core/Src/syscalls.o
 .debug_macro   0x0001fcc0      0x330 Core/Src/syscalls.o
 .debug_macro   0x0001fff0       0x58 Core/Src/syscalls.o
 .debug_macro   0x00020048       0x1f Core/Src/syscalls.o
 .debug_macro   0x00020067       0x43 Core/Src/syscalls.o
 .debug_macro   0x000200aa       0x20 Core/Src/syscalls.o
 .debug_macro   0x000200ca      0x18e Core/Src/syscalls.o
 .debug_macro   0x00020258       0x10 Core/Src/syscalls.o
 .debug_macro   0x00020268       0x35 Core/Src/syscalls.o
 .debug_macro   0x0002029d       0x10 Core/Src/syscalls.o
 .debug_macro   0x000202ad       0x10 Core/Src/syscalls.o
 .debug_macro   0x000202bd       0x10 Core/Src/syscalls.o
 .debug_macro   0x000202cd       0x1c Core/Src/syscalls.o
 .debug_macro   0x000202e9       0x52 Core/Src/syscalls.o
 .debug_macro   0x0002033b       0x40 Core/Src/syscalls.o
 .debug_macro   0x0002037b       0x10 Core/Src/syscalls.o
 .debug_macro   0x0002038b       0x40 Core/Src/syscalls.o
 .debug_macro   0x000203cb       0xd7 Core/Src/syscalls.o
 .debug_macro   0x000204a2       0x1c Core/Src/syscalls.o
 .debug_macro   0x000204be       0x3d Core/Src/syscalls.o
 .debug_macro   0x000204fb       0x35 Core/Src/syscalls.o
 .debug_macro   0x00020530      0x122 Core/Src/syscalls.o
 .debug_macro   0x00020652       0x16 Core/Src/syscalls.o
 .debug_macro   0x00020668       0x16 Core/Src/syscalls.o
 .debug_macro   0x0002067e       0x29 Core/Src/syscalls.o
 .debug_macro   0x000206a7       0x10 Core/Src/syscalls.o
 .debug_macro   0x000206b7      0x241 Core/Src/syscalls.o
 .debug_macro   0x000208f8       0x1c Core/Src/syscalls.o
 .debug_macro   0x00020914       0x10 Core/Src/syscalls.o
 .debug_macro   0x00020924       0x10 Core/Src/syscalls.o
 .debug_macro   0x00020934       0x16 Core/Src/syscalls.o
 .debug_macro   0x0002094a      0x16f Core/Src/syscalls.o
 .debug_macro   0x00020ab9      0x189 Core/Src/syscalls.o
 .debug_macro   0x00020c42       0x16 Core/Src/syscalls.o
 .debug_macro   0x00020c58       0x88 Core/Src/syscalls.o
 .debug_macro   0x00020ce0      0x206 Core/Src/system_stm32f4xx.o
 .debug_macro   0x00020ee6      0x266 Drivers/STM32F4xx_HAL_Driver/Src/stm32f4xx_hal.o
 .debug_macro   0x0002114c      0x206 Drivers/STM32F4xx_HAL_Driver/Src/stm32f4xx_hal_cortex.o
 .debug_macro   0x00021352      0x20c Drivers/STM32F4xx_HAL_Driver/Src/stm32f4xx_hal_gpio.o
 .debug_macro   0x0002155e      0x206 Drivers/STM32F4xx_HAL_Driver/Src/stm32f4xx_hal_hcd.o
 .debug_macro   0x00021764      0x24d Drivers/STM32F4xx_HAL_Driver/Src/stm32f4xx_hal_i2c.o
 .debug_macro   0x000219b1      0x20e Drivers/STM32F4xx_HAL_Driver/Src/stm32f4xx_hal_i2s.o
 .debug_macro   0x00021bbf      0x206 Drivers/STM32F4xx_HAL_Driver/Src/stm32f4xx_hal_i2s_ex.o
 .debug_macro   0x00021dc5      0x22a Drivers/STM32F4xx_HAL_Driver/Src/stm32f4xx_hal_rcc.o
 .debug_macro   0x00021fef      0x206 Drivers/STM32F4xx_HAL_Driver/Src/stm32f4xx_hal_rcc_ex.o
 .debug_macro   0x000221f5      0x215 Drivers/STM32F4xx_HAL_Driver/Src/stm32f4xx_hal_spi.o
 .debug_macro   0x0002240a      0x206 Drivers/STM32F4xx_HAL_Driver/Src/stm32f4xx_ll_usb.o
 .debug_macro   0x00022610      0x426 Middlewares/ST/STM32_USB_Host_Library/Class/CDC/Src/usbh_cdc.o
 .debug_macro   0x00022a36       0x16 Middlewares/ST/STM32_USB_Host_Library/Class/CDC/Src/usbh_cdc.o
 .debug_macro   0x00022a4c       0x97 Middlewares/ST/STM32_USB_Host_Library/Class/CDC/Src/usbh_cdc.o
 .debug_macro   0x00022ae3       0xfd Middlewares/ST/STM32_USB_Host_Library/Class/CDC/Src/usbh_cdc.o
 .debug_macro   0x00022be0       0x16 Middlewares/ST/STM32_USB_Host_Library/Class/CDC/Src/usbh_cdc.o
 .debug_macro   0x00022bf6       0xd9 Middlewares/ST/STM32_USB_Host_Library/Class/CDC/Src/usbh_cdc.o
 .debug_macro   0x00022ccf       0x56 Middlewares/ST/STM32_USB_Host_Library/Class/CDC/Src/usbh_cdc.o
 .debug_macro   0x00022d25       0x73 Middlewares/ST/STM32_USB_Host_Library/Class/CDC/Src/usbh_cdc.o
 .debug_macro   0x00022d98      0x218 Middlewares/ST/STM32_USB_Host_Library/Class/CDC/Src/usbh_cdc.o
 .debug_macro   0x00022fb0       0x2e Middlewares/ST/STM32_USB_Host_Library/Class/CDC/Src/usbh_cdc.o
 .debug_macro   0x00022fde       0x2e Middlewares/ST/STM32_USB_Host_Library/Class/CDC/Src/usbh_cdc.o
 .debug_macro   0x0002300c       0x28 Middlewares/ST/STM32_USB_Host_Library/Class/CDC/Src/usbh_cdc.o
 .debug_macro   0x00023034      0x15c Middlewares/ST/STM32_USB_Host_Library/Class/CDC/Src/usbh_cdc.o
 .debug_macro   0x00023190      0x423 Middlewares/ST/STM32_USB_Host_Library/Core/Src/usbh_core.o
 .debug_macro   0x000235b3      0x41b Middlewares/ST/STM32_USB_Host_Library/Core/Src/usbh_ctlreq.o
 .debug_macro   0x000239ce       0x28 Middlewares/ST/STM32_USB_Host_Library/Core/Src/usbh_ctlreq.o
 .debug_macro   0x000239f6      0x415 Middlewares/ST/STM32_USB_Host_Library/Core/Src/usbh_ioreq.o
 .debug_macro   0x00023e0b      0x415 Middlewares/ST/STM32_USB_Host_Library/Core/Src/usbh_pipes.o
 .debug_macro   0x00024220      0x424 USB_HOST/App/usb_host.o
 .debug_macro   0x00024644       0x5e USB_HOST/App/usb_host.o
 .debug_macro   0x000246a2      0x32a USB_HOST/App/usb_host.o
 .debug_macro   0x000249cc      0x196 USB_HOST/App/usb_host.o
 .debug_macro   0x00024b62      0x162 USB_HOST/App/usb_host.o
 .debug_macro   0x00024cc4      0x425 USB_HOST/Target/usbh_conf.o
 .debug_macro   0x000250e9      0x21a USB_HOST/Target/usbh_platform.o

.debug_line     0x00000000    0x148c0
 .debug_line    0x00000000      0x84b Core/Src/gpio.o
 .debug_line    0x0000084b      0x858 Core/Src/i2c.o
 .debug_line    0x000010a3      0x86c Core/Src/i2s.o
 .debug_line    0x0000190f      0x90c Core/Src/main.o
 .debug_line    0x0000221b      0x85d Core/Src/spi.o
 .debug_line    0x00002a78      0x81d Core/Src/stm32f4xx_hal_msp.o
 .debug_line    0x00003295      0x8bd Core/Src/stm32f4xx_it.o
 .debug_line    0x00003b52      0x5a6 Core/Src/syscalls.o
 .debug_line    0x000040f8      0x83c Core/Src/system_stm32f4xx.o
 .debug_line    0x00004934      0xa1a Drivers/STM32F4xx_HAL_Driver/Src/stm32f4xx_hal.o
 .debug_line    0x0000534e      0xa6c Drivers/STM32F4xx_HAL_Driver/Src/stm32f4xx_hal_cortex.o
 .debug_line    0x00005dba      0x998 Drivers/STM32F4xx_HAL_Driver/Src/stm32f4xx_hal_gpio.o
 .debug_line    0x00006752      0xc9f Drivers/STM32F4xx_HAL_Driver/Src/stm32f4xx_hal_hcd.o
 .debug_line    0x000073f1     0x1e70 Drivers/STM32F4xx_HAL_Driver/Src/stm32f4xx_hal_i2c.o
 .debug_line    0x00009261      0xe4b Drivers/STM32F4xx_HAL_Driver/Src/stm32f4xx_hal_i2s.o
 .debug_line    0x0000a0ac      0xdda Drivers/STM32F4xx_HAL_Driver/Src/stm32f4xx_hal_i2s_ex.o
 .debug_line    0x0000ae86      0xaaa Drivers/STM32F4xx_HAL_Driver/Src/stm32f4xx_hal_rcc.o
 .debug_line    0x0000b930      0x932 Drivers/STM32F4xx_HAL_Driver/Src/stm32f4xx_hal_rcc_ex.o
 .debug_line    0x0000c262     0x128f Drivers/STM32F4xx_HAL_Driver/Src/stm32f4xx_hal_spi.o
 .debug_line    0x0000d4f1      0xf70 Drivers/STM32F4xx_HAL_Driver/Src/stm32f4xx_ll_usb.o
 .debug_line    0x0000e461      0xe1f Middlewares/ST/STM32_USB_Host_Library/Class/CDC/Src/usbh_cdc.o
 .debug_line    0x0000f280      0xeba Middlewares/ST/STM32_USB_Host_Library/Core/Src/usbh_core.o
 .debug_line    0x0001013a      0xdf2 Middlewares/ST/STM32_USB_Host_Library/Core/Src/usbh_ctlreq.o
 .debug_line    0x00010f2c      0xbb6 Middlewares/ST/STM32_USB_Host_Library/Core/Src/usbh_ioreq.o
 .debug_line    0x00011ae2      0xb6a Middlewares/ST/STM32_USB_Host_Library/Core/Src/usbh_pipes.o
 .debug_line    0x0001264c      0xbd7 USB_HOST/App/usb_host.o
 .debug_line    0x00013223      0xd71 USB_HOST/Target/usbh_conf.o
 .debug_line    0x00013f94      0x8ab USB_HOST/Target/usbh_platform.o
 .debug_line    0x0001483f       0x81 startup/startup_stm32f407xx.o

.debug_str      0x00000000    0xcbfb0
 .debug_str     0x00000000    0xc0117 Core/Src/gpio.o
                              0xc03b1 (size before relaxing)
 .debug_str     0x000c0117      0x51f Core/Src/i2c.o
                              0xc08ca (size before relaxing)
 .debug_str     0x000c0636      0x290 Core/Src/i2s.o
                              0xc08b2 (size before relaxing)
 .debug_str     0x000c08c6      0x323 Core/Src/main.o
                              0xc0d38 (size before relaxing)
 .debug_str     0x000c0be9       0x4b Core/Src/spi.o
                              0xc0827 (size before relaxing)
 .debug_str     0x000c0c34       0x49 Core/Src/stm32f4xx_hal_msp.o
                              0xc0311 (size before relaxing)
 .debug_str     0x000c0c7d      0x45c Core/Src/stm32f4xx_it.o
                              0xc06d2 (size before relaxing)
 .debug_str     0x000c10d9     0x4f77 Core/Src/syscalls.o
                               0x85da (size before relaxing)
 .debug_str     0x000c6050       0xaf Core/Src/system_stm32f4xx.o
                              0xbfd01 (size before relaxing)
 .debug_str     0x000c60ff      0xa62 Drivers/STM32F4xx_HAL_Driver/Src/stm32f4xx_hal.o
                              0xc0828 (size before relaxing)
 .debug_str     0x000c6b61      0x34d Drivers/STM32F4xx_HAL_Driver/Src/stm32f4xx_hal_cortex.o
                              0xc05d2 (size before relaxing)
 .debug_str     0x000c6eae      0x12f Drivers/STM32F4xx_HAL_Driver/Src/stm32f4xx_hal_gpio.o
                              0xbfea8 (size before relaxing)
 .debug_str     0x000c6fdd      0x531 Drivers/STM32F4xx_HAL_Driver/Src/stm32f4xx_hal_hcd.o
                              0xc04f6 (size before relaxing)
 .debug_str     0x000c750e      0xaf7 Drivers/STM32F4xx_HAL_Driver/Src/stm32f4xx_hal_i2c.o
                              0xc0ce8 (size before relaxing)
 .debug_str     0x000c8005      0x29d Drivers/STM32F4xx_HAL_Driver/Src/stm32f4xx_hal_i2s.o
                              0xc0310 (size before relaxing)
 .debug_str     0x000c82a2      0x1f1 Drivers/STM32F4xx_HAL_Driver/Src/stm32f4xx_hal_i2s_ex.o
                              0xc023b (size before relaxing)
 .debug_str     0x000c8493      0x213 Drivers/STM32F4xx_HAL_Driver/Src/stm32f4xx_hal_rcc.o
                              0xc012a (size before relaxing)
 .debug_str     0x000c86a6       0xde Drivers/STM32F4xx_HAL_Driver/Src/stm32f4xx_hal_rcc_ex.o
                              0xbfe64 (size before relaxing)
 .debug_str     0x000c8784      0x532 Drivers/STM32F4xx_HAL_Driver/Src/stm32f4xx_hal_spi.o
                              0xc05e1 (size before relaxing)
 .debug_str     0x000c8cb6      0x4ff Drivers/STM32F4xx_HAL_Driver/Src/stm32f4xx_ll_usb.o
                              0xc062c (size before relaxing)
 .debug_str     0x000c91b5     0x263c Middlewares/ST/STM32_USB_Host_Library/Class/CDC/Src/usbh_cdc.o
                              0xc67e0 (size before relaxing)
 .debug_str     0x000cb7f1      0x304 Middlewares/ST/STM32_USB_Host_Library/Core/Src/usbh_core.o
                              0xc5cd5 (size before relaxing)
 .debug_str     0x000cbaf5      0x1db Middlewares/ST/STM32_USB_Host_Library/Core/Src/usbh_ctlreq.o
                              0xc5c5c (size before relaxing)
 .debug_str     0x000cbcd0       0xb2 Middlewares/ST/STM32_USB_Host_Library/Core/Src/usbh_ioreq.o
                              0xc5a90 (size before relaxing)
 .debug_str     0x000cbd82       0x80 Middlewares/ST/STM32_USB_Host_Library/Core/Src/usbh_pipes.o
                              0xc5a26 (size before relaxing)
 .debug_str     0x000cbe02       0xa2 USB_HOST/App/usb_host.o
                              0xc6133 (size before relaxing)
 .debug_str     0x000cbea4       0xba USB_HOST/Target/usbh_conf.o
                              0xc690e (size before relaxing)
 .debug_str     0x000cbf5e       0x23 USB_HOST/Target/usbh_platform.o
                              0xbfc3c (size before relaxing)
 .debug_str     0x000cbf81       0x2f startup/startup_stm32f407xx.o
                                 0x9a (size before relaxing)

.comment        0x00000000       0x7f
 .comment       0x00000000       0x7f Core/Src/gpio.o
                                 0x80 (size before relaxing)
 .comment       0x0000007f       0x80 Core/Src/i2c.o
 .comment       0x0000007f       0x80 Core/Src/i2s.o
 .comment       0x0000007f       0x80 Core/Src/main.o
 .comment       0x0000007f       0x80 Core/Src/spi.o
 .comment       0x0000007f       0x80 Core/Src/stm32f4xx_hal_msp.o
 .comment       0x0000007f       0x80 Core/Src/stm32f4xx_it.o
 .comment       0x0000007f       0x80 Core/Src/syscalls.o
 .comment       0x0000007f       0x80 Core/Src/system_stm32f4xx.o
 .comment       0x0000007f       0x80 Drivers/STM32F4xx_HAL_Driver/Src/stm32f4xx_hal.o
 .comment       0x0000007f       0x80 Drivers/STM32F4xx_HAL_Driver/Src/stm32f4xx_hal_cortex.o
 .comment       0x0000007f       0x80 Drivers/STM32F4xx_HAL_Driver/Src/stm32f4xx_hal_gpio.o
 .comment       0x0000007f       0x80 Drivers/STM32F4xx_HAL_Driver/Src/stm32f4xx_hal_hcd.o
 .comment       0x0000007f       0x80 Drivers/STM32F4xx_HAL_Driver/Src/stm32f4xx_hal_i2c.o
 .comment       0x0000007f       0x80 Drivers/STM32F4xx_HAL_Driver/Src/stm32f4xx_hal_i2s.o
 .comment       0x0000007f       0x80 Drivers/STM32F4xx_HAL_Driver/Src/stm32f4xx_hal_i2s_ex.o
 .comment       0x0000007f       0x80 Drivers/STM32F4xx_HAL_Driver/Src/stm32f4xx_hal_rcc.o
 .comment       0x0000007f       0x80 Drivers/STM32F4xx_HAL_Driver/Src/stm32f4xx_hal_rcc_ex.o
 .comment       0x0000007f       0x80 Drivers/STM32F4xx_HAL_Driver/Src/stm32f4xx_hal_spi.o
 .comment       0x0000007f       0x80 Drivers/STM32F4xx_HAL_Driver/Src/stm32f4xx_ll_usb.o
 .comment       0x0000007f       0x80 Middlewares/ST/STM32_USB_Host_Library/Class/CDC/Src/usbh_cdc.o
 .comment       0x0000007f       0x80 Middlewares/ST/STM32_USB_Host_Library/Core/Src/usbh_core.o
 .comment       0x0000007f       0x80 Middlewares/ST/STM32_USB_Host_Library/Core/Src/usbh_ctlreq.o
 .comment       0x0000007f       0x80 Middlewares/ST/STM32_USB_Host_Library/Core/Src/usbh_ioreq.o
 .comment       0x0000007f       0x80 Middlewares/ST/STM32_USB_Host_Library/Core/Src/usbh_pipes.o
 .comment       0x0000007f       0x80 USB_HOST/App/usb_host.o
 .comment       0x0000007f       0x80 USB_HOST/Target/usbh_conf.o
 .comment       0x0000007f       0x80 USB_HOST/Target/usbh_platform.o

.debug_frame    0x00000000     0x3208
 .debug_frame   0x00000000       0x3c Core/Src/gpio.o
 .debug_frame   0x0000003c       0x64 Core/Src/i2c.o
 .debug_frame   0x000000a0       0x64 Core/Src/i2s.o
 .debug_frame   0x00000104       0x58 Core/Src/main.o
 .debug_frame   0x0000015c       0x60 Core/Src/spi.o
 .debug_frame   0x000001bc       0x2c Core/Src/stm32f4xx_hal_msp.o
 .debug_frame   0x000001e8       0xc0 Core/Src/stm32f4xx_it.o
 .debug_frame   0x000002a8      0x1a8 Core/Src/syscalls.o
 .debug_frame   0x00000450       0x30 Core/Src/system_stm32f4xx.o
 .debug_frame   0x00000480      0x1ec Drivers/STM32F4xx_HAL_Driver/Src/stm32f4xx_hal.o
 .debug_frame   0x0000066c      0x15c Drivers/STM32F4xx_HAL_Driver/Src/stm32f4xx_hal_cortex.o
 .debug_frame   0x000007c8       0xd8 Drivers/STM32F4xx_HAL_Driver/Src/stm32f4xx_hal_gpio.o
 .debug_frame   0x000008a0      0x2b0 Drivers/STM32F4xx_HAL_Driver/Src/stm32f4xx_hal_hcd.o
 .debug_frame   0x00000b50      0x950 Drivers/STM32F4xx_HAL_Driver/Src/stm32f4xx_hal_i2c.o
 .debug_frame   0x000014a0      0x328 Drivers/STM32F4xx_HAL_Driver/Src/stm32f4xx_hal_i2s.o
 .debug_frame   0x000017c8      0x188 Drivers/STM32F4xx_HAL_Driver/Src/stm32f4xx_hal_i2s_ex.o
 .debug_frame   0x00001950      0x184 Drivers/STM32F4xx_HAL_Driver/Src/stm32f4xx_hal_rcc.o
 .debug_frame   0x00001ad4       0xa4 Drivers/STM32F4xx_HAL_Driver/Src/stm32f4xx_hal_rcc_ex.o
 .debug_frame   0x00001b78      0x5a0 Drivers/STM32F4xx_HAL_Driver/Src/stm32f4xx_hal_spi.o
 .debug_frame   0x00002118      0x4b8 Drivers/STM32F4xx_HAL_Driver/Src/stm32f4xx_ll_usb.o
 .debug_frame   0x000025d0      0x1bc Middlewares/ST/STM32_USB_Host_Library/Class/CDC/Src/usbh_cdc.o
 .debug_frame   0x0000278c      0x200 Middlewares/ST/STM32_USB_Host_Library/Core/Src/usbh_core.o
 .debug_frame   0x0000298c      0x1e8 Middlewares/ST/STM32_USB_Host_Library/Core/Src/usbh_ctlreq.o
 .debug_frame   0x00002b74      0x130 Middlewares/ST/STM32_USB_Host_Library/Core/Src/usbh_ioreq.o
 .debug_frame   0x00002ca4       0x84 Middlewares/ST/STM32_USB_Host_Library/Core/Src/usbh_pipes.o
 .debug_frame   0x00002d28       0x50 USB_HOST/App/usb_host.o
 .debug_frame   0x00002d78      0x250 USB_HOST/Target/usbh_conf.o
 .debug_frame   0x00002fc8       0x28 USB_HOST/Target/usbh_platform.o
 .debug_frame   0x00002ff0       0x2c d:/openstm/plugins/fr.ac6.mcu.externaltools.arm-none.win32_1.17.0.201812190825/tools/compiler/bin/../lib/gcc/arm-none-eabi/7.3.1/thumb/v7e-m/fpv4-sp/hard\libgcc.a(_aeabi_uldivmod.o)
 .debug_frame   0x0000301c       0x34 d:/openstm/plugins/fr.ac6.mcu.externaltools.arm-none.win32_1.17.0.201812190825/tools/compiler/bin/../lib/gcc/arm-none-eabi/7.3.1/thumb/v7e-m/fpv4-sp/hard\libgcc.a(_udivmoddi4.o)
 .debug_frame   0x00003050       0x20 d:/openstm/plugins/fr.ac6.mcu.externaltools.arm-none.win32_1.17.0.201812190825/tools/compiler/bin/../lib/gcc/arm-none-eabi/7.3.1/../../../../arm-none-eabi/lib/thumb/v7e-m/fpv4-sp/hard\libc_nano.a(lib_a-errno.o)
 .debug_frame   0x00003070       0x2c d:/openstm/plugins/fr.ac6.mcu.externaltools.arm-none.win32_1.17.0.201812190825/tools/compiler/bin/../lib/gcc/arm-none-eabi/7.3.1/../../../../arm-none-eabi/lib/thumb/v7e-m/fpv4-sp/hard\libc_nano.a(lib_a-init.o)
 .debug_frame   0x0000309c       0x30 d:/openstm/plugins/fr.ac6.mcu.externaltools.arm-none.win32_1.17.0.201812190825/tools/compiler/bin/../lib/gcc/arm-none-eabi/7.3.1/../../../../arm-none-eabi/lib/thumb/v7e-m/fpv4-sp/hard\libc_nano.a(lib_a-malloc.o)
 .debug_frame   0x000030cc       0x20 d:/openstm/plugins/fr.ac6.mcu.externaltools.arm-none.win32_1.17.0.201812190825/tools/compiler/bin/../lib/gcc/arm-none-eabi/7.3.1/../../../../arm-none-eabi/lib/thumb/v7e-m/fpv4-sp/hard\libc_nano.a(lib_a-memset.o)
 .debug_frame   0x000030ec       0x38 d:/openstm/plugins/fr.ac6.mcu.externaltools.arm-none.win32_1.17.0.201812190825/tools/compiler/bin/../lib/gcc/arm-none-eabi/7.3.1/../../../../arm-none-eabi/lib/thumb/v7e-m/fpv4-sp/hard\libc_nano.a(lib_a-nano-freer.o)
 .debug_frame   0x00003124       0x2c d:/openstm/plugins/fr.ac6.mcu.externaltools.arm-none.win32_1.17.0.201812190825/tools/compiler/bin/../lib/gcc/arm-none-eabi/7.3.1/../../../../arm-none-eabi/lib/thumb/v7e-m/fpv4-sp/hard\libc_nano.a(lib_a-nano-mallocr.o)
 .debug_frame   0x00003150       0x2c d:/openstm/plugins/fr.ac6.mcu.externaltools.arm-none.win32_1.17.0.201812190825/tools/compiler/bin/../lib/gcc/arm-none-eabi/7.3.1/../../../../arm-none-eabi/lib/thumb/v7e-m/fpv4-sp/hard\libc_nano.a(lib_a-sbrkr.o)
 .debug_frame   0x0000317c       0x30 d:/openstm/plugins/fr.ac6.mcu.externaltools.arm-none.win32_1.17.0.201812190825/tools/compiler/bin/../lib/gcc/arm-none-eabi/7.3.1/../../../../arm-none-eabi/lib/thumb/v7e-m/fpv4-sp/hard\libc_nano.a(lib_a-mlock.o)
 .debug_frame   0x000031ac       0x5c d:/openstm/plugins/fr.ac6.mcu.externaltools.arm-none.win32_1.17.0.201812190825/tools/compiler/bin/../lib/gcc/arm-none-eabi/7.3.1/../../../../arm-none-eabi/lib/thumb/v7e-m/fpv4-sp/hard\libc_nano.a(lib_a-reent.o)

.debug_loc      0x00000000     0xdb98
 .debug_loc     0x00000000       0x5b Core/Src/i2c.o
 .debug_loc     0x0000005b       0x74 Core/Src/i2s.o
 .debug_loc     0x000000cf       0x74 Core/Src/spi.o
 .debug_loc     0x00000143      0x3af Core/Src/syscalls.o
 .debug_loc     0x000004f2      0x13e Core/Src/system_stm32f4xx.o
 .debug_loc     0x00000630      0x11b Drivers/STM32F4xx_HAL_Driver/Src/stm32f4xx_hal.o
 .debug_loc     0x0000074b      0x5ce Drivers/STM32F4xx_HAL_Driver/Src/stm32f4xx_hal_cortex.o
 .debug_loc     0x00000d19      0x475 Drivers/STM32F4xx_HAL_Driver/Src/stm32f4xx_hal_gpio.o
 .debug_loc     0x0000118e      0xe70 Drivers/STM32F4xx_HAL_Driver/Src/stm32f4xx_hal_hcd.o
 .debug_loc     0x00001ffe     0x39ef Drivers/STM32F4xx_HAL_Driver/Src/stm32f4xx_hal_i2c.o
 .debug_loc     0x000059ed      0xced Drivers/STM32F4xx_HAL_Driver/Src/stm32f4xx_hal_i2s.o
 .debug_loc     0x000066da      0xa9f Drivers/STM32F4xx_HAL_Driver/Src/stm32f4xx_hal_i2s_ex.o
 .debug_loc     0x00007179      0x40f Drivers/STM32F4xx_HAL_Driver/Src/stm32f4xx_hal_rcc.o
 .debug_loc     0x00007588      0x2c7 Drivers/STM32F4xx_HAL_Driver/Src/stm32f4xx_hal_rcc_ex.o
 .debug_loc     0x0000784f     0x1a84 Drivers/STM32F4xx_HAL_Driver/Src/stm32f4xx_hal_spi.o
 .debug_loc     0x000092d3     0x1f94 Drivers/STM32F4xx_HAL_Driver/Src/stm32f4xx_ll_usb.o
 .debug_loc     0x0000b267      0x612 Middlewares/ST/STM32_USB_Host_Library/Class/CDC/Src/usbh_cdc.o
 .debug_loc     0x0000b879      0x84c Middlewares/ST/STM32_USB_Host_Library/Core/Src/usbh_core.o
 .debug_loc     0x0000c0c5      0xbc3 Middlewares/ST/STM32_USB_Host_Library/Core/Src/usbh_ctlreq.o
 .debug_loc     0x0000cc88      0x50f Middlewares/ST/STM32_USB_Host_Library/Core/Src/usbh_ioreq.o
 .debug_loc     0x0000d197      0x1be Middlewares/ST/STM32_USB_Host_Library/Core/Src/usbh_pipes.o
 .debug_loc     0x0000d355      0x7ee USB_HOST/Target/usbh_conf.o
 .debug_loc     0x0000db43       0x55 USB_HOST/Target/usbh_platform.o
