10:59:36 **** Build of configuration Debug for project UART2_Example ****
make -j8 all 
Building file: ../startup/startup_stm32f407xx.s
Building file: ../USB_HOST/Target/usbh_conf.c
Building file: ../USB_HOST/Target/usbh_platform.c
Building file: ../USB_HOST/App/usb_host.c
Building file: ../Middlewares/ST/STM32_USB_Host_Library/Core/Src/usbh_core.c
Invoking: MCU GCC Assembler
Invoking: MCU GCC Compiler
Invoking: MCU GCC Compiler
Invoking: MCU GCC Compiler
Invoking: MCU GCC Compiler
F:\Engineering\EngProjects\ARM\STMWorkBench\Udemy_Course2\My_WorkSpace\MasteringMCU_WS\UART2_Example\Debug
Building file: ../Middlewares/ST/STM32_USB_Host_Library/Core/Src/usbh_ctlreq.c
arm-none-eabi-as -mcpu=cortex-m4 -mthumb -mfloat-abi=hard -mfpu=fpv4-sp-d16 -g -o "startup/startup_stm32f407xx.o" "../startup/startup_stm32f407xx.s"
F:\Engineering\EngProjects\ARM\STMWorkBench\Udemy_Course2\My_WorkSpace\MasteringMCU_WS\UART2_Example\Debug
F:\Engineering\EngProjects\ARM\STMWorkBench\Udemy_Course2\My_WorkSpace\MasteringMCU_WS\UART2_Example\Debug
arm-none-eabi-gcc -mcpu=cortex-m4 -mthumb -mfloat-abi=hard -mfpu=fpv4-sp-d16 -DUSE_HAL_DRIVER -DSTM32F407xx -I"F:/Engineering/EngProjects/ARM/STMWorkBench/Udemy_Course2/My_WorkSpace/MasteringMCU_WS/UART2_Example/Core/Inc" -I"F:/Engineering/EngProjects/ARM/STMWorkBench/Udemy_Course2/My_WorkSpace/MasteringMCU_WS/UART2_Example/USB_HOST/App" -I"F:/Engineering/EngProjects/ARM/STMWorkBench/Udemy_Course2/My_WorkSpace/MasteringMCU_WS/UART2_Example/USB_HOST/Target" -I"F:/Engineering/EngProjects/ARM/STMWorkBench/Udemy_Course2/My_WorkSpace/MasteringMCU_WS/UART2_Example/Drivers/STM32F4xx_HAL_Driver/Inc" -I"F:/Engineering/EngProjects/ARM/STMWorkBench/Udemy_Course2/My_WorkSpace/MasteringMCU_WS/UART2_Example/Drivers/STM32F4xx_HAL_Driver/Inc/Legacy" -I"F:/Engineering/EngProjects/ARM/STMWorkBench/Udemy_Course2/My_WorkSpace/MasteringMCU_WS/UART2_Example/Middlewares/ST/STM32_USB_Host_Library/Core/Inc" -I"F:/Engineering/EngProjects/ARM/STMWorkBench/Udemy_Course2/My_WorkSpace/MasteringMCU_WS/UART2_Example/Middlewares/ST/STM32_USB_Host_Library/Class/CDC/Inc" -I"F:/Engineering/EngProjects/ARM/STMWorkBench/Udemy_Course2/My_WorkSpace/MasteringMCU_WS/UART2_Example/Drivers/CMSIS/Device/ST/STM32F4xx/Include" -I"F:/Engineering/EngProjects/ARM/STMWorkBench/Udemy_Course2/My_WorkSpace/MasteringMCU_WS/UART2_Example/Drivers/CMSIS/Include"  -Og -g3 -Wall -fmessage-length=0 -ffunction-sections -c -fmessage-length=0 -MMD -MP -MF"USB_HOST/Target/usbh_conf.d" -MT"USB_HOST/Target/usbh_conf.o" -o "USB_HOST/Target/usbh_conf.o" "../USB_HOST/Target/usbh_conf.c"
F:\Engineering\EngProjects\ARM\STMWorkBench\Udemy_Course2\My_WorkSpace\MasteringMCU_WS\UART2_Example\Debug
arm-none-eabi-gcc -mcpu=cortex-m4 -mthumb -mfloat-abi=hard -mfpu=fpv4-sp-d16 -DUSE_HAL_DRIVER -DSTM32F407xx -I"F:/Engineering/EngProjects/ARM/STMWorkBench/Udemy_Course2/My_WorkSpace/MasteringMCU_WS/UART2_Example/Core/Inc" -I"F:/Engineering/EngProjects/ARM/STMWorkBench/Udemy_Course2/My_WorkSpace/MasteringMCU_WS/UART2_Example/USB_HOST/App" -I"F:/Engineering/EngProjects/ARM/STMWorkBench/Udemy_Course2/My_WorkSpace/MasteringMCU_WS/UART2_Example/USB_HOST/Target" -I"F:/Engineering/EngProjects/ARM/STMWorkBench/Udemy_Course2/My_WorkSpace/MasteringMCU_WS/UART2_Example/Drivers/STM32F4xx_HAL_Driver/Inc" -I"F:/Engineering/EngProjects/ARM/STMWorkBench/Udemy_Course2/My_WorkSpace/MasteringMCU_WS/UART2_Example/Drivers/STM32F4xx_HAL_Driver/Inc/Legacy" -I"F:/Engineering/EngProjects/ARM/STMWorkBench/Udemy_Course2/My_WorkSpace/MasteringMCU_WS/UART2_Example/Middlewares/ST/STM32_USB_Host_Library/Core/Inc" -I"F:/Engineering/EngProjects/ARM/STMWorkBench/Udemy_Course2/My_WorkSpace/MasteringMCU_WS/UART2_Example/Middlewares/ST/STM32_USB_Host_Library/Class/CDC/Inc" -I"F:/Engineering/EngProjects/ARM/STMWorkBench/Udemy_Course2/My_WorkSpace/MasteringMCU_WS/UART2_Example/Drivers/CMSIS/Device/ST/STM32F4xx/Include" -I"F:/Engineering/EngProjects/ARM/STMWorkBench/Udemy_Course2/My_WorkSpace/MasteringMCU_WS/UART2_Example/Drivers/CMSIS/Include"  -Og -g3 -Wall -fmessage-length=0 -ffunction-sections -c -fmessage-length=0 -MMD -MP -MF"USB_HOST/Target/usbh_platform.d" -MT"USB_HOST/Target/usbh_platform.o" -o "USB_HOST/Target/usbh_platform.o" "../USB_HOST/Target/usbh_platform.c"
F:\Engineering\EngProjects\ARM\STMWorkBench\Udemy_Course2\My_WorkSpace\MasteringMCU_WS\UART2_Example\Debug
arm-none-eabi-gcc -mcpu=cortex-m4 -mthumb -mfloat-abi=hard -mfpu=fpv4-sp-d16 -DUSE_HAL_DRIVER -DSTM32F407xx -I"F:/Engineering/EngProjects/ARM/STMWorkBench/Udemy_Course2/My_WorkSpace/MasteringMCU_WS/UART2_Example/Core/Inc" -I"F:/Engineering/EngProjects/ARM/STMWorkBench/Udemy_Course2/My_WorkSpace/MasteringMCU_WS/UART2_Example/USB_HOST/App" -I"F:/Engineering/EngProjects/ARM/STMWorkBench/Udemy_Course2/My_WorkSpace/MasteringMCU_WS/UART2_Example/USB_HOST/Target" -I"F:/Engineering/EngProjects/ARM/STMWorkBench/Udemy_Course2/My_WorkSpace/MasteringMCU_WS/UART2_Example/Drivers/STM32F4xx_HAL_Driver/Inc" -I"F:/Engineering/EngProjects/ARM/STMWorkBench/Udemy_Course2/My_WorkSpace/MasteringMCU_WS/UART2_Example/Drivers/STM32F4xx_HAL_Driver/Inc/Legacy" -I"F:/Engineering/EngProjects/ARM/STMWorkBench/Udemy_Course2/My_WorkSpace/MasteringMCU_WS/UART2_Example/Middlewares/ST/STM32_USB_Host_Library/Core/Inc" -I"F:/Engineering/EngProjects/ARM/STMWorkBench/Udemy_Course2/My_WorkSpace/MasteringMCU_WS/UART2_Example/Middlewares/ST/STM32_USB_Host_Library/Class/CDC/Inc" -I"F:/Engineering/EngProjects/ARM/STMWorkBench/Udemy_Course2/My_WorkSpace/MasteringMCU_WS/UART2_Example/Drivers/CMSIS/Device/ST/STM32F4xx/Include" -I"F:/Engineering/EngProjects/ARM/STMWorkBench/Udemy_Course2/My_WorkSpace/MasteringMCU_WS/UART2_Example/Drivers/CMSIS/Include"  -Og -g3 -Wall -fmessage-length=0 -ffunction-sections -c -fmessage-length=0 -MMD -MP -MF"USB_HOST/App/usb_host.d" -MT"USB_HOST/App/usb_host.o" -o "USB_HOST/App/usb_host.o" "../USB_HOST/App/usb_host.c"
arm-none-eabi-gcc -mcpu=cortex-m4 -mthumb -mfloat-abi=hard -mfpu=fpv4-sp-d16 -DUSE_HAL_DRIVER -DSTM32F407xx -I"F:/Engineering/EngProjects/ARM/STMWorkBench/Udemy_Course2/My_WorkSpace/MasteringMCU_WS/UART2_Example/Core/Inc" -I"F:/Engineering/EngProjects/ARM/STMWorkBench/Udemy_Course2/My_WorkSpace/MasteringMCU_WS/UART2_Example/USB_HOST/App" -I"F:/Engineering/EngProjects/ARM/STMWorkBench/Udemy_Course2/My_WorkSpace/MasteringMCU_WS/UART2_Example/USB_HOST/Target" -I"F:/Engineering/EngProjects/ARM/STMWorkBench/Udemy_Course2/My_WorkSpace/MasteringMCU_WS/UART2_Example/Drivers/STM32F4xx_HAL_Driver/Inc" -I"F:/Engineering/EngProjects/ARM/STMWorkBench/Udemy_Course2/My_WorkSpace/MasteringMCU_WS/UART2_Example/Drivers/STM32F4xx_HAL_Driver/Inc/Legacy" -I"F:/Engineering/EngProjects/ARM/STMWorkBench/Udemy_Course2/My_WorkSpace/MasteringMCU_WS/UART2_Example/Middlewares/ST/STM32_USB_Host_Library/Core/Inc" -I"F:/Engineering/EngProjects/ARM/STMWorkBench/Udemy_Course2/My_WorkSpace/MasteringMCU_WS/UART2_Example/Middlewares/ST/STM32_USB_Host_Library/Class/CDC/Inc" -I"F:/Engineering/EngProjects/ARM/STMWorkBench/Udemy_Course2/My_WorkSpace/MasteringMCU_WS/UART2_Example/Drivers/CMSIS/Device/ST/STM32F4xx/Include" -I"F:/Engineering/EngProjects/ARM/STMWorkBench/Udemy_Course2/My_WorkSpace/MasteringMCU_WS/UART2_Example/Drivers/CMSIS/Include"  -Og -g3 -Wall -fmessage-length=0 -ffunction-sections -c -fmessage-length=0 -MMD -MP -MF"Middlewares/ST/STM32_USB_Host_Library/Core/Src/usbh_core.d" -MT"Middlewares/ST/STM32_USB_Host_Library/Core/Src/usbh_core.o" -o "Middlewares/ST/STM32_USB_Host_Library/Core/Src/usbh_core.o" "../Middlewares/ST/STM32_USB_Host_Library/Core/Src/usbh_core.c"
Invoking: MCU GCC Compiler
F:\Engineering\EngProjects\ARM\STMWorkBench\Udemy_Course2\My_WorkSpace\MasteringMCU_WS\UART2_Example\Debug
arm-none-eabi-gcc -mcpu=cortex-m4 -mthumb -mfloat-abi=hard -mfpu=fpv4-sp-d16 -DUSE_HAL_DRIVER -DSTM32F407xx -I"F:/Engineering/EngProjects/ARM/STMWorkBench/Udemy_Course2/My_WorkSpace/MasteringMCU_WS/UART2_Example/Core/Inc" -I"F:/Engineering/EngProjects/ARM/STMWorkBench/Udemy_Course2/My_WorkSpace/MasteringMCU_WS/UART2_Example/USB_HOST/App" -I"F:/Engineering/EngProjects/ARM/STMWorkBench/Udemy_Course2/My_WorkSpace/MasteringMCU_WS/UART2_Example/USB_HOST/Target" -I"F:/Engineering/EngProjects/ARM/STMWorkBench/Udemy_Course2/My_WorkSpace/MasteringMCU_WS/UART2_Example/Drivers/STM32F4xx_HAL_Driver/Inc" -I"F:/Engineering/EngProjects/ARM/STMWorkBench/Udemy_Course2/My_WorkSpace/MasteringMCU_WS/UART2_Example/Drivers/STM32F4xx_HAL_Driver/Inc/Legacy" -I"F:/Engineering/EngProjects/ARM/STMWorkBench/Udemy_Course2/My_WorkSpace/MasteringMCU_WS/UART2_Example/Middlewares/ST/STM32_USB_Host_Library/Core/Inc" -I"F:/Engineering/EngProjects/ARM/STMWorkBench/Udemy_Course2/My_WorkSpace/MasteringMCU_WS/UART2_Example/Middlewares/ST/STM32_USB_Host_Library/Class/CDC/Inc" -I"F:/Engineering/EngProjects/ARM/STMWorkBench/Udemy_Course2/My_WorkSpace/MasteringMCU_WS/UART2_Example/Drivers/CMSIS/Device/ST/STM32F4xx/Include" -I"F:/Engineering/EngProjects/ARM/STMWorkBench/Udemy_Course2/My_WorkSpace/MasteringMCU_WS/UART2_Example/Drivers/CMSIS/Include"  -Og -g3 -Wall -fmessage-length=0 -ffunction-sections -c -fmessage-length=0 -MMD -MP -MF"Middlewares/ST/STM32_USB_Host_Library/Core/Src/usbh_ctlreq.d" -MT"Middlewares/ST/STM32_USB_Host_Library/Core/Src/usbh_ctlreq.o" -o "Middlewares/ST/STM32_USB_Host_Library/Core/Src/usbh_ctlreq.o" "../Middlewares/ST/STM32_USB_Host_Library/Core/Src/usbh_ctlreq.c"
Building file: ../Middlewares/ST/STM32_USB_Host_Library/Core/Src/usbh_ioreq.c
Building file: ../Middlewares/ST/STM32_USB_Host_Library/Core/Src/usbh_pipes.c
Invoking: MCU GCC Compiler
Invoking: MCU GCC Compiler
F:\Engineering\EngProjects\ARM\STMWorkBench\Udemy_Course2\My_WorkSpace\MasteringMCU_WS\UART2_Example\Debug
F:\Engineering\EngProjects\ARM\STMWorkBench\Udemy_Course2\My_WorkSpace\MasteringMCU_WS\UART2_Example\Debug
arm-none-eabi-gcc -mcpu=cortex-m4 -mthumb -mfloat-abi=hard -mfpu=fpv4-sp-d16 -DUSE_HAL_DRIVER -DSTM32F407xx -I"F:/Engineering/EngProjects/ARM/STMWorkBench/Udemy_Course2/My_WorkSpace/MasteringMCU_WS/UART2_Example/Core/Inc" -I"F:/Engineering/EngProjects/ARM/STMWorkBench/Udemy_Course2/My_WorkSpace/MasteringMCU_WS/UART2_Example/USB_HOST/App" -I"F:/Engineering/EngProjects/ARM/STMWorkBench/Udemy_Course2/My_WorkSpace/MasteringMCU_WS/UART2_Example/USB_HOST/Target" -I"F:/Engineering/EngProjects/ARM/STMWorkBench/Udemy_Course2/My_WorkSpace/MasteringMCU_WS/UART2_Example/Drivers/STM32F4xx_HAL_Driver/Inc" -I"F:/Engineering/EngProjects/ARM/STMWorkBench/Udemy_Course2/My_WorkSpace/MasteringMCU_WS/UART2_Example/Drivers/STM32F4xx_HAL_Driver/Inc/Legacy" -I"F:/Engineering/EngProjects/ARM/STMWorkBench/Udemy_Course2/My_WorkSpace/MasteringMCU_WS/UART2_Example/Middlewares/ST/STM32_USB_Host_Library/Core/Inc" -I"F:/Engineering/EngProjects/ARM/STMWorkBench/Udemy_Course2/My_WorkSpace/MasteringMCU_WS/UART2_Example/Middlewares/ST/STM32_USB_Host_Library/Class/CDC/Inc" -I"F:/Engineering/EngProjects/ARM/STMWorkBench/Udemy_Course2/My_WorkSpace/MasteringMCU_WS/UART2_Example/Drivers/CMSIS/Device/ST/STM32F4xx/Include" -I"F:/Engineering/EngProjects/ARM/STMWorkBench/Udemy_Course2/My_WorkSpace/MasteringMCU_WS/UART2_Example/Drivers/CMSIS/Include"  -Og -g3 -Wall -fmessage-length=0 -ffunction-sections -c -fmessage-length=0 -MMD -MP -MF"Middlewares/ST/STM32_USB_Host_Library/Core/Src/usbh_ioreq.d" -MT"Middlewares/ST/STM32_USB_Host_Library/Core/Src/usbh_ioreq.o" -o "Middlewares/ST/STM32_USB_Host_Library/Core/Src/usbh_ioreq.o" "../Middlewares/ST/STM32_USB_Host_Library/Core/Src/usbh_ioreq.c"
arm-none-eabi-gcc -mcpu=cortex-m4 -mthumb -mfloat-abi=hard -mfpu=fpv4-sp-d16 -DUSE_HAL_DRIVER -DSTM32F407xx -I"F:/Engineering/EngProjects/ARM/STMWorkBench/Udemy_Course2/My_WorkSpace/MasteringMCU_WS/UART2_Example/Core/Inc" -I"F:/Engineering/EngProjects/ARM/STMWorkBench/Udemy_Course2/My_WorkSpace/MasteringMCU_WS/UART2_Example/USB_HOST/App" -I"F:/Engineering/EngProjects/ARM/STMWorkBench/Udemy_Course2/My_WorkSpace/MasteringMCU_WS/UART2_Example/USB_HOST/Target" -I"F:/Engineering/EngProjects/ARM/STMWorkBench/Udemy_Course2/My_WorkSpace/MasteringMCU_WS/UART2_Example/Drivers/STM32F4xx_HAL_Driver/Inc" -I"F:/Engineering/EngProjects/ARM/STMWorkBench/Udemy_Course2/My_WorkSpace/MasteringMCU_WS/UART2_Example/Drivers/STM32F4xx_HAL_Driver/Inc/Legacy" -I"F:/Engineering/EngProjects/ARM/STMWorkBench/Udemy_Course2/My_WorkSpace/MasteringMCU_WS/UART2_Example/Middlewares/ST/STM32_USB_Host_Library/Core/Inc" -I"F:/Engineering/EngProjects/ARM/STMWorkBench/Udemy_Course2/My_WorkSpace/MasteringMCU_WS/UART2_Example/Middlewares/ST/STM32_USB_Host_Library/Class/CDC/Inc" -I"F:/Engineering/EngProjects/ARM/STMWorkBench/Udemy_Course2/My_WorkSpace/MasteringMCU_WS/UART2_Example/Drivers/CMSIS/Device/ST/STM32F4xx/Include" -I"F:/Engineering/EngProjects/ARM/STMWorkBench/Udemy_Course2/My_WorkSpace/MasteringMCU_WS/UART2_Example/Drivers/CMSIS/Include"  -Og -g3 -Wall -fmessage-length=0 -ffunction-sections -c -fmessage-length=0 -MMD -MP -MF"Middlewares/ST/STM32_USB_Host_Library/Core/Src/usbh_pipes.d" -MT"Middlewares/ST/STM32_USB_Host_Library/Core/Src/usbh_pipes.o" -o "Middlewares/ST/STM32_USB_Host_Library/Core/Src/usbh_pipes.o" "../Middlewares/ST/STM32_USB_Host_Library/Core/Src/usbh_pipes.c"
Finished building: ../startup/startup_stm32f407xx.s
 
Building file: ../Middlewares/ST/STM32_USB_Host_Library/Class/CDC/Src/usbh_cdc.c
Invoking: MCU GCC Compiler
F:\Engineering\EngProjects\ARM\STMWorkBench\Udemy_Course2\My_WorkSpace\MasteringMCU_WS\UART2_Example\Debug
arm-none-eabi-gcc -mcpu=cortex-m4 -mthumb -mfloat-abi=hard -mfpu=fpv4-sp-d16 -DUSE_HAL_DRIVER -DSTM32F407xx -I"F:/Engineering/EngProjects/ARM/STMWorkBench/Udemy_Course2/My_WorkSpace/MasteringMCU_WS/UART2_Example/Core/Inc" -I"F:/Engineering/EngProjects/ARM/STMWorkBench/Udemy_Course2/My_WorkSpace/MasteringMCU_WS/UART2_Example/USB_HOST/App" -I"F:/Engineering/EngProjects/ARM/STMWorkBench/Udemy_Course2/My_WorkSpace/MasteringMCU_WS/UART2_Example/USB_HOST/Target" -I"F:/Engineering/EngProjects/ARM/STMWorkBench/Udemy_Course2/My_WorkSpace/MasteringMCU_WS/UART2_Example/Drivers/STM32F4xx_HAL_Driver/Inc" -I"F:/Engineering/EngProjects/ARM/STMWorkBench/Udemy_Course2/My_WorkSpace/MasteringMCU_WS/UART2_Example/Drivers/STM32F4xx_HAL_Driver/Inc/Legacy" -I"F:/Engineering/EngProjects/ARM/STMWorkBench/Udemy_Course2/My_WorkSpace/MasteringMCU_WS/UART2_Example/Middlewares/ST/STM32_USB_Host_Library/Core/Inc" -I"F:/Engineering/EngProjects/ARM/STMWorkBench/Udemy_Course2/My_WorkSpace/MasteringMCU_WS/UART2_Example/Middlewares/ST/STM32_USB_Host_Library/Class/CDC/Inc" -I"F:/Engineering/EngProjects/ARM/STMWorkBench/Udemy_Course2/My_WorkSpace/MasteringMCU_WS/UART2_Example/Drivers/CMSIS/Device/ST/STM32F4xx/Include" -I"F:/Engineering/EngProjects/ARM/STMWorkBench/Udemy_Course2/My_WorkSpace/MasteringMCU_WS/UART2_Example/Drivers/CMSIS/Include"  -Og -g3 -Wall -fmessage-length=0 -ffunction-sections -c -fmessage-length=0 -MMD -MP -MF"Middlewares/ST/STM32_USB_Host_Library/Class/CDC/Src/usbh_cdc.d" -MT"Middlewares/ST/STM32_USB_Host_Library/Class/CDC/Src/usbh_cdc.o" -o "Middlewares/ST/STM32_USB_Host_Library/Class/CDC/Src/usbh_cdc.o" "../Middlewares/ST/STM32_USB_Host_Library/Class/CDC/Src/usbh_cdc.c"
Finished building: ../USB_HOST/Target/usbh_platform.c
 
Building file: ../Drivers/STM32F4xx_HAL_Driver/Src/stm32f4xx_hal.c
Finished building: ../USB_HOST/App/usb_host.c
Invoking: MCU GCC Compiler
 
F:\Engineering\EngProjects\ARM\STMWorkBench\Udemy_Course2\My_WorkSpace\MasteringMCU_WS\UART2_Example\Debug
Finished building: ../USB_HOST/Target/usbh_conf.c
arm-none-eabi-gcc -mcpu=cortex-m4 -mthumb -mfloat-abi=hard -mfpu=fpv4-sp-d16 -DUSE_HAL_DRIVER -DSTM32F407xx -I"F:/Engineering/EngProjects/ARM/STMWorkBench/Udemy_Course2/My_WorkSpace/MasteringMCU_WS/UART2_Example/Core/Inc" -I"F:/Engineering/EngProjects/ARM/STMWorkBench/Udemy_Course2/My_WorkSpace/MasteringMCU_WS/UART2_Example/USB_HOST/App" -I"F:/Engineering/EngProjects/ARM/STMWorkBench/Udemy_Course2/My_WorkSpace/MasteringMCU_WS/UART2_Example/USB_HOST/Target" -I"F:/Engineering/EngProjects/ARM/STMWorkBench/Udemy_Course2/My_WorkSpace/MasteringMCU_WS/UART2_Example/Drivers/STM32F4xx_HAL_Driver/Inc" -I"F:/Engineering/EngProjects/ARM/STMWorkBench/Udemy_Course2/My_WorkSpace/MasteringMCU_WS/UART2_Example/Drivers/STM32F4xx_HAL_Driver/Inc/Legacy" -I"F:/Engineering/EngProjects/ARM/STMWorkBench/Udemy_Course2/My_WorkSpace/MasteringMCU_WS/UART2_Example/Middlewares/ST/STM32_USB_Host_Library/Core/Inc" -I"F:/Engineering/EngProjects/ARM/STMWorkBench/Udemy_Course2/My_WorkSpace/MasteringMCU_WS/UART2_Example/Middlewares/ST/STM32_USB_Host_Library/Class/CDC/Inc" -I"F:/Engineering/EngProjects/ARM/STMWorkBench/Udemy_Course2/My_WorkSpace/MasteringMCU_WS/UART2_Example/Drivers/CMSIS/Device/ST/STM32F4xx/Include" -I"F:/Engineering/EngProjects/ARM/STMWorkBench/Udemy_Course2/My_WorkSpace/MasteringMCU_WS/UART2_Example/Drivers/CMSIS/Include"  -Og -g3 -Wall -fmessage-length=0 -ffunction-sections -c -fmessage-length=0 -MMD -MP -MF"Drivers/STM32F4xx_HAL_Driver/Src/stm32f4xx_hal.d" -MT"Drivers/STM32F4xx_HAL_Driver/Src/stm32f4xx_hal.o" -o "Drivers/STM32F4xx_HAL_Driver/Src/stm32f4xx_hal.o" "../Drivers/STM32F4xx_HAL_Driver/Src/stm32f4xx_hal.c"
Finished building: ../Middlewares/ST/STM32_USB_Host_Library/Core/Src/usbh_pipes.c
Building file: ../Drivers/STM32F4xx_HAL_Driver/Src/stm32f4xx_hal_cortex.c
 
Finished building: ../Middlewares/ST/STM32_USB_Host_Library/Core/Src/usbh_core.c
 
Invoking: MCU GCC Compiler
Building file: ../Drivers/STM32F4xx_HAL_Driver/Src/stm32f4xx_hal_dma.c
 
Building file: ../Drivers/STM32F4xx_HAL_Driver/Src/stm32f4xx_hal_dma_ex.c
Finished building: ../Middlewares/ST/STM32_USB_Host_Library/Core/Src/usbh_ioreq.c
Invoking: MCU GCC Compiler
F:\Engineering\EngProjects\ARM\STMWorkBench\Udemy_Course2\My_WorkSpace\MasteringMCU_WS\UART2_Example\Debug
Finished building: ../Middlewares/ST/STM32_USB_Host_Library/Core/Src/usbh_ctlreq.c
arm-none-eabi-gcc -mcpu=cortex-m4 -mthumb -mfloat-abi=hard -mfpu=fpv4-sp-d16 -DUSE_HAL_DRIVER -DSTM32F407xx -I"F:/Engineering/EngProjects/ARM/STMWorkBench/Udemy_Course2/My_WorkSpace/MasteringMCU_WS/UART2_Example/Core/Inc" -I"F:/Engineering/EngProjects/ARM/STMWorkBench/Udemy_Course2/My_WorkSpace/MasteringMCU_WS/UART2_Example/USB_HOST/App" -I"F:/Engineering/EngProjects/ARM/STMWorkBench/Udemy_Course2/My_WorkSpace/MasteringMCU_WS/UART2_Example/USB_HOST/Target" -I"F:/Engineering/EngProjects/ARM/STMWorkBench/Udemy_Course2/My_WorkSpace/MasteringMCU_WS/UART2_Example/Drivers/STM32F4xx_HAL_Driver/Inc" -I"F:/Engineering/EngProjects/ARM/STMWorkBench/Udemy_Course2/My_WorkSpace/MasteringMCU_WS/UART2_Example/Drivers/STM32F4xx_HAL_Driver/Inc/Legacy" -I"F:/Engineering/EngProjects/ARM/STMWorkBench/Udemy_Course2/My_WorkSpace/MasteringMCU_WS/UART2_Example/Middlewares/ST/STM32_USB_Host_Library/Core/Inc" -I"F:/Engineering/EngProjects/ARM/STMWorkBench/Udemy_Course2/My_WorkSpace/MasteringMCU_WS/UART2_Example/Middlewares/ST/STM32_USB_Host_Library/Class/CDC/Inc" -I"F:/Engineering/EngProjects/ARM/STMWorkBench/Udemy_Course2/My_WorkSpace/MasteringMCU_WS/UART2_Example/Drivers/CMSIS/Device/ST/STM32F4xx/Include" -I"F:/Engineering/EngProjects/ARM/STMWorkBench/Udemy_Course2/My_WorkSpace/MasteringMCU_WS/UART2_Example/Drivers/CMSIS/Include"  -Og -g3 -Wall -fmessage-length=0 -ffunction-sections -c -fmessage-length=0 -MMD -MP -MF"Drivers/STM32F4xx_HAL_Driver/Src/stm32f4xx_hal_cortex.d" -MT"Drivers/STM32F4xx_HAL_Driver/Src/stm32f4xx_hal_cortex.o" -o "Drivers/STM32F4xx_HAL_Driver/Src/stm32f4xx_hal_cortex.o" "../Drivers/STM32F4xx_HAL_Driver/Src/stm32f4xx_hal_cortex.c"
Building file: ../Drivers/STM32F4xx_HAL_Driver/Src/stm32f4xx_hal_exti.c
Invoking: MCU GCC Compiler
F:\Engineering\EngProjects\ARM\STMWorkBench\Udemy_Course2\My_WorkSpace\MasteringMCU_WS\UART2_Example\Debug
arm-none-eabi-gcc -mcpu=cortex-m4 -mthumb -mfloat-abi=hard -mfpu=fpv4-sp-d16 -DUSE_HAL_DRIVER -DSTM32F407xx -I"F:/Engineering/EngProjects/ARM/STMWorkBench/Udemy_Course2/My_WorkSpace/MasteringMCU_WS/UART2_Example/Core/Inc" -I"F:/Engineering/EngProjects/ARM/STMWorkBench/Udemy_Course2/My_WorkSpace/MasteringMCU_WS/UART2_Example/USB_HOST/App" -I"F:/Engineering/EngProjects/ARM/STMWorkBench/Udemy_Course2/My_WorkSpace/MasteringMCU_WS/UART2_Example/USB_HOST/Target" -I"F:/Engineering/EngProjects/ARM/STMWorkBench/Udemy_Course2/My_WorkSpace/MasteringMCU_WS/UART2_Example/Drivers/STM32F4xx_HAL_Driver/Inc" -I"F:/Engineering/EngProjects/ARM/STMWorkBench/Udemy_Course2/My_WorkSpace/MasteringMCU_WS/UART2_Example/Drivers/STM32F4xx_HAL_Driver/Inc/Legacy" -I"F:/Engineering/EngProjects/ARM/STMWorkBench/Udemy_Course2/My_WorkSpace/MasteringMCU_WS/UART2_Example/Middlewares/ST/STM32_USB_Host_Library/Core/Inc" -I"F:/Engineering/EngProjects/ARM/STMWorkBench/Udemy_Course2/My_WorkSpace/MasteringMCU_WS/UART2_Example/Middlewares/ST/STM32_USB_Host_Library/Class/CDC/Inc" -I"F:/Engineering/EngProjects/ARM/STMWorkBench/Udemy_Course2/My_WorkSpace/MasteringMCU_WS/UART2_Example/Drivers/CMSIS/Device/ST/STM32F4xx/Include" -I"F:/Engineering/EngProjects/ARM/STMWorkBench/Udemy_Course2/My_WorkSpace/MasteringMCU_WS/UART2_Example/Drivers/CMSIS/Include"  -Og -g3 -Wall -fmessage-length=0 -ffunction-sections -c -fmessage-length=0 -MMD -MP -MF"Drivers/STM32F4xx_HAL_Driver/Src/stm32f4xx_hal_dma.d" -MT"Drivers/STM32F4xx_HAL_Driver/Src/stm32f4xx_hal_dma.o" -o "Drivers/STM32F4xx_HAL_Driver/Src/stm32f4xx_hal_dma.o" "../Drivers/STM32F4xx_HAL_Driver/Src/stm32f4xx_hal_dma.c"
 
 
Invoking: MCU GCC Compiler
F:\Engineering\EngProjects\ARM\STMWorkBench\Udemy_Course2\My_WorkSpace\MasteringMCU_WS\UART2_Example\Debug
Building file: ../Drivers/STM32F4xx_HAL_Driver/Src/stm32f4xx_hal_flash.c
arm-none-eabi-gcc -mcpu=cortex-m4 -mthumb -mfloat-abi=hard -mfpu=fpv4-sp-d16 -DUSE_HAL_DRIVER -DSTM32F407xx -I"F:/Engineering/EngProjects/ARM/STMWorkBench/Udemy_Course2/My_WorkSpace/MasteringMCU_WS/UART2_Example/Core/Inc" -I"F:/Engineering/EngProjects/ARM/STMWorkBench/Udemy_Course2/My_WorkSpace/MasteringMCU_WS/UART2_Example/USB_HOST/App" -I"F:/Engineering/EngProjects/ARM/STMWorkBench/Udemy_Course2/My_WorkSpace/MasteringMCU_WS/UART2_Example/USB_HOST/Target" -I"F:/Engineering/EngProjects/ARM/STMWorkBench/Udemy_Course2/My_WorkSpace/MasteringMCU_WS/UART2_Example/Drivers/STM32F4xx_HAL_Driver/Inc" -I"F:/Engineering/EngProjects/ARM/STMWorkBench/Udemy_Course2/My_WorkSpace/MasteringMCU_WS/UART2_Example/Drivers/STM32F4xx_HAL_Driver/Inc/Legacy" -I"F:/Engineering/EngProjects/ARM/STMWorkBench/Udemy_Course2/My_WorkSpace/MasteringMCU_WS/UART2_Example/Middlewares/ST/STM32_USB_Host_Library/Core/Inc" -I"F:/Engineering/EngProjects/ARM/STMWorkBench/Udemy_Course2/My_WorkSpace/MasteringMCU_WS/UART2_Example/Middlewares/ST/STM32_USB_Host_Library/Class/CDC/Inc" -I"F:/Engineering/EngProjects/ARM/STMWorkBench/Udemy_Course2/My_WorkSpace/MasteringMCU_WS/UART2_Example/Drivers/CMSIS/Device/ST/STM32F4xx/Include" -I"F:/Engineering/EngProjects/ARM/STMWorkBench/Udemy_Course2/My_WorkSpace/MasteringMCU_WS/UART2_Example/Drivers/CMSIS/Include"  -Og -g3 -Wall -fmessage-length=0 -ffunction-sections -c -fmessage-length=0 -MMD -MP -MF"Drivers/STM32F4xx_HAL_Driver/Src/stm32f4xx_hal_dma_ex.d" -MT"Drivers/STM32F4xx_HAL_Driver/Src/stm32f4xx_hal_dma_ex.o" -o "Drivers/STM32F4xx_HAL_Driver/Src/stm32f4xx_hal_dma_ex.o" "../Drivers/STM32F4xx_HAL_Driver/Src/stm32f4xx_hal_dma_ex.c"
Building file: ../Drivers/STM32F4xx_HAL_Driver/Src/stm32f4xx_hal_flash_ex.c
F:\Engineering\EngProjects\ARM\STMWorkBench\Udemy_Course2\My_WorkSpace\MasteringMCU_WS\UART2_Example\Debug
arm-none-eabi-gcc -mcpu=cortex-m4 -mthumb -mfloat-abi=hard -mfpu=fpv4-sp-d16 -DUSE_HAL_DRIVER -DSTM32F407xx -I"F:/Engineering/EngProjects/ARM/STMWorkBench/Udemy_Course2/My_WorkSpace/MasteringMCU_WS/UART2_Example/Core/Inc" -I"F:/Engineering/EngProjects/ARM/STMWorkBench/Udemy_Course2/My_WorkSpace/MasteringMCU_WS/UART2_Example/USB_HOST/App" -I"F:/Engineering/EngProjects/ARM/STMWorkBench/Udemy_Course2/My_WorkSpace/MasteringMCU_WS/UART2_Example/USB_HOST/Target" -I"F:/Engineering/EngProjects/ARM/STMWorkBench/Udemy_Course2/My_WorkSpace/MasteringMCU_WS/UART2_Example/Drivers/STM32F4xx_HAL_Driver/Inc" -I"F:/Engineering/EngProjects/ARM/STMWorkBench/Udemy_Course2/My_WorkSpace/MasteringMCU_WS/UART2_Example/Drivers/STM32F4xx_HAL_Driver/Inc/Legacy" -I"F:/Engineering/EngProjects/ARM/STMWorkBench/Udemy_Course2/My_WorkSpace/MasteringMCU_WS/UART2_Example/Middlewares/ST/STM32_USB_Host_Library/Core/Inc" -I"F:/Engineering/EngProjects/ARM/STMWorkBench/Udemy_Course2/My_WorkSpace/MasteringMCU_WS/UART2_Example/Middlewares/ST/STM32_USB_Host_Library/Class/CDC/Inc" -I"F:/Engineering/EngProjects/ARM/STMWorkBench/Udemy_Course2/My_WorkSpace/MasteringMCU_WS/UART2_Example/Drivers/CMSIS/Device/ST/STM32F4xx/Include" -I"F:/Engineering/EngProjects/ARM/STMWorkBench/Udemy_Course2/My_WorkSpace/MasteringMCU_WS/UART2_Example/Drivers/CMSIS/Include"  -Og -g3 -Wall -fmessage-length=0 -ffunction-sections -c -fmessage-length=0 -MMD -MP -MF"Drivers/STM32F4xx_HAL_Driver/Src/stm32f4xx_hal_exti.d" -MT"Drivers/STM32F4xx_HAL_Driver/Src/stm32f4xx_hal_exti.o" -o "Drivers/STM32F4xx_HAL_Driver/Src/stm32f4xx_hal_exti.o" "../Drivers/STM32F4xx_HAL_Driver/Src/stm32f4xx_hal_exti.c"
Invoking: MCU GCC Compiler
Invoking: MCU GCC Compiler
F:\Engineering\EngProjects\ARM\STMWorkBench\Udemy_Course2\My_WorkSpace\MasteringMCU_WS\UART2_Example\Debug
F:\Engineering\EngProjects\ARM\STMWorkBench\Udemy_Course2\My_WorkSpace\MasteringMCU_WS\UART2_Example\Debug
arm-none-eabi-gcc -mcpu=cortex-m4 -mthumb -mfloat-abi=hard -mfpu=fpv4-sp-d16 -DUSE_HAL_DRIVER -DSTM32F407xx -I"F:/Engineering/EngProjects/ARM/STMWorkBench/Udemy_Course2/My_WorkSpace/MasteringMCU_WS/UART2_Example/Core/Inc" -I"F:/Engineering/EngProjects/ARM/STMWorkBench/Udemy_Course2/My_WorkSpace/MasteringMCU_WS/UART2_Example/USB_HOST/App" -I"F:/Engineering/EngProjects/ARM/STMWorkBench/Udemy_Course2/My_WorkSpace/MasteringMCU_WS/UART2_Example/USB_HOST/Target" -I"F:/Engineering/EngProjects/ARM/STMWorkBench/Udemy_Course2/My_WorkSpace/MasteringMCU_WS/UART2_Example/Drivers/STM32F4xx_HAL_Driver/Inc" -I"F:/Engineering/EngProjects/ARM/STMWorkBench/Udemy_Course2/My_WorkSpace/MasteringMCU_WS/UART2_Example/Drivers/STM32F4xx_HAL_Driver/Inc/Legacy" -I"F:/Engineering/EngProjects/ARM/STMWorkBench/Udemy_Course2/My_WorkSpace/MasteringMCU_WS/UART2_Example/Middlewares/ST/STM32_USB_Host_Library/Core/Inc" -I"F:/Engineering/EngProjects/ARM/STMWorkBench/Udemy_Course2/My_WorkSpace/MasteringMCU_WS/UART2_Example/Middlewares/ST/STM32_USB_Host_Library/Class/CDC/Inc" -I"F:/Engineering/EngProjects/ARM/STMWorkBench/Udemy_Course2/My_WorkSpace/MasteringMCU_WS/UART2_Example/Drivers/CMSIS/Device/ST/STM32F4xx/Include" -I"F:/Engineering/EngProjects/ARM/STMWorkBench/Udemy_Course2/My_WorkSpace/MasteringMCU_WS/UART2_Example/Drivers/CMSIS/Include"  -Og -g3 -Wall -fmessage-length=0 -ffunction-sections -c -fmessage-length=0 -MMD -MP -MF"Drivers/STM32F4xx_HAL_Driver/Src/stm32f4xx_hal_flash.d" -MT"Drivers/STM32F4xx_HAL_Driver/Src/stm32f4xx_hal_flash.o" -o "Drivers/STM32F4xx_HAL_Driver/Src/stm32f4xx_hal_flash.o" "../Drivers/STM32F4xx_HAL_Driver/Src/stm32f4xx_hal_flash.c"
arm-none-eabi-gcc -mcpu=cortex-m4 -mthumb -mfloat-abi=hard -mfpu=fpv4-sp-d16 -DUSE_HAL_DRIVER -DSTM32F407xx -I"F:/Engineering/EngProjects/ARM/STMWorkBench/Udemy_Course2/My_WorkSpace/MasteringMCU_WS/UART2_Example/Core/Inc" -I"F:/Engineering/EngProjects/ARM/STMWorkBench/Udemy_Course2/My_WorkSpace/MasteringMCU_WS/UART2_Example/USB_HOST/App" -I"F:/Engineering/EngProjects/ARM/STMWorkBench/Udemy_Course2/My_WorkSpace/MasteringMCU_WS/UART2_Example/USB_HOST/Target" -I"F:/Engineering/EngProjects/ARM/STMWorkBench/Udemy_Course2/My_WorkSpace/MasteringMCU_WS/UART2_Example/Drivers/STM32F4xx_HAL_Driver/Inc" -I"F:/Engineering/EngProjects/ARM/STMWorkBench/Udemy_Course2/My_WorkSpace/MasteringMCU_WS/UART2_Example/Drivers/STM32F4xx_HAL_Driver/Inc/Legacy" -I"F:/Engineering/EngProjects/ARM/STMWorkBench/Udemy_Course2/My_WorkSpace/MasteringMCU_WS/UART2_Example/Middlewares/ST/STM32_USB_Host_Library/Core/Inc" -I"F:/Engineering/EngProjects/ARM/STMWorkBench/Udemy_Course2/My_WorkSpace/MasteringMCU_WS/UART2_Example/Middlewares/ST/STM32_USB_Host_Library/Class/CDC/Inc" -I"F:/Engineering/EngProjects/ARM/STMWorkBench/Udemy_Course2/My_WorkSpace/MasteringMCU_WS/UART2_Example/Drivers/CMSIS/Device/ST/STM32F4xx/Include" -I"F:/Engineering/EngProjects/ARM/STMWorkBench/Udemy_Course2/My_WorkSpace/MasteringMCU_WS/UART2_Example/Drivers/CMSIS/Include"  -Og -g3 -Wall -fmessage-length=0 -ffunction-sections -c -fmessage-length=0 -MMD -MP -MF"Drivers/STM32F4xx_HAL_Driver/Src/stm32f4xx_hal_flash_ex.d" -MT"Drivers/STM32F4xx_HAL_Driver/Src/stm32f4xx_hal_flash_ex.o" -o "Drivers/STM32F4xx_HAL_Driver/Src/stm32f4xx_hal_flash_ex.o" "../Drivers/STM32F4xx_HAL_Driver/Src/stm32f4xx_hal_flash_ex.c"
Finished building: ../Middlewares/ST/STM32_USB_Host_Library/Class/CDC/Src/usbh_cdc.c
 
Building file: ../Drivers/STM32F4xx_HAL_Driver/Src/stm32f4xx_hal_flash_ramfunc.c
Invoking: MCU GCC Compiler
F:\Engineering\EngProjects\ARM\STMWorkBench\Udemy_Course2\My_WorkSpace\MasteringMCU_WS\UART2_Example\Debug
arm-none-eabi-gcc -mcpu=cortex-m4 -mthumb -mfloat-abi=hard -mfpu=fpv4-sp-d16 -DUSE_HAL_DRIVER -DSTM32F407xx -I"F:/Engineering/EngProjects/ARM/STMWorkBench/Udemy_Course2/My_WorkSpace/MasteringMCU_WS/UART2_Example/Core/Inc" -I"F:/Engineering/EngProjects/ARM/STMWorkBench/Udemy_Course2/My_WorkSpace/MasteringMCU_WS/UART2_Example/USB_HOST/App" -I"F:/Engineering/EngProjects/ARM/STMWorkBench/Udemy_Course2/My_WorkSpace/MasteringMCU_WS/UART2_Example/USB_HOST/Target" -I"F:/Engineering/EngProjects/ARM/STMWorkBench/Udemy_Course2/My_WorkSpace/MasteringMCU_WS/UART2_Example/Drivers/STM32F4xx_HAL_Driver/Inc" -I"F:/Engineering/EngProjects/ARM/STMWorkBench/Udemy_Course2/My_WorkSpace/MasteringMCU_WS/UART2_Example/Drivers/STM32F4xx_HAL_Driver/Inc/Legacy" -I"F:/Engineering/EngProjects/ARM/STMWorkBench/Udemy_Course2/My_WorkSpace/MasteringMCU_WS/UART2_Example/Middlewares/ST/STM32_USB_Host_Library/Core/Inc" -I"F:/Engineering/EngProjects/ARM/STMWorkBench/Udemy_Course2/My_WorkSpace/MasteringMCU_WS/UART2_Example/Middlewares/ST/STM32_USB_Host_Library/Class/CDC/Inc" -I"F:/Engineering/EngProjects/ARM/STMWorkBench/Udemy_Course2/My_WorkSpace/MasteringMCU_WS/UART2_Example/Drivers/CMSIS/Device/ST/STM32F4xx/Include" -I"F:/Engineering/EngProjects/ARM/STMWorkBench/Udemy_Course2/My_WorkSpace/MasteringMCU_WS/UART2_Example/Drivers/CMSIS/Include"  -Og -g3 -Wall -fmessage-length=0 -ffunction-sections -c -fmessage-length=0 -MMD -MP -MF"Drivers/STM32F4xx_HAL_Driver/Src/stm32f4xx_hal_flash_ramfunc.d" -MT"Drivers/STM32F4xx_HAL_Driver/Src/stm32f4xx_hal_flash_ramfunc.o" -o "Drivers/STM32F4xx_HAL_Driver/Src/stm32f4xx_hal_flash_ramfunc.o" "../Drivers/STM32F4xx_HAL_Driver/Src/stm32f4xx_hal_flash_ramfunc.c"
Finished building: ../Drivers/STM32F4xx_HAL_Driver/Src/stm32f4xx_hal.c
 
Building file: ../Drivers/STM32F4xx_HAL_Driver/Src/stm32f4xx_hal_gpio.c
Finished building: ../Drivers/STM32F4xx_HAL_Driver/Src/stm32f4xx_hal_cortex.c
Invoking: MCU GCC Compiler
 
F:\Engineering\EngProjects\ARM\STMWorkBench\Udemy_Course2\My_WorkSpace\MasteringMCU_WS\UART2_Example\Debug
arm-none-eabi-gcc -mcpu=cortex-m4 -mthumb -mfloat-abi=hard -mfpu=fpv4-sp-d16 -DUSE_HAL_DRIVER -DSTM32F407xx -I"F:/Engineering/EngProjects/ARM/STMWorkBench/Udemy_Course2/My_WorkSpace/MasteringMCU_WS/UART2_Example/Core/Inc" -I"F:/Engineering/EngProjects/ARM/STMWorkBench/Udemy_Course2/My_WorkSpace/MasteringMCU_WS/UART2_Example/USB_HOST/App" -I"F:/Engineering/EngProjects/ARM/STMWorkBench/Udemy_Course2/My_WorkSpace/MasteringMCU_WS/UART2_Example/USB_HOST/Target" -I"F:/Engineering/EngProjects/ARM/STMWorkBench/Udemy_Course2/My_WorkSpace/MasteringMCU_WS/UART2_Example/Drivers/STM32F4xx_HAL_Driver/Inc" -I"F:/Engineering/EngProjects/ARM/STMWorkBench/Udemy_Course2/My_WorkSpace/MasteringMCU_WS/UART2_Example/Drivers/STM32F4xx_HAL_Driver/Inc/Legacy" -I"F:/Engineering/EngProjects/ARM/STMWorkBench/Udemy_Course2/My_WorkSpace/MasteringMCU_WS/UART2_Example/Middlewares/ST/STM32_USB_Host_Library/Core/Inc" -I"F:/Engineering/EngProjects/ARM/STMWorkBench/Udemy_Course2/My_WorkSpace/MasteringMCU_WS/UART2_Example/Middlewares/ST/STM32_USB_Host_Library/Class/CDC/Inc" -I"F:/Engineering/EngProjects/ARM/STMWorkBench/Udemy_Course2/My_WorkSpace/MasteringMCU_WS/UART2_Example/Drivers/CMSIS/Device/ST/STM32F4xx/Include" -I"F:/Engineering/EngProjects/ARM/STMWorkBench/Udemy_Course2/My_WorkSpace/MasteringMCU_WS/UART2_Example/Drivers/CMSIS/Include"  -Og -g3 -Wall -fmessage-length=0 -ffunction-sections -c -fmessage-length=0 -MMD -MP -MF"Drivers/STM32F4xx_HAL_Driver/Src/stm32f4xx_hal_gpio.d" -MT"Drivers/STM32F4xx_HAL_Driver/Src/stm32f4xx_hal_gpio.o" -o "Drivers/STM32F4xx_HAL_Driver/Src/stm32f4xx_hal_gpio.o" "../Drivers/STM32F4xx_HAL_Driver/Src/stm32f4xx_hal_gpio.c"
Building file: ../Drivers/STM32F4xx_HAL_Driver/Src/stm32f4xx_hal_hcd.c
Finished building: ../Drivers/STM32F4xx_HAL_Driver/Src/stm32f4xx_hal_exti.c
Finished building: ../Drivers/STM32F4xx_HAL_Driver/Src/stm32f4xx_hal_dma.c
Finished building: ../Drivers/STM32F4xx_HAL_Driver/Src/stm32f4xx_hal_dma_ex.c
 
 
Invoking: MCU GCC Compiler
 
Building file: ../Drivers/STM32F4xx_HAL_Driver/Src/stm32f4xx_hal_i2c.c
Building file: ../Drivers/STM32F4xx_HAL_Driver/Src/stm32f4xx_hal_i2c_ex.c
F:\Engineering\EngProjects\ARM\STMWorkBench\Udemy_Course2\My_WorkSpace\MasteringMCU_WS\UART2_Example\Debug
Finished building: ../Drivers/STM32F4xx_HAL_Driver/Src/stm32f4xx_hal_flash.c
arm-none-eabi-gcc -mcpu=cortex-m4 -mthumb -mfloat-abi=hard -mfpu=fpv4-sp-d16 -DUSE_HAL_DRIVER -DSTM32F407xx -I"F:/Engineering/EngProjects/ARM/STMWorkBench/Udemy_Course2/My_WorkSpace/MasteringMCU_WS/UART2_Example/Core/Inc" -I"F:/Engineering/EngProjects/ARM/STMWorkBench/Udemy_Course2/My_WorkSpace/MasteringMCU_WS/UART2_Example/USB_HOST/App" -I"F:/Engineering/EngProjects/ARM/STMWorkBench/Udemy_Course2/My_WorkSpace/MasteringMCU_WS/UART2_Example/USB_HOST/Target" -I"F:/Engineering/EngProjects/ARM/STMWorkBench/Udemy_Course2/My_WorkSpace/MasteringMCU_WS/UART2_Example/Drivers/STM32F4xx_HAL_Driver/Inc" -I"F:/Engineering/EngProjects/ARM/STMWorkBench/Udemy_Course2/My_WorkSpace/MasteringMCU_WS/UART2_Example/Drivers/STM32F4xx_HAL_Driver/Inc/Legacy" -I"F:/Engineering/EngProjects/ARM/STMWorkBench/Udemy_Course2/My_WorkSpace/MasteringMCU_WS/UART2_Example/Middlewares/ST/STM32_USB_Host_Library/Core/Inc" -I"F:/Engineering/EngProjects/ARM/STMWorkBench/Udemy_Course2/My_WorkSpace/MasteringMCU_WS/UART2_Example/Middlewares/ST/STM32_USB_Host_Library/Class/CDC/Inc" -I"F:/Engineering/EngProjects/ARM/STMWorkBench/Udemy_Course2/My_WorkSpace/MasteringMCU_WS/UART2_Example/Drivers/CMSIS/Device/ST/STM32F4xx/Include" -I"F:/Engineering/EngProjects/ARM/STMWorkBench/Udemy_Course2/My_WorkSpace/MasteringMCU_WS/UART2_Example/Drivers/CMSIS/Include"  -Og -g3 -Wall -fmessage-length=0 -ffunction-sections -c -fmessage-length=0 -MMD -MP -MF"Drivers/STM32F4xx_HAL_Driver/Src/stm32f4xx_hal_hcd.d" -MT"Drivers/STM32F4xx_HAL_Driver/Src/stm32f4xx_hal_hcd.o" -o "Drivers/STM32F4xx_HAL_Driver/Src/stm32f4xx_hal_hcd.o" "../Drivers/STM32F4xx_HAL_Driver/Src/stm32f4xx_hal_hcd.c"
Finished building: ../Drivers/STM32F4xx_HAL_Driver/Src/stm32f4xx_hal_flash_ex.c
Building file: ../Drivers/STM32F4xx_HAL_Driver/Src/stm32f4xx_hal_i2s.c
Invoking: MCU GCC Compiler
Invoking: MCU GCC Compiler
 
 
Invoking: MCU GCC Compiler
F:\Engineering\EngProjects\ARM\STMWorkBench\Udemy_Course2\My_WorkSpace\MasteringMCU_WS\UART2_Example\Debug
arm-none-eabi-gcc -mcpu=cortex-m4 -mthumb -mfloat-abi=hard -mfpu=fpv4-sp-d16 -DUSE_HAL_DRIVER -DSTM32F407xx -I"F:/Engineering/EngProjects/ARM/STMWorkBench/Udemy_Course2/My_WorkSpace/MasteringMCU_WS/UART2_Example/Core/Inc" -I"F:/Engineering/EngProjects/ARM/STMWorkBench/Udemy_Course2/My_WorkSpace/MasteringMCU_WS/UART2_Example/USB_HOST/App" -I"F:/Engineering/EngProjects/ARM/STMWorkBench/Udemy_Course2/My_WorkSpace/MasteringMCU_WS/UART2_Example/USB_HOST/Target" -I"F:/Engineering/EngProjects/ARM/STMWorkBench/Udemy_Course2/My_WorkSpace/MasteringMCU_WS/UART2_Example/Drivers/STM32F4xx_HAL_Driver/Inc" -I"F:/Engineering/EngProjects/ARM/STMWorkBench/Udemy_Course2/My_WorkSpace/MasteringMCU_WS/UART2_Example/Drivers/STM32F4xx_HAL_Driver/Inc/Legacy" -I"F:/Engineering/EngProjects/ARM/STMWorkBench/Udemy_Course2/My_WorkSpace/MasteringMCU_WS/UART2_Example/Middlewares/ST/STM32_USB_Host_Library/Core/Inc" -I"F:/Engineering/EngProjects/ARM/STMWorkBench/Udemy_Course2/My_WorkSpace/MasteringMCU_WS/UART2_Example/Middlewares/ST/STM32_USB_Host_Library/Class/CDC/Inc" -I"F:/Engineering/EngProjects/ARM/STMWorkBench/Udemy_Course2/My_WorkSpace/MasteringMCU_WS/UART2_Example/Drivers/CMSIS/Device/ST/STM32F4xx/Include" -I"F:/Engineering/EngProjects/ARM/STMWorkBench/Udemy_Course2/My_WorkSpace/MasteringMCU_WS/UART2_Example/Drivers/CMSIS/Include"  -Og -g3 -Wall -fmessage-length=0 -ffunction-sections -c -fmessage-length=0 -MMD -MP -MF"Drivers/STM32F4xx_HAL_Driver/Src/stm32f4xx_hal_i2c.d" -MT"Drivers/STM32F4xx_HAL_Driver/Src/stm32f4xx_hal_i2c.o" -o "Drivers/STM32F4xx_HAL_Driver/Src/stm32f4xx_hal_i2c.o" "../Drivers/STM32F4xx_HAL_Driver/Src/stm32f4xx_hal_i2c.c"
F:\Engineering\EngProjects\ARM\STMWorkBench\Udemy_Course2\My_WorkSpace\MasteringMCU_WS\UART2_Example\Debug
arm-none-eabi-gcc -mcpu=cortex-m4 -mthumb -mfloat-abi=hard -mfpu=fpv4-sp-d16 -DUSE_HAL_DRIVER -DSTM32F407xx -I"F:/Engineering/EngProjects/ARM/STMWorkBench/Udemy_Course2/My_WorkSpace/MasteringMCU_WS/UART2_Example/Core/Inc" -I"F:/Engineering/EngProjects/ARM/STMWorkBench/Udemy_Course2/My_WorkSpace/MasteringMCU_WS/UART2_Example/USB_HOST/App" -I"F:/Engineering/EngProjects/ARM/STMWorkBench/Udemy_Course2/My_WorkSpace/MasteringMCU_WS/UART2_Example/USB_HOST/Target" -I"F:/Engineering/EngProjects/ARM/STMWorkBench/Udemy_Course2/My_WorkSpace/MasteringMCU_WS/UART2_Example/Drivers/STM32F4xx_HAL_Driver/Inc" -I"F:/Engineering/EngProjects/ARM/STMWorkBench/Udemy_Course2/My_WorkSpace/MasteringMCU_WS/UART2_Example/Drivers/STM32F4xx_HAL_Driver/Inc/Legacy" -I"F:/Engineering/EngProjects/ARM/STMWorkBench/Udemy_Course2/My_WorkSpace/MasteringMCU_WS/UART2_Example/Middlewares/ST/STM32_USB_Host_Library/Core/Inc" -I"F:/Engineering/EngProjects/ARM/STMWorkBench/Udemy_Course2/My_WorkSpace/MasteringMCU_WS/UART2_Example/Middlewares/ST/STM32_USB_Host_Library/Class/CDC/Inc" -I"F:/Engineering/EngProjects/ARM/STMWorkBench/Udemy_Course2/My_WorkSpace/MasteringMCU_WS/UART2_Example/Drivers/CMSIS/Device/ST/STM32F4xx/Include" -I"F:/Engineering/EngProjects/ARM/STMWorkBench/Udemy_Course2/My_WorkSpace/MasteringMCU_WS/UART2_Example/Drivers/CMSIS/Include"  -Og -g3 -Wall -fmessage-length=0 -ffunction-sections -c -fmessage-length=0 -MMD -MP -MF"Drivers/STM32F4xx_HAL_Driver/Src/stm32f4xx_hal_i2c_ex.d" -MT"Drivers/STM32F4xx_HAL_Driver/Src/stm32f4xx_hal_i2c_ex.o" -o "Drivers/STM32F4xx_HAL_Driver/Src/stm32f4xx_hal_i2c_ex.o" "../Drivers/STM32F4xx_HAL_Driver/Src/stm32f4xx_hal_i2c_ex.c"
Building file: ../Drivers/STM32F4xx_HAL_Driver/Src/stm32f4xx_hal_i2s_ex.c
F:\Engineering\EngProjects\ARM\STMWorkBench\Udemy_Course2\My_WorkSpace\MasteringMCU_WS\UART2_Example\Debug
Building file: ../Drivers/STM32F4xx_HAL_Driver/Src/stm32f4xx_hal_pwr.c
arm-none-eabi-gcc -mcpu=cortex-m4 -mthumb -mfloat-abi=hard -mfpu=fpv4-sp-d16 -DUSE_HAL_DRIVER -DSTM32F407xx -I"F:/Engineering/EngProjects/ARM/STMWorkBench/Udemy_Course2/My_WorkSpace/MasteringMCU_WS/UART2_Example/Core/Inc" -I"F:/Engineering/EngProjects/ARM/STMWorkBench/Udemy_Course2/My_WorkSpace/MasteringMCU_WS/UART2_Example/USB_HOST/App" -I"F:/Engineering/EngProjects/ARM/STMWorkBench/Udemy_Course2/My_WorkSpace/MasteringMCU_WS/UART2_Example/USB_HOST/Target" -I"F:/Engineering/EngProjects/ARM/STMWorkBench/Udemy_Course2/My_WorkSpace/MasteringMCU_WS/UART2_Example/Drivers/STM32F4xx_HAL_Driver/Inc" -I"F:/Engineering/EngProjects/ARM/STMWorkBench/Udemy_Course2/My_WorkSpace/MasteringMCU_WS/UART2_Example/Drivers/STM32F4xx_HAL_Driver/Inc/Legacy" -I"F:/Engineering/EngProjects/ARM/STMWorkBench/Udemy_Course2/My_WorkSpace/MasteringMCU_WS/UART2_Example/Middlewares/ST/STM32_USB_Host_Library/Core/Inc" -I"F:/Engineering/EngProjects/ARM/STMWorkBench/Udemy_Course2/My_WorkSpace/MasteringMCU_WS/UART2_Example/Middlewares/ST/STM32_USB_Host_Library/Class/CDC/Inc" -I"F:/Engineering/EngProjects/ARM/STMWorkBench/Udemy_Course2/My_WorkSpace/MasteringMCU_WS/UART2_Example/Drivers/CMSIS/Device/ST/STM32F4xx/Include" -I"F:/Engineering/EngProjects/ARM/STMWorkBench/Udemy_Course2/My_WorkSpace/MasteringMCU_WS/UART2_Example/Drivers/CMSIS/Include"  -Og -g3 -Wall -fmessage-length=0 -ffunction-sections -c -fmessage-length=0 -MMD -MP -MF"Drivers/STM32F4xx_HAL_Driver/Src/stm32f4xx_hal_i2s.d" -MT"Drivers/STM32F4xx_HAL_Driver/Src/stm32f4xx_hal_i2s.o" -o "Drivers/STM32F4xx_HAL_Driver/Src/stm32f4xx_hal_i2s.o" "../Drivers/STM32F4xx_HAL_Driver/Src/stm32f4xx_hal_i2s.c"
Invoking: MCU GCC Compiler
Invoking: MCU GCC Compiler
F:\Engineering\EngProjects\ARM\STMWorkBench\Udemy_Course2\My_WorkSpace\MasteringMCU_WS\UART2_Example\Debug
arm-none-eabi-gcc -mcpu=cortex-m4 -mthumb -mfloat-abi=hard -mfpu=fpv4-sp-d16 -DUSE_HAL_DRIVER -DSTM32F407xx -I"F:/Engineering/EngProjects/ARM/STMWorkBench/Udemy_Course2/My_WorkSpace/MasteringMCU_WS/UART2_Example/Core/Inc" -I"F:/Engineering/EngProjects/ARM/STMWorkBench/Udemy_Course2/My_WorkSpace/MasteringMCU_WS/UART2_Example/USB_HOST/App" -I"F:/Engineering/EngProjects/ARM/STMWorkBench/Udemy_Course2/My_WorkSpace/MasteringMCU_WS/UART2_Example/USB_HOST/Target" -I"F:/Engineering/EngProjects/ARM/STMWorkBench/Udemy_Course2/My_WorkSpace/MasteringMCU_WS/UART2_Example/Drivers/STM32F4xx_HAL_Driver/Inc" -I"F:/Engineering/EngProjects/ARM/STMWorkBench/Udemy_Course2/My_WorkSpace/MasteringMCU_WS/UART2_Example/Drivers/STM32F4xx_HAL_Driver/Inc/Legacy" -I"F:/Engineering/EngProjects/ARM/STMWorkBench/Udemy_Course2/My_WorkSpace/MasteringMCU_WS/UART2_Example/Middlewares/ST/STM32_USB_Host_Library/Core/Inc" -I"F:/Engineering/EngProjects/ARM/STMWorkBench/Udemy_Course2/My_WorkSpace/MasteringMCU_WS/UART2_Example/Middlewares/ST/STM32_USB_Host_Library/Class/CDC/Inc" -I"F:/Engineering/EngProjects/ARM/STMWorkBench/Udemy_Course2/My_WorkSpace/MasteringMCU_WS/UART2_Example/Drivers/CMSIS/Device/ST/STM32F4xx/Include" -I"F:/Engineering/EngProjects/ARM/STMWorkBench/Udemy_Course2/My_WorkSpace/MasteringMCU_WS/UART2_Example/Drivers/CMSIS/Include"  -Og -g3 -Wall -fmessage-length=0 -ffunction-sections -c -fmessage-length=0 -MMD -MP -MF"Drivers/STM32F4xx_HAL_Driver/Src/stm32f4xx_hal_i2s_ex.d" -MT"Drivers/STM32F4xx_HAL_Driver/Src/stm32f4xx_hal_i2s_ex.o" -o "Drivers/STM32F4xx_HAL_Driver/Src/stm32f4xx_hal_i2s_ex.o" "../Drivers/STM32F4xx_HAL_Driver/Src/stm32f4xx_hal_i2s_ex.c"
F:\Engineering\EngProjects\ARM\STMWorkBench\Udemy_Course2\My_WorkSpace\MasteringMCU_WS\UART2_Example\Debug
arm-none-eabi-gcc -mcpu=cortex-m4 -mthumb -mfloat-abi=hard -mfpu=fpv4-sp-d16 -DUSE_HAL_DRIVER -DSTM32F407xx -I"F:/Engineering/EngProjects/ARM/STMWorkBench/Udemy_Course2/My_WorkSpace/MasteringMCU_WS/UART2_Example/Core/Inc" -I"F:/Engineering/EngProjects/ARM/STMWorkBench/Udemy_Course2/My_WorkSpace/MasteringMCU_WS/UART2_Example/USB_HOST/App" -I"F:/Engineering/EngProjects/ARM/STMWorkBench/Udemy_Course2/My_WorkSpace/MasteringMCU_WS/UART2_Example/USB_HOST/Target" -I"F:/Engineering/EngProjects/ARM/STMWorkBench/Udemy_Course2/My_WorkSpace/MasteringMCU_WS/UART2_Example/Drivers/STM32F4xx_HAL_Driver/Inc" -I"F:/Engineering/EngProjects/ARM/STMWorkBench/Udemy_Course2/My_WorkSpace/MasteringMCU_WS/UART2_Example/Drivers/STM32F4xx_HAL_Driver/Inc/Legacy" -I"F:/Engineering/EngProjects/ARM/STMWorkBench/Udemy_Course2/My_WorkSpace/MasteringMCU_WS/UART2_Example/Middlewares/ST/STM32_USB_Host_Library/Core/Inc" -I"F:/Engineering/EngProjects/ARM/STMWorkBench/Udemy_Course2/My_WorkSpace/MasteringMCU_WS/UART2_Example/Middlewares/ST/STM32_USB_Host_Library/Class/CDC/Inc" -I"F:/Engineering/EngProjects/ARM/STMWorkBench/Udemy_Course2/My_WorkSpace/MasteringMCU_WS/UART2_Example/Drivers/CMSIS/Device/ST/STM32F4xx/Include" -I"F:/Engineering/EngProjects/ARM/STMWorkBench/Udemy_Course2/My_WorkSpace/MasteringMCU_WS/UART2_Example/Drivers/CMSIS/Include"  -Og -g3 -Wall -fmessage-length=0 -ffunction-sections -c -fmessage-length=0 -MMD -MP -MF"Drivers/STM32F4xx_HAL_Driver/Src/stm32f4xx_hal_pwr.d" -MT"Drivers/STM32F4xx_HAL_Driver/Src/stm32f4xx_hal_pwr.o" -o "Drivers/STM32F4xx_HAL_Driver/Src/stm32f4xx_hal_pwr.o" "../Drivers/STM32F4xx_HAL_Driver/Src/stm32f4xx_hal_pwr.c"
Finished building: ../Drivers/STM32F4xx_HAL_Driver/Src/stm32f4xx_hal_flash_ramfunc.c
 
Building file: ../Drivers/STM32F4xx_HAL_Driver/Src/stm32f4xx_hal_pwr_ex.c
Invoking: MCU GCC Compiler
F:\Engineering\EngProjects\ARM\STMWorkBench\Udemy_Course2\My_WorkSpace\MasteringMCU_WS\UART2_Example\Debug
arm-none-eabi-gcc -mcpu=cortex-m4 -mthumb -mfloat-abi=hard -mfpu=fpv4-sp-d16 -DUSE_HAL_DRIVER -DSTM32F407xx -I"F:/Engineering/EngProjects/ARM/STMWorkBench/Udemy_Course2/My_WorkSpace/MasteringMCU_WS/UART2_Example/Core/Inc" -I"F:/Engineering/EngProjects/ARM/STMWorkBench/Udemy_Course2/My_WorkSpace/MasteringMCU_WS/UART2_Example/USB_HOST/App" -I"F:/Engineering/EngProjects/ARM/STMWorkBench/Udemy_Course2/My_WorkSpace/MasteringMCU_WS/UART2_Example/USB_HOST/Target" -I"F:/Engineering/EngProjects/ARM/STMWorkBench/Udemy_Course2/My_WorkSpace/MasteringMCU_WS/UART2_Example/Drivers/STM32F4xx_HAL_Driver/Inc" -I"F:/Engineering/EngProjects/ARM/STMWorkBench/Udemy_Course2/My_WorkSpace/MasteringMCU_WS/UART2_Example/Drivers/STM32F4xx_HAL_Driver/Inc/Legacy" -I"F:/Engineering/EngProjects/ARM/STMWorkBench/Udemy_Course2/My_WorkSpace/MasteringMCU_WS/UART2_Example/Middlewares/ST/STM32_USB_Host_Library/Core/Inc" -I"F:/Engineering/EngProjects/ARM/STMWorkBench/Udemy_Course2/My_WorkSpace/MasteringMCU_WS/UART2_Example/Middlewares/ST/STM32_USB_Host_Library/Class/CDC/Inc" -I"F:/Engineering/EngProjects/ARM/STMWorkBench/Udemy_Course2/My_WorkSpace/MasteringMCU_WS/UART2_Example/Drivers/CMSIS/Device/ST/STM32F4xx/Include" -I"F:/Engineering/EngProjects/ARM/STMWorkBench/Udemy_Course2/My_WorkSpace/MasteringMCU_WS/UART2_Example/Drivers/CMSIS/Include"  -Og -g3 -Wall -fmessage-length=0 -ffunction-sections -c -fmessage-length=0 -MMD -MP -MF"Drivers/STM32F4xx_HAL_Driver/Src/stm32f4xx_hal_pwr_ex.d" -MT"Drivers/STM32F4xx_HAL_Driver/Src/stm32f4xx_hal_pwr_ex.o" -o "Drivers/STM32F4xx_HAL_Driver/Src/stm32f4xx_hal_pwr_ex.o" "../Drivers/STM32F4xx_HAL_Driver/Src/stm32f4xx_hal_pwr_ex.c"
Finished building: ../Drivers/STM32F4xx_HAL_Driver/Src/stm32f4xx_hal_gpio.c
 
Finished building: ../Drivers/STM32F4xx_HAL_Driver/Src/stm32f4xx_hal_i2c_ex.c
Building file: ../Drivers/STM32F4xx_HAL_Driver/Src/stm32f4xx_hal_rcc.c
 
Invoking: MCU GCC Compiler
Building file: ../Drivers/STM32F4xx_HAL_Driver/Src/stm32f4xx_hal_rcc_ex.c
F:\Engineering\EngProjects\ARM\STMWorkBench\Udemy_Course2\My_WorkSpace\MasteringMCU_WS\UART2_Example\Debug
arm-none-eabi-gcc -mcpu=cortex-m4 -mthumb -mfloat-abi=hard -mfpu=fpv4-sp-d16 -DUSE_HAL_DRIVER -DSTM32F407xx -I"F:/Engineering/EngProjects/ARM/STMWorkBench/Udemy_Course2/My_WorkSpace/MasteringMCU_WS/UART2_Example/Core/Inc" -I"F:/Engineering/EngProjects/ARM/STMWorkBench/Udemy_Course2/My_WorkSpace/MasteringMCU_WS/UART2_Example/USB_HOST/App" -I"F:/Engineering/EngProjects/ARM/STMWorkBench/Udemy_Course2/My_WorkSpace/MasteringMCU_WS/UART2_Example/USB_HOST/Target" -I"F:/Engineering/EngProjects/ARM/STMWorkBench/Udemy_Course2/My_WorkSpace/MasteringMCU_WS/UART2_Example/Drivers/STM32F4xx_HAL_Driver/Inc" -I"F:/Engineering/EngProjects/ARM/STMWorkBench/Udemy_Course2/My_WorkSpace/MasteringMCU_WS/UART2_Example/Drivers/STM32F4xx_HAL_Driver/Inc/Legacy" -I"F:/Engineering/EngProjects/ARM/STMWorkBench/Udemy_Course2/My_WorkSpace/MasteringMCU_WS/UART2_Example/Middlewares/ST/STM32_USB_Host_Library/Core/Inc" -I"F:/Engineering/EngProjects/ARM/STMWorkBench/Udemy_Course2/My_WorkSpace/MasteringMCU_WS/UART2_Example/Middlewares/ST/STM32_USB_Host_Library/Class/CDC/Inc" -I"F:/Engineering/EngProjects/ARM/STMWorkBench/Udemy_Course2/My_WorkSpace/MasteringMCU_WS/UART2_Example/Drivers/CMSIS/Device/ST/STM32F4xx/Include" -I"F:/Engineering/EngProjects/ARM/STMWorkBench/Udemy_Course2/My_WorkSpace/MasteringMCU_WS/UART2_Example/Drivers/CMSIS/Include"  -Og -g3 -Wall -fmessage-length=0 -ffunction-sections -c -fmessage-length=0 -MMD -MP -MF"Drivers/STM32F4xx_HAL_Driver/Src/stm32f4xx_hal_rcc.d" -MT"Drivers/STM32F4xx_HAL_Driver/Src/stm32f4xx_hal_rcc.o" -o "Drivers/STM32F4xx_HAL_Driver/Src/stm32f4xx_hal_rcc.o" "../Drivers/STM32F4xx_HAL_Driver/Src/stm32f4xx_hal_rcc.c"
Invoking: MCU GCC Compiler
Finished building: ../Drivers/STM32F4xx_HAL_Driver/Src/stm32f4xx_hal_pwr.c
F:\Engineering\EngProjects\ARM\STMWorkBench\Udemy_Course2\My_WorkSpace\MasteringMCU_WS\UART2_Example\Debug
Finished building: ../Drivers/STM32F4xx_HAL_Driver/Src/stm32f4xx_hal_hcd.c
arm-none-eabi-gcc -mcpu=cortex-m4 -mthumb -mfloat-abi=hard -mfpu=fpv4-sp-d16 -DUSE_HAL_DRIVER -DSTM32F407xx -I"F:/Engineering/EngProjects/ARM/STMWorkBench/Udemy_Course2/My_WorkSpace/MasteringMCU_WS/UART2_Example/Core/Inc" -I"F:/Engineering/EngProjects/ARM/STMWorkBench/Udemy_Course2/My_WorkSpace/MasteringMCU_WS/UART2_Example/USB_HOST/App" -I"F:/Engineering/EngProjects/ARM/STMWorkBench/Udemy_Course2/My_WorkSpace/MasteringMCU_WS/UART2_Example/USB_HOST/Target" -I"F:/Engineering/EngProjects/ARM/STMWorkBench/Udemy_Course2/My_WorkSpace/MasteringMCU_WS/UART2_Example/Drivers/STM32F4xx_HAL_Driver/Inc" -I"F:/Engineering/EngProjects/ARM/STMWorkBench/Udemy_Course2/My_WorkSpace/MasteringMCU_WS/UART2_Example/Drivers/STM32F4xx_HAL_Driver/Inc/Legacy" -I"F:/Engineering/EngProjects/ARM/STMWorkBench/Udemy_Course2/My_WorkSpace/MasteringMCU_WS/UART2_Example/Middlewares/ST/STM32_USB_Host_Library/Core/Inc" -I"F:/Engineering/EngProjects/ARM/STMWorkBench/Udemy_Course2/My_WorkSpace/MasteringMCU_WS/UART2_Example/Middlewares/ST/STM32_USB_Host_Library/Class/CDC/Inc" -I"F:/Engineering/EngProjects/ARM/STMWorkBench/Udemy_Course2/My_WorkSpace/MasteringMCU_WS/UART2_Example/Drivers/CMSIS/Device/ST/STM32F4xx/Include" -I"F:/Engineering/EngProjects/ARM/STMWorkBench/Udemy_Course2/My_WorkSpace/MasteringMCU_WS/UART2_Example/Drivers/CMSIS/Include"  -Og -g3 -Wall -fmessage-length=0 -ffunction-sections -c -fmessage-length=0 -MMD -MP -MF"Drivers/STM32F4xx_HAL_Driver/Src/stm32f4xx_hal_rcc_ex.d" -MT"Drivers/STM32F4xx_HAL_Driver/Src/stm32f4xx_hal_rcc_ex.o" -o "Drivers/STM32F4xx_HAL_Driver/Src/stm32f4xx_hal_rcc_ex.o" "../Drivers/STM32F4xx_HAL_Driver/Src/stm32f4xx_hal_rcc_ex.c"
 
 
Building file: ../Drivers/STM32F4xx_HAL_Driver/Src/stm32f4xx_hal_spi.c
Building file: ../Drivers/STM32F4xx_HAL_Driver/Src/stm32f4xx_hal_tim.c
Finished building: ../Drivers/STM32F4xx_HAL_Driver/Src/stm32f4xx_hal_i2s_ex.c
Invoking: MCU GCC Compiler
Finished building: ../Drivers/STM32F4xx_HAL_Driver/Src/stm32f4xx_hal_i2s.c
Invoking: MCU GCC Compiler
 
F:\Engineering\EngProjects\ARM\STMWorkBench\Udemy_Course2\My_WorkSpace\MasteringMCU_WS\UART2_Example\Debug
arm-none-eabi-gcc -mcpu=cortex-m4 -mthumb -mfloat-abi=hard -mfpu=fpv4-sp-d16 -DUSE_HAL_DRIVER -DSTM32F407xx -I"F:/Engineering/EngProjects/ARM/STMWorkBench/Udemy_Course2/My_WorkSpace/MasteringMCU_WS/UART2_Example/Core/Inc" -I"F:/Engineering/EngProjects/ARM/STMWorkBench/Udemy_Course2/My_WorkSpace/MasteringMCU_WS/UART2_Example/USB_HOST/App" -I"F:/Engineering/EngProjects/ARM/STMWorkBench/Udemy_Course2/My_WorkSpace/MasteringMCU_WS/UART2_Example/USB_HOST/Target" -I"F:/Engineering/EngProjects/ARM/STMWorkBench/Udemy_Course2/My_WorkSpace/MasteringMCU_WS/UART2_Example/Drivers/STM32F4xx_HAL_Driver/Inc" -I"F:/Engineering/EngProjects/ARM/STMWorkBench/Udemy_Course2/My_WorkSpace/MasteringMCU_WS/UART2_Example/Drivers/STM32F4xx_HAL_Driver/Inc/Legacy" -I"F:/Engineering/EngProjects/ARM/STMWorkBench/Udemy_Course2/My_WorkSpace/MasteringMCU_WS/UART2_Example/Middlewares/ST/STM32_USB_Host_Library/Core/Inc" -I"F:/Engineering/EngProjects/ARM/STMWorkBench/Udemy_Course2/My_WorkSpace/MasteringMCU_WS/UART2_Example/Middlewares/ST/STM32_USB_Host_Library/Class/CDC/Inc" -I"F:/Engineering/EngProjects/ARM/STMWorkBench/Udemy_Course2/My_WorkSpace/MasteringMCU_WS/UART2_Example/Drivers/CMSIS/Device/ST/STM32F4xx/Include" -I"F:/Engineering/EngProjects/ARM/STMWorkBench/Udemy_Course2/My_WorkSpace/MasteringMCU_WS/UART2_Example/Drivers/CMSIS/Include"  -Og -g3 -Wall -fmessage-length=0 -ffunction-sections -c -fmessage-length=0 -MMD -MP -MF"Drivers/STM32F4xx_HAL_Driver/Src/stm32f4xx_hal_spi.d" -MT"Drivers/STM32F4xx_HAL_Driver/Src/stm32f4xx_hal_spi.o" -o "Drivers/STM32F4xx_HAL_Driver/Src/stm32f4xx_hal_spi.o" "../Drivers/STM32F4xx_HAL_Driver/Src/stm32f4xx_hal_spi.c"
 
F:\Engineering\EngProjects\ARM\STMWorkBench\Udemy_Course2\My_WorkSpace\MasteringMCU_WS\UART2_Example\Debug
Building file: ../Drivers/STM32F4xx_HAL_Driver/Src/stm32f4xx_hal_tim_ex.c
arm-none-eabi-gcc -mcpu=cortex-m4 -mthumb -mfloat-abi=hard -mfpu=fpv4-sp-d16 -DUSE_HAL_DRIVER -DSTM32F407xx -I"F:/Engineering/EngProjects/ARM/STMWorkBench/Udemy_Course2/My_WorkSpace/MasteringMCU_WS/UART2_Example/Core/Inc" -I"F:/Engineering/EngProjects/ARM/STMWorkBench/Udemy_Course2/My_WorkSpace/MasteringMCU_WS/UART2_Example/USB_HOST/App" -I"F:/Engineering/EngProjects/ARM/STMWorkBench/Udemy_Course2/My_WorkSpace/MasteringMCU_WS/UART2_Example/USB_HOST/Target" -I"F:/Engineering/EngProjects/ARM/STMWorkBench/Udemy_Course2/My_WorkSpace/MasteringMCU_WS/UART2_Example/Drivers/STM32F4xx_HAL_Driver/Inc" -I"F:/Engineering/EngProjects/ARM/STMWorkBench/Udemy_Course2/My_WorkSpace/MasteringMCU_WS/UART2_Example/Drivers/STM32F4xx_HAL_Driver/Inc/Legacy" -I"F:/Engineering/EngProjects/ARM/STMWorkBench/Udemy_Course2/My_WorkSpace/MasteringMCU_WS/UART2_Example/Middlewares/ST/STM32_USB_Host_Library/Core/Inc" -I"F:/Engineering/EngProjects/ARM/STMWorkBench/Udemy_Course2/My_WorkSpace/MasteringMCU_WS/UART2_Example/Middlewares/ST/STM32_USB_Host_Library/Class/CDC/Inc" -I"F:/Engineering/EngProjects/ARM/STMWorkBench/Udemy_Course2/My_WorkSpace/MasteringMCU_WS/UART2_Example/Drivers/CMSIS/Device/ST/STM32F4xx/Include" -I"F:/Engineering/EngProjects/ARM/STMWorkBench/Udemy_Course2/My_WorkSpace/MasteringMCU_WS/UART2_Example/Drivers/CMSIS/Include"  -Og -g3 -Wall -fmessage-length=0 -ffunction-sections -c -fmessage-length=0 -MMD -MP -MF"Drivers/STM32F4xx_HAL_Driver/Src/stm32f4xx_hal_tim.d" -MT"Drivers/STM32F4xx_HAL_Driver/Src/stm32f4xx_hal_tim.o" -o "Drivers/STM32F4xx_HAL_Driver/Src/stm32f4xx_hal_tim.o" "../Drivers/STM32F4xx_HAL_Driver/Src/stm32f4xx_hal_tim.c"
Building file: ../Drivers/STM32F4xx_HAL_Driver/Src/stm32f4xx_ll_usb.c
Invoking: MCU GCC Compiler
Invoking: MCU GCC Compiler
F:\Engineering\EngProjects\ARM\STMWorkBench\Udemy_Course2\My_WorkSpace\MasteringMCU_WS\UART2_Example\Debug
F:\Engineering\EngProjects\ARM\STMWorkBench\Udemy_Course2\My_WorkSpace\MasteringMCU_WS\UART2_Example\Debug
arm-none-eabi-gcc -mcpu=cortex-m4 -mthumb -mfloat-abi=hard -mfpu=fpv4-sp-d16 -DUSE_HAL_DRIVER -DSTM32F407xx -I"F:/Engineering/EngProjects/ARM/STMWorkBench/Udemy_Course2/My_WorkSpace/MasteringMCU_WS/UART2_Example/Core/Inc" -I"F:/Engineering/EngProjects/ARM/STMWorkBench/Udemy_Course2/My_WorkSpace/MasteringMCU_WS/UART2_Example/USB_HOST/App" -I"F:/Engineering/EngProjects/ARM/STMWorkBench/Udemy_Course2/My_WorkSpace/MasteringMCU_WS/UART2_Example/USB_HOST/Target" -I"F:/Engineering/EngProjects/ARM/STMWorkBench/Udemy_Course2/My_WorkSpace/MasteringMCU_WS/UART2_Example/Drivers/STM32F4xx_HAL_Driver/Inc" -I"F:/Engineering/EngProjects/ARM/STMWorkBench/Udemy_Course2/My_WorkSpace/MasteringMCU_WS/UART2_Example/Drivers/STM32F4xx_HAL_Driver/Inc/Legacy" -I"F:/Engineering/EngProjects/ARM/STMWorkBench/Udemy_Course2/My_WorkSpace/MasteringMCU_WS/UART2_Example/Middlewares/ST/STM32_USB_Host_Library/Core/Inc" -I"F:/Engineering/EngProjects/ARM/STMWorkBench/Udemy_Course2/My_WorkSpace/MasteringMCU_WS/UART2_Example/Middlewares/ST/STM32_USB_Host_Library/Class/CDC/Inc" -I"F:/Engineering/EngProjects/ARM/STMWorkBench/Udemy_Course2/My_WorkSpace/MasteringMCU_WS/UART2_Example/Drivers/CMSIS/Device/ST/STM32F4xx/Include" -I"F:/Engineering/EngProjects/ARM/STMWorkBench/Udemy_Course2/My_WorkSpace/MasteringMCU_WS/UART2_Example/Drivers/CMSIS/Include"  -Og -g3 -Wall -fmessage-length=0 -ffunction-sections -c -fmessage-length=0 -MMD -MP -MF"Drivers/STM32F4xx_HAL_Driver/Src/stm32f4xx_ll_usb.d" -MT"Drivers/STM32F4xx_HAL_Driver/Src/stm32f4xx_ll_usb.o" -o "Drivers/STM32F4xx_HAL_Driver/Src/stm32f4xx_ll_usb.o" "../Drivers/STM32F4xx_HAL_Driver/Src/stm32f4xx_ll_usb.c"
arm-none-eabi-gcc -mcpu=cortex-m4 -mthumb -mfloat-abi=hard -mfpu=fpv4-sp-d16 -DUSE_HAL_DRIVER -DSTM32F407xx -I"F:/Engineering/EngProjects/ARM/STMWorkBench/Udemy_Course2/My_WorkSpace/MasteringMCU_WS/UART2_Example/Core/Inc" -I"F:/Engineering/EngProjects/ARM/STMWorkBench/Udemy_Course2/My_WorkSpace/MasteringMCU_WS/UART2_Example/USB_HOST/App" -I"F:/Engineering/EngProjects/ARM/STMWorkBench/Udemy_Course2/My_WorkSpace/MasteringMCU_WS/UART2_Example/USB_HOST/Target" -I"F:/Engineering/EngProjects/ARM/STMWorkBench/Udemy_Course2/My_WorkSpace/MasteringMCU_WS/UART2_Example/Drivers/STM32F4xx_HAL_Driver/Inc" -I"F:/Engineering/EngProjects/ARM/STMWorkBench/Udemy_Course2/My_WorkSpace/MasteringMCU_WS/UART2_Example/Drivers/STM32F4xx_HAL_Driver/Inc/Legacy" -I"F:/Engineering/EngProjects/ARM/STMWorkBench/Udemy_Course2/My_WorkSpace/MasteringMCU_WS/UART2_Example/Middlewares/ST/STM32_USB_Host_Library/Core/Inc" -I"F:/Engineering/EngProjects/ARM/STMWorkBench/Udemy_Course2/My_WorkSpace/MasteringMCU_WS/UART2_Example/Middlewares/ST/STM32_USB_Host_Library/Class/CDC/Inc" -I"F:/Engineering/EngProjects/ARM/STMWorkBench/Udemy_Course2/My_WorkSpace/MasteringMCU_WS/UART2_Example/Drivers/CMSIS/Device/ST/STM32F4xx/Include" -I"F:/Engineering/EngProjects/ARM/STMWorkBench/Udemy_Course2/My_WorkSpace/MasteringMCU_WS/UART2_Example/Drivers/CMSIS/Include"  -Og -g3 -Wall -fmessage-length=0 -ffunction-sections -c -fmessage-length=0 -MMD -MP -MF"Drivers/STM32F4xx_HAL_Driver/Src/stm32f4xx_hal_tim_ex.d" -MT"Drivers/STM32F4xx_HAL_Driver/Src/stm32f4xx_hal_tim_ex.o" -o "Drivers/STM32F4xx_HAL_Driver/Src/stm32f4xx_hal_tim_ex.o" "../Drivers/STM32F4xx_HAL_Driver/Src/stm32f4xx_hal_tim_ex.c"
Finished building: ../Drivers/STM32F4xx_HAL_Driver/Src/stm32f4xx_hal_pwr_ex.c
 
Building file: ../Core/Src/gpio.c
Invoking: MCU GCC Compiler
F:\Engineering\EngProjects\ARM\STMWorkBench\Udemy_Course2\My_WorkSpace\MasteringMCU_WS\UART2_Example\Debug
arm-none-eabi-gcc -mcpu=cortex-m4 -mthumb -mfloat-abi=hard -mfpu=fpv4-sp-d16 -DUSE_HAL_DRIVER -DSTM32F407xx -I"F:/Engineering/EngProjects/ARM/STMWorkBench/Udemy_Course2/My_WorkSpace/MasteringMCU_WS/UART2_Example/Core/Inc" -I"F:/Engineering/EngProjects/ARM/STMWorkBench/Udemy_Course2/My_WorkSpace/MasteringMCU_WS/UART2_Example/USB_HOST/App" -I"F:/Engineering/EngProjects/ARM/STMWorkBench/Udemy_Course2/My_WorkSpace/MasteringMCU_WS/UART2_Example/USB_HOST/Target" -I"F:/Engineering/EngProjects/ARM/STMWorkBench/Udemy_Course2/My_WorkSpace/MasteringMCU_WS/UART2_Example/Drivers/STM32F4xx_HAL_Driver/Inc" -I"F:/Engineering/EngProjects/ARM/STMWorkBench/Udemy_Course2/My_WorkSpace/MasteringMCU_WS/UART2_Example/Drivers/STM32F4xx_HAL_Driver/Inc/Legacy" -I"F:/Engineering/EngProjects/ARM/STMWorkBench/Udemy_Course2/My_WorkSpace/MasteringMCU_WS/UART2_Example/Middlewares/ST/STM32_USB_Host_Library/Core/Inc" -I"F:/Engineering/EngProjects/ARM/STMWorkBench/Udemy_Course2/My_WorkSpace/MasteringMCU_WS/UART2_Example/Middlewares/ST/STM32_USB_Host_Library/Class/CDC/Inc" -I"F:/Engineering/EngProjects/ARM/STMWorkBench/Udemy_Course2/My_WorkSpace/MasteringMCU_WS/UART2_Example/Drivers/CMSIS/Device/ST/STM32F4xx/Include" -I"F:/Engineering/EngProjects/ARM/STMWorkBench/Udemy_Course2/My_WorkSpace/MasteringMCU_WS/UART2_Example/Drivers/CMSIS/Include"  -Og -g3 -Wall -fmessage-length=0 -ffunction-sections -c -fmessage-length=0 -MMD -MP -MF"Core/Src/gpio.d" -MT"Core/Src/gpio.o" -o "Core/Src/gpio.o" "../Core/Src/gpio.c"
Finished building: ../Drivers/STM32F4xx_HAL_Driver/Src/stm32f4xx_hal_i2c.c
 
Building file: ../Core/Src/i2c.c
Invoking: MCU GCC Compiler
Finished building: ../Drivers/STM32F4xx_HAL_Driver/Src/stm32f4xx_hal_rcc_ex.c
Finished building: ../Drivers/STM32F4xx_HAL_Driver/Src/stm32f4xx_hal_rcc.c
F:\Engineering\EngProjects\ARM\STMWorkBench\Udemy_Course2\My_WorkSpace\MasteringMCU_WS\UART2_Example\Debug
 
arm-none-eabi-gcc -mcpu=cortex-m4 -mthumb -mfloat-abi=hard -mfpu=fpv4-sp-d16 -DUSE_HAL_DRIVER -DSTM32F407xx -I"F:/Engineering/EngProjects/ARM/STMWorkBench/Udemy_Course2/My_WorkSpace/MasteringMCU_WS/UART2_Example/Core/Inc" -I"F:/Engineering/EngProjects/ARM/STMWorkBench/Udemy_Course2/My_WorkSpace/MasteringMCU_WS/UART2_Example/USB_HOST/App" -I"F:/Engineering/EngProjects/ARM/STMWorkBench/Udemy_Course2/My_WorkSpace/MasteringMCU_WS/UART2_Example/USB_HOST/Target" -I"F:/Engineering/EngProjects/ARM/STMWorkBench/Udemy_Course2/My_WorkSpace/MasteringMCU_WS/UART2_Example/Drivers/STM32F4xx_HAL_Driver/Inc" -I"F:/Engineering/EngProjects/ARM/STMWorkBench/Udemy_Course2/My_WorkSpace/MasteringMCU_WS/UART2_Example/Drivers/STM32F4xx_HAL_Driver/Inc/Legacy" -I"F:/Engineering/EngProjects/ARM/STMWorkBench/Udemy_Course2/My_WorkSpace/MasteringMCU_WS/UART2_Example/Middlewares/ST/STM32_USB_Host_Library/Core/Inc" -I"F:/Engineering/EngProjects/ARM/STMWorkBench/Udemy_Course2/My_WorkSpace/MasteringMCU_WS/UART2_Example/Middlewares/ST/STM32_USB_Host_Library/Class/CDC/Inc" -I"F:/Engineering/EngProjects/ARM/STMWorkBench/Udemy_Course2/My_WorkSpace/MasteringMCU_WS/UART2_Example/Drivers/CMSIS/Device/ST/STM32F4xx/Include" -I"F:/Engineering/EngProjects/ARM/STMWorkBench/Udemy_Course2/My_WorkSpace/MasteringMCU_WS/UART2_Example/Drivers/CMSIS/Include"  -Og -g3 -Wall -fmessage-length=0 -ffunction-sections -c -fmessage-length=0 -MMD -MP -MF"Core/Src/i2c.d" -MT"Core/Src/i2c.o" -o "Core/Src/i2c.o" "../Core/Src/i2c.c"
 
Building file: ../Core/Src/i2s.c
Building file: ../Core/Src/main.c
Invoking: MCU GCC Compiler
Invoking: MCU GCC Compiler
F:\Engineering\EngProjects\ARM\STMWorkBench\Udemy_Course2\My_WorkSpace\MasteringMCU_WS\UART2_Example\Debug
arm-none-eabi-gcc -mcpu=cortex-m4 -mthumb -mfloat-abi=hard -mfpu=fpv4-sp-d16 -DUSE_HAL_DRIVER -DSTM32F407xx -I"F:/Engineering/EngProjects/ARM/STMWorkBench/Udemy_Course2/My_WorkSpace/MasteringMCU_WS/UART2_Example/Core/Inc" -I"F:/Engineering/EngProjects/ARM/STMWorkBench/Udemy_Course2/My_WorkSpace/MasteringMCU_WS/UART2_Example/USB_HOST/App" -I"F:/Engineering/EngProjects/ARM/STMWorkBench/Udemy_Course2/My_WorkSpace/MasteringMCU_WS/UART2_Example/USB_HOST/Target" -I"F:/Engineering/EngProjects/ARM/STMWorkBench/Udemy_Course2/My_WorkSpace/MasteringMCU_WS/UART2_Example/Drivers/STM32F4xx_HAL_Driver/Inc" -I"F:/Engineering/EngProjects/ARM/STMWorkBench/Udemy_Course2/My_WorkSpace/MasteringMCU_WS/UART2_Example/Drivers/STM32F4xx_HAL_Driver/Inc/Legacy" -I"F:/Engineering/EngProjects/ARM/STMWorkBench/Udemy_Course2/My_WorkSpace/MasteringMCU_WS/UART2_Example/Middlewares/ST/STM32_USB_Host_Library/Core/Inc" -I"F:/Engineering/EngProjects/ARM/STMWorkBench/Udemy_Course2/My_WorkSpace/MasteringMCU_WS/UART2_Example/Middlewares/ST/STM32_USB_Host_Library/Class/CDC/Inc" -I"F:/Engineering/EngProjects/ARM/STMWorkBench/Udemy_Course2/My_WorkSpace/MasteringMCU_WS/UART2_Example/Drivers/CMSIS/Device/ST/STM32F4xx/Include" -I"F:/Engineering/EngProjects/ARM/STMWorkBench/Udemy_Course2/My_WorkSpace/MasteringMCU_WS/UART2_Example/Drivers/CMSIS/Include"  -Og -g3 -Wall -fmessage-length=0 -ffunction-sections -c -fmessage-length=0 -MMD -MP -MF"Core/Src/i2s.d" -MT"Core/Src/i2s.o" -o "Core/Src/i2s.o" "../Core/Src/i2s.c"
F:\Engineering\EngProjects\ARM\STMWorkBench\Udemy_Course2\My_WorkSpace\MasteringMCU_WS\UART2_Example\Debug
arm-none-eabi-gcc -mcpu=cortex-m4 -mthumb -mfloat-abi=hard -mfpu=fpv4-sp-d16 -DUSE_HAL_DRIVER -DSTM32F407xx -I"F:/Engineering/EngProjects/ARM/STMWorkBench/Udemy_Course2/My_WorkSpace/MasteringMCU_WS/UART2_Example/Core/Inc" -I"F:/Engineering/EngProjects/ARM/STMWorkBench/Udemy_Course2/My_WorkSpace/MasteringMCU_WS/UART2_Example/USB_HOST/App" -I"F:/Engineering/EngProjects/ARM/STMWorkBench/Udemy_Course2/My_WorkSpace/MasteringMCU_WS/UART2_Example/USB_HOST/Target" -I"F:/Engineering/EngProjects/ARM/STMWorkBench/Udemy_Course2/My_WorkSpace/MasteringMCU_WS/UART2_Example/Drivers/STM32F4xx_HAL_Driver/Inc" -I"F:/Engineering/EngProjects/ARM/STMWorkBench/Udemy_Course2/My_WorkSpace/MasteringMCU_WS/UART2_Example/Drivers/STM32F4xx_HAL_Driver/Inc/Legacy" -I"F:/Engineering/EngProjects/ARM/STMWorkBench/Udemy_Course2/My_WorkSpace/MasteringMCU_WS/UART2_Example/Middlewares/ST/STM32_USB_Host_Library/Core/Inc" -I"F:/Engineering/EngProjects/ARM/STMWorkBench/Udemy_Course2/My_WorkSpace/MasteringMCU_WS/UART2_Example/Middlewares/ST/STM32_USB_Host_Library/Class/CDC/Inc" -I"F:/Engineering/EngProjects/ARM/STMWorkBench/Udemy_Course2/My_WorkSpace/MasteringMCU_WS/UART2_Example/Drivers/CMSIS/Device/ST/STM32F4xx/Include" -I"F:/Engineering/EngProjects/ARM/STMWorkBench/Udemy_Course2/My_WorkSpace/MasteringMCU_WS/UART2_Example/Drivers/CMSIS/Include"  -Og -g3 -Wall -fmessage-length=0 -ffunction-sections -c -fmessage-length=0 -MMD -MP -MF"Core/Src/main.d" -MT"Core/Src/main.o" -o "Core/Src/main.o" "../Core/Src/main.c"
Finished building: ../Drivers/STM32F4xx_HAL_Driver/Src/stm32f4xx_hal_tim.c
 
Finished building: ../Drivers/STM32F4xx_HAL_Driver/Src/stm32f4xx_hal_tim_ex.c
Building file: ../Core/Src/spi.c
 
Invoking: MCU GCC Compiler
Building file: ../Core/Src/stm32f4xx_hal_msp.c
F:\Engineering\EngProjects\ARM\STMWorkBench\Udemy_Course2\My_WorkSpace\MasteringMCU_WS\UART2_Example\Debug
arm-none-eabi-gcc -mcpu=cortex-m4 -mthumb -mfloat-abi=hard -mfpu=fpv4-sp-d16 -DUSE_HAL_DRIVER -DSTM32F407xx -I"F:/Engineering/EngProjects/ARM/STMWorkBench/Udemy_Course2/My_WorkSpace/MasteringMCU_WS/UART2_Example/Core/Inc" -I"F:/Engineering/EngProjects/ARM/STMWorkBench/Udemy_Course2/My_WorkSpace/MasteringMCU_WS/UART2_Example/USB_HOST/App" -I"F:/Engineering/EngProjects/ARM/STMWorkBench/Udemy_Course2/My_WorkSpace/MasteringMCU_WS/UART2_Example/USB_HOST/Target" -I"F:/Engineering/EngProjects/ARM/STMWorkBench/Udemy_Course2/My_WorkSpace/MasteringMCU_WS/UART2_Example/Drivers/STM32F4xx_HAL_Driver/Inc" -I"F:/Engineering/EngProjects/ARM/STMWorkBench/Udemy_Course2/My_WorkSpace/MasteringMCU_WS/UART2_Example/Drivers/STM32F4xx_HAL_Driver/Inc/Legacy" -I"F:/Engineering/EngProjects/ARM/STMWorkBench/Udemy_Course2/My_WorkSpace/MasteringMCU_WS/UART2_Example/Middlewares/ST/STM32_USB_Host_Library/Core/Inc" -I"F:/Engineering/EngProjects/ARM/STMWorkBench/Udemy_Course2/My_WorkSpace/MasteringMCU_WS/UART2_Example/Middlewares/ST/STM32_USB_Host_Library/Class/CDC/Inc" -I"F:/Engineering/EngProjects/ARM/STMWorkBench/Udemy_Course2/My_WorkSpace/MasteringMCU_WS/UART2_Example/Drivers/CMSIS/Device/ST/STM32F4xx/Include" -I"F:/Engineering/EngProjects/ARM/STMWorkBench/Udemy_Course2/My_WorkSpace/MasteringMCU_WS/UART2_Example/Drivers/CMSIS/Include"  -Og -g3 -Wall -fmessage-length=0 -ffunction-sections -c -fmessage-length=0 -MMD -MP -MF"Core/Src/spi.d" -MT"Core/Src/spi.o" -o "Core/Src/spi.o" "../Core/Src/spi.c"
Invoking: MCU GCC Compiler
F:\Engineering\EngProjects\ARM\STMWorkBench\Udemy_Course2\My_WorkSpace\MasteringMCU_WS\UART2_Example\Debug
arm-none-eabi-gcc -mcpu=cortex-m4 -mthumb -mfloat-abi=hard -mfpu=fpv4-sp-d16 -DUSE_HAL_DRIVER -DSTM32F407xx -I"F:/Engineering/EngProjects/ARM/STMWorkBench/Udemy_Course2/My_WorkSpace/MasteringMCU_WS/UART2_Example/Core/Inc" -I"F:/Engineering/EngProjects/ARM/STMWorkBench/Udemy_Course2/My_WorkSpace/MasteringMCU_WS/UART2_Example/USB_HOST/App" -I"F:/Engineering/EngProjects/ARM/STMWorkBench/Udemy_Course2/My_WorkSpace/MasteringMCU_WS/UART2_Example/USB_HOST/Target" -I"F:/Engineering/EngProjects/ARM/STMWorkBench/Udemy_Course2/My_WorkSpace/MasteringMCU_WS/UART2_Example/Drivers/STM32F4xx_HAL_Driver/Inc" -I"F:/Engineering/EngProjects/ARM/STMWorkBench/Udemy_Course2/My_WorkSpace/MasteringMCU_WS/UART2_Example/Drivers/STM32F4xx_HAL_Driver/Inc/Legacy" -I"F:/Engineering/EngProjects/ARM/STMWorkBench/Udemy_Course2/My_WorkSpace/MasteringMCU_WS/UART2_Example/Middlewares/ST/STM32_USB_Host_Library/Core/Inc" -I"F:/Engineering/EngProjects/ARM/STMWorkBench/Udemy_Course2/My_WorkSpace/MasteringMCU_WS/UART2_Example/Middlewares/ST/STM32_USB_Host_Library/Class/CDC/Inc" -I"F:/Engineering/EngProjects/ARM/STMWorkBench/Udemy_Course2/My_WorkSpace/MasteringMCU_WS/UART2_Example/Drivers/CMSIS/Device/ST/STM32F4xx/Include" -I"F:/Engineering/EngProjects/ARM/STMWorkBench/Udemy_Course2/My_WorkSpace/MasteringMCU_WS/UART2_Example/Drivers/CMSIS/Include"  -Og -g3 -Wall -fmessage-length=0 -ffunction-sections -c -fmessage-length=0 -MMD -MP -MF"Core/Src/stm32f4xx_hal_msp.d" -MT"Core/Src/stm32f4xx_hal_msp.o" -o "Core/Src/stm32f4xx_hal_msp.o" "../Core/Src/stm32f4xx_hal_msp.c"
Finished building: ../Drivers/STM32F4xx_HAL_Driver/Src/stm32f4xx_hal_spi.c
 
Finished building: ../Drivers/STM32F4xx_HAL_Driver/Src/stm32f4xx_ll_usb.c
Building file: ../Core/Src/stm32f4xx_it.c
 
Invoking: MCU GCC Compiler
Building file: ../Core/Src/syscalls.c
F:\Engineering\EngProjects\ARM\STMWorkBench\Udemy_Course2\My_WorkSpace\MasteringMCU_WS\UART2_Example\Debug
Finished building: ../Core/Src/gpio.c
arm-none-eabi-gcc -mcpu=cortex-m4 -mthumb -mfloat-abi=hard -mfpu=fpv4-sp-d16 -DUSE_HAL_DRIVER -DSTM32F407xx -I"F:/Engineering/EngProjects/ARM/STMWorkBench/Udemy_Course2/My_WorkSpace/MasteringMCU_WS/UART2_Example/Core/Inc" -I"F:/Engineering/EngProjects/ARM/STMWorkBench/Udemy_Course2/My_WorkSpace/MasteringMCU_WS/UART2_Example/USB_HOST/App" -I"F:/Engineering/EngProjects/ARM/STMWorkBench/Udemy_Course2/My_WorkSpace/MasteringMCU_WS/UART2_Example/USB_HOST/Target" -I"F:/Engineering/EngProjects/ARM/STMWorkBench/Udemy_Course2/My_WorkSpace/MasteringMCU_WS/UART2_Example/Drivers/STM32F4xx_HAL_Driver/Inc" -I"F:/Engineering/EngProjects/ARM/STMWorkBench/Udemy_Course2/My_WorkSpace/MasteringMCU_WS/UART2_Example/Drivers/STM32F4xx_HAL_Driver/Inc/Legacy" -I"F:/Engineering/EngProjects/ARM/STMWorkBench/Udemy_Course2/My_WorkSpace/MasteringMCU_WS/UART2_Example/Middlewares/ST/STM32_USB_Host_Library/Core/Inc" -I"F:/Engineering/EngProjects/ARM/STMWorkBench/Udemy_Course2/My_WorkSpace/MasteringMCU_WS/UART2_Example/Middlewares/ST/STM32_USB_Host_Library/Class/CDC/Inc" -I"F:/Engineering/EngProjects/ARM/STMWorkBench/Udemy_Course2/My_WorkSpace/MasteringMCU_WS/UART2_Example/Drivers/CMSIS/Device/ST/STM32F4xx/Include" -I"F:/Engineering/EngProjects/ARM/STMWorkBench/Udemy_Course2/My_WorkSpace/MasteringMCU_WS/UART2_Example/Drivers/CMSIS/Include"  -Og -g3 -Wall -fmessage-length=0 -ffunction-sections -c -fmessage-length=0 -MMD -MP -MF"Core/Src/stm32f4xx_it.d" -MT"Core/Src/stm32f4xx_it.o" -o "Core/Src/stm32f4xx_it.o" "../Core/Src/stm32f4xx_it.c"
Invoking: MCU GCC Compiler
 
F:\Engineering\EngProjects\ARM\STMWorkBench\Udemy_Course2\My_WorkSpace\MasteringMCU_WS\UART2_Example\Debug
arm-none-eabi-gcc -mcpu=cortex-m4 -mthumb -mfloat-abi=hard -mfpu=fpv4-sp-d16 -DUSE_HAL_DRIVER -DSTM32F407xx -I"F:/Engineering/EngProjects/ARM/STMWorkBench/Udemy_Course2/My_WorkSpace/MasteringMCU_WS/UART2_Example/Core/Inc" -I"F:/Engineering/EngProjects/ARM/STMWorkBench/Udemy_Course2/My_WorkSpace/MasteringMCU_WS/UART2_Example/USB_HOST/App" -I"F:/Engineering/EngProjects/ARM/STMWorkBench/Udemy_Course2/My_WorkSpace/MasteringMCU_WS/UART2_Example/USB_HOST/Target" -I"F:/Engineering/EngProjects/ARM/STMWorkBench/Udemy_Course2/My_WorkSpace/MasteringMCU_WS/UART2_Example/Drivers/STM32F4xx_HAL_Driver/Inc" -I"F:/Engineering/EngProjects/ARM/STMWorkBench/Udemy_Course2/My_WorkSpace/MasteringMCU_WS/UART2_Example/Drivers/STM32F4xx_HAL_Driver/Inc/Legacy" -I"F:/Engineering/EngProjects/ARM/STMWorkBench/Udemy_Course2/My_WorkSpace/MasteringMCU_WS/UART2_Example/Middlewares/ST/STM32_USB_Host_Library/Core/Inc" -I"F:/Engineering/EngProjects/ARM/STMWorkBench/Udemy_Course2/My_WorkSpace/MasteringMCU_WS/UART2_Example/Middlewares/ST/STM32_USB_Host_Library/Class/CDC/Inc" -I"F:/Engineering/EngProjects/ARM/STMWorkBench/Udemy_Course2/My_WorkSpace/MasteringMCU_WS/UART2_Example/Drivers/CMSIS/Device/ST/STM32F4xx/Include" -I"F:/Engineering/EngProjects/ARM/STMWorkBench/Udemy_Course2/My_WorkSpace/MasteringMCU_WS/UART2_Example/Drivers/CMSIS/Include"  -Og -g3 -Wall -fmessage-length=0 -ffunction-sections -c -fmessage-length=0 -MMD -MP -MF"Core/Src/syscalls.d" -MT"Core/Src/syscalls.o" -o "Core/Src/syscalls.o" "../Core/Src/syscalls.c"
Building file: ../Core/Src/system_stm32f4xx.c
Invoking: MCU GCC Compiler
F:\Engineering\EngProjects\ARM\STMWorkBench\Udemy_Course2\My_WorkSpace\MasteringMCU_WS\UART2_Example\Debug
arm-none-eabi-gcc -mcpu=cortex-m4 -mthumb -mfloat-abi=hard -mfpu=fpv4-sp-d16 -DUSE_HAL_DRIVER -DSTM32F407xx -I"F:/Engineering/EngProjects/ARM/STMWorkBench/Udemy_Course2/My_WorkSpace/MasteringMCU_WS/UART2_Example/Core/Inc" -I"F:/Engineering/EngProjects/ARM/STMWorkBench/Udemy_Course2/My_WorkSpace/MasteringMCU_WS/UART2_Example/USB_HOST/App" -I"F:/Engineering/EngProjects/ARM/STMWorkBench/Udemy_Course2/My_WorkSpace/MasteringMCU_WS/UART2_Example/USB_HOST/Target" -I"F:/Engineering/EngProjects/ARM/STMWorkBench/Udemy_Course2/My_WorkSpace/MasteringMCU_WS/UART2_Example/Drivers/STM32F4xx_HAL_Driver/Inc" -I"F:/Engineering/EngProjects/ARM/STMWorkBench/Udemy_Course2/My_WorkSpace/MasteringMCU_WS/UART2_Example/Drivers/STM32F4xx_HAL_Driver/Inc/Legacy" -I"F:/Engineering/EngProjects/ARM/STMWorkBench/Udemy_Course2/My_WorkSpace/MasteringMCU_WS/UART2_Example/Middlewares/ST/STM32_USB_Host_Library/Core/Inc" -I"F:/Engineering/EngProjects/ARM/STMWorkBench/Udemy_Course2/My_WorkSpace/MasteringMCU_WS/UART2_Example/Middlewares/ST/STM32_USB_Host_Library/Class/CDC/Inc" -I"F:/Engineering/EngProjects/ARM/STMWorkBench/Udemy_Course2/My_WorkSpace/MasteringMCU_WS/UART2_Example/Drivers/CMSIS/Device/ST/STM32F4xx/Include" -I"F:/Engineering/EngProjects/ARM/STMWorkBench/Udemy_Course2/My_WorkSpace/MasteringMCU_WS/UART2_Example/Drivers/CMSIS/Include"  -Og -g3 -Wall -fmessage-length=0 -ffunction-sections -c -fmessage-length=0 -MMD -MP -MF"Core/Src/system_stm32f4xx.d" -MT"Core/Src/system_stm32f4xx.o" -o "Core/Src/system_stm32f4xx.o" "../Core/Src/system_stm32f4xx.c"
Finished building: ../Core/Src/i2c.c
 
Finished building: ../Core/Src/i2s.c
Finished building: ../Core/Src/main.c
 
 
Finished building: ../Core/Src/syscalls.c
 
Finished building: ../Core/Src/spi.c
 
Finished building: ../Core/Src/stm32f4xx_hal_msp.c
 
Finished building: ../Core/Src/stm32f4xx_it.c
 
Finished building: ../Core/Src/system_stm32f4xx.c
 
Building target: UART2_Example.elf
Invoking: MCU GCC Linker
arm-none-eabi-gcc -mcpu=cortex-m4 -mthumb -mfloat-abi=hard -mfpu=fpv4-sp-d16 -specs=nosys.specs -specs=nano.specs -T"../STM32F407VGTx_FLASH.ld" -Wl,-Map=output.map -Wl,--gc-sections -o "UART2_Example.elf" @"objects.list"   -lm
Finished building target: UART2_Example.elf
 
make --no-print-directory post-build
Generating hex and Printing size information:
arm-none-eabi-objcopy -O ihex "UART2_Example.elf" "UART2_Example.hex"
arm-none-eabi-size "UART2_Example.elf"
   text	   data	    bss	    dec	    hex	filename
  18612	    152	   3592	  22356	   5754	UART2_Example.elf
 
